******************************************************************************
            TI ARM Clang Linker PC v4.0.4                      
******************************************************************************
>> Linked Mon Jul  6 22:08:21 2026

OUTPUT FILE NAME:   <MSP_Car_1.out>
ENTRY POINT SYMBOL: "_c_int00_noargs"  address: 000073e1


MEMORY CONFIGURATION

         name            origin    length      used     unused   attr    fill
----------------------  --------  ---------  --------  --------  ----  --------
  FLASH                 00000000   00020000  00008340  00017cc0  R  X
  SRAM                  20200000   00008000  0000150c  00006af4  RW X
  BCR_CONFIG            41c00000   000000ff  00000000  000000ff  R   
  BSL_CONFIG            41c00100   00000080  00000000  00000080  R   


SEGMENT ALLOCATION MAP

run origin  load origin   length   init length attrs members
----------  ----------- ---------- ----------- ----- -------
00000000    00000000    00008340   00008340    r-x
  00000000    00000000    000000c0   000000c0    r-- .intvecs
  000000c0    000000c0    00007f70   00007f70    r-x .text
  00008030    00008030    000002b8   000002b8    r-- .rodata
  000082e8    000082e8    00000058   00000058    r-- .cinit
20200000    20200000    00001310   00000000    rw-
  20200000    20200000    0000122c   00000000    rw- .bss
  20201230    20201230    000000e0   00000000    rw- .data
20207e00    20207e00    00000200   00000000    rw-
  20207e00    20207e00    00000200   00000000    rw- .stack


SECTION ALLOCATION MAP

 output                                  attributes/
section   page    origin      length       input sections
--------  ----  ----------  ----------   ----------------
.intvecs   0    00000000    000000c0     
                  00000000    000000c0     startup_mspm0g350x_ticlang.o (.intvecs)

.text      0    000000c0    00007f70     
                  000000c0    00000644     libc.a : k_rem_pio2.c.obj (.text.__kernel_rem_pio2)
                  00000704    000004ec     Encoder.o (.text.Encoder_Callback)
                  00000bf0    00000414     FusionAhrs.o (.text.FusionAhrsUpdate)
                  00001004    000003f4     multi_button.o (.text.button_handler)
                  000013f8    000003d8     vl53l1_api_core.o (.text.VL53L1_init_and_start_range)
                  000017d0    00000318     ti_msp_dl_config.o (.text.SYSCFG_DL_GPIO_init)
                  00001ae8    00000228     Encoder.o (.text.Encoder_10ms_Callback)
                  00001d10    000001f0     IMU.o (.text.IMU_Callback)
                  00001f00    000001d4     libc.a : s_cosf.c.obj (.text.cosf)
                  000020d4    000001cc     IOI2C.o (.text.IICreadBytes)
                  000022a0    000001c8     libc.a : s_atanf.c.obj (.text.atanf)
                  00002468    000001c8            : s_sinf.c.obj (.text.sinf)
                  00002630    000001c4     FusionAhrs.o (.text.HalfMagnetic)
                  000027f4    00000192     libclang_rt.builtins.a : adddf3.S.obj (.text.adddf3_subdf3)
                  00002986    00000002                            : aeabi_div0.c.obj (.text.__aeabi_idiv0)
                  00002988    00000170     libc.a : e_sqrt.c.obj (.text.sqrt)
                  00002af8    00000162     vl53l1_register_funcs.o (.text.VL53L1_i2c_encode_static_config)
                  00002c5a    00000002     --HOLE-- [fill = 0]
                  00002c5c    00000160     libc.a : e_asinf.c.obj (.text.asinf)
                  00002dbc    0000014e     FusionAhrs.o (.text.FusionQuaternionProduct)
                  00002f0a    00000002     --HOLE-- [fill = 0]
                  00002f0c    00000144     PID.o (.text.PID_Compute)
                  00003050    00000144     libc.a : s_floor.c.obj (.text.floor)
                  00003194    00000132     FusionAhrs.o (.text.HalfGravity)
                  000032c6    00000002     --HOLE-- [fill = 0]
                  000032c8    00000130     IOI2C.o (.text.IICwriteBytes)
                  000033f8    0000011c     driverlib.a : dl_timer.o (.text.DL_Timer_initCaptureMode)
                  00003514    0000011c     ti_msp_dl_config.o (.text.SYSCFG_DL_initPower)
                  00003630    00000118     libc.a : e_atan2f.c.obj (.text.atan2f)
                  00003748    00000114     icm42688.o (.text.ICM42688_FIFO_Get_RealData)
                  0000385c    0000010e     vl53l1_core.o (.text.VL53L1_update_ll_driver_rd_state)
                  0000396a    0000010a     FusionAhrs.o (.text.FusionQuaternionVectorProduct)
                  00003a74    00000108     tb6612.o (.text.__SetMotor)
                  00003b7c    00000104     driverlib.a : dl_timer.o (.text.DL_Timer_initFourCCPWMMode)
                  00003c80    00000102     FusionBias.o (.text.FusionBiasUpdate)
                  00003d82    00000002     --HOLE-- [fill = 0]
                  00003d84    000000fc     driverlib.a : dl_timer.o (.text.DL_Timer_initTimerMode)
                  00003e80    000000fc     Interrupt.o (.text.GROUP1_IRQHandler)
                  00003f7c    000000fc     vl53l1_register_funcs.o (.text.VL53L1_i2c_encode_customer_nvm_managed)
                  00004078    000000f6     IMU.o (.text.FusionQuaternionToEuler)
                  0000416e    00000002     --HOLE-- [fill = 0]
                  00004170    000000f4     Drive.o (.text.Drive_Callback)
                  00004264    000000f0     IMU.o (.text.FusionMatrixMultiply)
                  00004354    000000f0     vl53l1_register_funcs.o (.text.VL53L1_i2c_encode_general_config)
                  00004444    000000ec     ti_msp_dl_config.o (.text.SYSCFG_DL_SYSCTL_SYSPLL_init)
                  00004530    000000ea     IMU.o (.text.FusionModelInertial)
                  0000461a    00000002     --HOLE-- [fill = 0]
                  0000461c    000000e4     libclang_rt.builtins.a : muldf3.S.obj (.text.__muldf3)
                  00004700    000000e2     vl53l1_register_funcs.o (.text.VL53L1_i2c_encode_dynamic_config)
                  000047e2    00000002     --HOLE-- [fill = 0]
                  000047e4    000000dc     driverlib.a : dl_sysctl_mspm0g1x0x_g3x0x.o (.text.DL_SYSCTL_configSYSPLL)
                  000048c0    000000dc     vl53l1_register_funcs.o (.text.VL53L1_i2c_encode_timing_config)
                  0000499c    000000d8     libc.a : s_scalbn.c.obj (.text.scalbn)
                  00004a74    000000d8     libclang_rt.builtins.a : addsf3.S.obj (.text)
                  00004b4c    000000d0     FusionAhrs.o (.text.FusionAhrsSetHeading)
                  00004c1c    000000cc     Grayscale_Signal.o (.text.Grayscale_Callback)
                  00004ce8    000000be     vl53l1_core.o (.text.VL53L1_update_ll_driver_cfg_state)
                  00004da6    00000002     --HOLE-- [fill = 0]
                  00004da8    000000b0     FusionAhrs.o (.text.FusionAhrsRestart)
                  00004e58    000000b0     icm42688.o (.text.ICM42688_UnBlocking_CallBack)
                  00004f08    000000b0     ti_msp_dl_config.o (.text.SYSCFG_DL_PWM_SERVO_init)
                  00004fb8    000000b0     Usart.o (.text.Write)
                  00005068    000000ac     Motor.o (.text.Motor_Callback)
                  00005114    000000ac     libc.a : s_cosf.c.obj (.text.__kernel_sindf)
                  000051c0    000000ac            : s_sinf.c.obj (.text.__kernel_sindf)
                  0000526c    0000009e     vl53l1_register_funcs.o (.text.VL53L1_i2c_encode_static_nvm_managed)
                  0000530a    00000002     --HOLE-- [fill = 0]
                  0000530c    0000009c     libc.a : s_cosf.c.obj (.text.__kernel_cosdf)
                  000053a8    0000009c            : s_sinf.c.obj (.text.__kernel_cosdf)
                  00005444    00000094     FusionAhrs.o (.text.FusionVectorCross)
                  000054d8    0000008c     spi.o (.text.SPI_CS)
                  00005564    0000008c     ti_msp_dl_config.o (.text.SYSCFG_DL_PWM_Motor_init)
                  000055f0    0000008c     libclang_rt.builtins.a : mulsf3.S.obj (.text.__mulsf3)
                  0000567c    00000084     ti_msp_dl_config.o (.text.SYSCFG_DL_init)
                  00005700    00000084     ti_msp_dl_config.o (.text.__NVIC_SetPriority)
                  00005784    00000082     FusionAhrs.o (.text.Feedback)
                  00005806    00000002     --HOLE-- [fill = 0]
                  00005808    00000082     libclang_rt.builtins.a : divsf3.S.obj (.text.__divsf3)
                  0000588a    00000002     --HOLE-- [fill = 0]
                  0000588c    00000080     Grayscale.o (.text.select_channel)
                  0000590c    0000007e     vl53l1x.o (.text.getDistance_Simply)
                  0000598a    00000002     --HOLE-- [fill = 0]
                  0000598c    0000007c     Bat.o (.text.Bat_Callback)
                  00005a08    0000007c     FusionAhrs.o (.text.FusionAhrsUpdateNoMagnetometer)
                  00005a84    0000007c     libc.a : copy_decompress_lzss.c.obj (.text:decompress:lzss)
                  00005b00    00000074     libclang_rt.builtins.a : comparedf2.c.obj (.text.__gedf2)
                  00005b74    0000000c     Bat.o (.text.Bat_Read)
                  00005b80    00000074     libclang_rt.builtins.a : truncdfsf2.S.obj (.text.__truncdfsf2)
                  00005bf4    00000074     my_vl53l1x.o (.text.my_vl53l1x_callback)
                  00005c68    00000070     ti_msp_dl_config.o (.text.SYSCFG_DL_BAT_ADC_init)
                  00005cd8    00000070     ti_msp_dl_config.o (.text.SYSCFG_DL_SYSCTL_init)
                  00005d48    0000006c     Delay.o (.text.Get_us)
                  00005db4    0000006c     spi.o (.text.SPI_TryLock)
                  00005e20    00000068     Motor.o (.text.Motor_SetSpeed)
                  00005e88    00000068     ti_msp_dl_config.o (.text.SYSCFG_DL_PWM_BUZZER_init)
                  00005ef0    00000068     libclang_rt.builtins.a : comparedf2.c.obj (.text.__ledf2)
                  00005f58    00000066     vl53l1_register_funcs.o (.text.VL53L1_i2c_encode_system_control)
                  00005fbe    00000002     --HOLE-- [fill = 0]
                  00005fc0    00000062     libclang_rt.builtins.a : aeabi_dcmp.S.obj (.text.__aeabi_dcmp)
                  00006022    00000002     --HOLE-- [fill = 0]
                  00006024    00000062                            : aeabi_fcmp.S.obj (.text.__aeabi_fcmp)
                  00006086    00000002     --HOLE-- [fill = 0]
                  00006088    00000060     Drive.o (.text.CalculateAngleError)
                  000060e8    0000005e     driverlib.a : dl_i2c.o (.text.DL_I2C_fillControllerTXFIFO)
                  00006146    0000005e     FusionAhrs.o (.text.FusionQuaternionAdd)
                  000061a4    0000005e     FusionAhrs.o (.text.FusionQuaternionHadamard)
                  00006202    0000005a     vl53l1_core.o (.text.VL53L1_i2c_encode_int16_t)
                  0000625c    00000058     ti_msp_dl_config.o (.text.SYSCFG_DL_I2C_0_init)
                  000062b4    00000056     vl53l1_core.o (.text.VL53L1_i2c_encode_uint16_t)
                  0000630a    00000002     --HOLE-- [fill = 0]
                  0000630c    00000056     libclang_rt.builtins.a : aeabi_idivmod.S.obj (.text.__aeabi_idivmod)
                  00006362    00000052     vl53l1_core.o (.text.VL53L1_i2c_encode_uint32_t)
                  000063b4    00000050     ti_msp_dl_config.o (.text.DL_GPIO_initPeripheralInputFunctionFeatures)
                  00006404    00000050     IOI2C.o (.text.DL_I2C_startControllerTransfer)
                  00006454    00000050     FusionAhrs.o (.text.FusionVectorIsZero)
                  000064a4    00000050     ti_msp_dl_config.o (.text.SysTick_Config)
                  000064f4    0000004c     ti_msp_dl_config.o (.text.DL_GPIO_initDigitalInputFeatures)
                  00006540    0000004c     ti_msp_dl_config.o (.text.DL_UART_setBaudRateDivisor)
                  0000658c    0000004c     IMU.o (.text.FusionArcSin)
                  000065d8    0000004c     FusionAhrs.o (.text.FusionFastInverseSqrt)
                  00006624    0000004a     ti_msp_dl_config.o (.text.DL_ADC12_configConversionMem)
                  0000666e    0000004a     vl53l1_platform.o (.text.VL53L1_ReadMulti)
                  000066b8    0000004a     vl53l1_platform.o (.text.VL53L1_WriteMulti)
                  00006702    00000002     --HOLE-- [fill = 0]
                  00006704    0000004a     libclang_rt.builtins.a : fixdfsi.S.obj (.text.__fixdfsi)
                  0000674e    00000002     --HOLE-- [fill = 0]
                  00006750    00000048     driverlib.a : dl_uart.o (.text.DL_UART_init)
                  00006798    00000048     ti_msp_dl_config.o (.text.SYSCFG_DL_UART_init)
                  000067e0    00000046     FusionAhrs.o (.text.FusionQuaternionScale)
                  00006826    00000046     FusionAhrs.o (.text.FusionVectorAdd)
                  0000686c    00000046     FusionBias.o (.text.FusionVectorAdd)
                  000068b2    00000046     FusionAhrs.o (.text.FusionVectorHadamard)
                  000068f8    00000046     IMU.o (.text.FusionVectorHadamard)
                  0000693e    00000046     FusionBias.o (.text.FusionVectorSubtract)
                  00006984    00000046     IMU.o (.text.FusionVectorSubtract)
                  000069ca    00000002     --HOLE-- [fill = 0]
                  000069cc    00000044     driverlib.a : dl_spi.o (.text.DL_SPI_init)
                  00006a10    00000044                 : dl_sysctl_mspm0g1x0x_g3x0x.o (.text.DL_SYSCTL_switchMCLKfromSYSOSCtoHSCLK)
                  00006a54    00000044     IMU.o (.text.IMU_GetYaw)
                  00006a98    00000040     driverlib.a : dl_adc12.o (.text.DL_ADC12_setClockConfig)
                  00006ad8    00000040     FusionAhrs.o (.text.FusionVectorDot)
                  00006b18    00000040     ti_msp_dl_config.o (.text.SYSCFG_DL_SPI_1_init)
                  00006b58    00000040     ti_msp_dl_config.o (.text.SYSCFG_DL_TIMER_2ms_init)
                  00006b98    00000040     ti_msp_dl_config.o (.text.SYSCFG_DL_UART_CAMERA_init)
                  00006bd8    00000040     ti_msp_dl_config.o (.text.SYSCFG_DL_UART_Gimbal_init)
                  00006c18    00000040     ti_msp_dl_config.o (.text.SYSCFG_DL_UART_WIRELESS_init)
                  00006c58    00000040     libclang_rt.builtins.a : aeabi_uidivmod.S.obj (.text.__aeabi_uidivmod)
                  00006c98    00000040                            : extendsfdf2.S.obj (.text.__extendsfdf2)
                  00006cd8    0000003c     ti_msp_dl_config.o (.text.DL_Timer_setCounterControl)
                  00006d14    0000003c     libclang_rt.builtins.a : floatsisf.S.obj (.text.__floatsisf)
                  00006d50    0000003c                            : comparesf2.S.obj (.text.__gtsf2)
                  00006d8c    0000003c     libc.a : autoinit.c.obj (.text:__TI_auto_init_nobinit_nopinit)
                  00006dc8    0000003a     Grayscale.o (.text.Grayscale_Sensor_Read_Single)
                  00006e02    0000003a     vl53l1_core.o (.text.VL53L1_i2c_decode_uint16_t)
                  00006e3c    0000003a     libclang_rt.builtins.a : comparesf2.S.obj (.text.__eqsf2)
                  00006e76    00000002     --HOLE-- [fill = 0]
                  00006e78    0000003a                            : muldsi3.S.obj (.text.__muldsi3)
                  00006eb2    00000038     FusionAhrs.o (.text.FusionQuaternionNormalise)
                  00006eea    00000002     --HOLE-- [fill = 0]
                  00006eec    00000038     libclang_rt.builtins.a : fixsfsi.S.obj (.text.__fixsfsi)
                  00006f24    00000036     FusionAhrs.o (.text.FusionVectorScale)
                  00006f5a    00000036     FusionBias.o (.text.FusionVectorScale)
                  00006f90    00000036     libclang_rt.builtins.a : floatundisf.S.obj (.text.__floatundisf)
                  00006fc6    00000034     FusionAhrs.o (.text.Clamp)
                  00006ffa    00000034     FusionAhrs.o (.text.FusionQuaternionNormSquared)
                  0000702e    00000002     --HOLE-- [fill = 0]
                  00007030    00000034     spi.o (.text.SPI_Unlock)
                  00007064    00000034     ti_msp_dl_config.o (.text.SYSCFG_DL_TIMER_10ms_init)
                  00007098    00000032     libclang_rt.builtins.a : fixunssfsi.S.obj (.text.__fixunssfsi)
                  000070ca    00000002     --HOLE-- [fill = 0]
                  000070cc    00000030     ADC.o (.text.DL_ADC12_getMemResult)
                  000070fc    00000030     ti_msp_dl_config.o (.text.DL_GPIO_initDigitalOutputFeatures)
                  0000712c    00000030     ti_msp_dl_config.o (.text.DL_SPI_setFIFOThreshold)
                  0000715c    00000030     Usart.o (.text.UART0_IRQHandler)
                  0000718c    00000030     multi_button.o (.text.button_ticks)
                  000071bc    00000030     icm42688.o (.text.icm_spi_transfer_byte)
                  000071ec    0000002e     FusionAhrs.o (.text.FusionVectorNormalise)
                  0000721a    00000002     --HOLE-- [fill = 0]
                  0000721c    0000002c     ti_msp_dl_config.o (.text.SYSCFG_DL_CAPTURE_0_init)
                  00007248    0000002c     libclang_rt.builtins.a : floatsidf.S.obj (.text.__floatsidf)
                  00007274    0000002a     FusionAhrs.o (.text.FusionVectorNormSquared)
                  0000729e    00000002     --HOLE-- [fill = 0]
                  000072a0    00000028     ti_msp_dl_config.o (.text.DL_ADC12_configHwAverage)
                  000072c8    00000028     IOI2C.o (.text.DL_Common_updateReg)
                  000072f0    00000028     ti_msp_dl_config.o (.text.DL_Common_updateReg)
                  00007318    00000028     ti_msp_dl_config.o (.text.DL_I2C_setControllerRXFIFOThreshold)
                  00007340    00000028     ti_msp_dl_config.o (.text.DL_I2C_setControllerTXFIFOThreshold)
                  00007368    00000028     Delay.o (.text.Delay_us)
                  00007390    00000028     tb6612.o (.text.TB6612_SetRightMotor)
                  000073b8    00000028     libclang_rt.builtins.a : floatunsisf.S.obj (.text.__floatunsisf)
                  000073e0    00000028     libc.a : boot_cortex_m.c.obj (.text:_c_int00_noargs)
                  00007408    00000026     ti_msp_dl_config.o (.text.DL_I2C_setAnalogGlitchFilterPulseWidth)
                  0000742e    00000026     driverlib.a : dl_i2c.o (.text.DL_I2C_setClockConfig)
                  00007454    00000024     ti_msp_dl_config.o (.text.DL_SPI_setBitRateSerialClockDivider)
                  00007478    00000024     FusionAhrs.o (.text.FusionQuaternionSum)
                  0000749c    00000024     tb6612.o (.text.TB6612_SetLeftMotor)
                  000074c0    00000024     libclang_rt.builtins.a : floatunsidf.S.obj (.text.__floatunsidf)
                  000074e4    00000024                            : muldi3.S.obj (.text.__muldi3)
                  00007508    00000020     ti_msp_dl_config.o (.text.DL_GPIO_initPeripheralInputFunction)
                  00007528    00000020     ti_msp_dl_config.o (.text.DL_SYSCTL_setFlashWaitState)
                  00007548    00000020     FusionAhrs.o (.text.FusionAhrsGetQuaternion)
                  00007568    0000001e     ti_msp_dl_config.o (.text.DL_ADC12_setPowerDownMode)
                  00007586    0000001e     ti_msp_dl_config.o (.text.DL_UART_setOversampling)
                  000075a4    0000001c     ti_msp_dl_config.o (.text.DL_ADC12_clearInterruptStatus)
                  000075c0    0000001c     ti_msp_dl_config.o (.text.DL_ADC12_enableInterrupt)
                  000075dc    0000001c     Bat.o (.text.DL_ADC12_startConversion)
                  000075f8    0000001c     Interrupt.o (.text.DL_GPIO_clearInterruptStatus)
                  00007614    0000001c     ti_msp_dl_config.o (.text.DL_GPIO_clearInterruptStatus)
                  00007630    0000001c     ti_msp_dl_config.o (.text.DL_GPIO_enableHiZ)
                  0000764c    0000001c     ti_msp_dl_config.o (.text.DL_GPIO_enableInterrupt)
                  00007668    0000001c     ti_msp_dl_config.o (.text.DL_GPIO_initPeripheralOutputFunction)
                  00007684    0000001c     ti_msp_dl_config.o (.text.DL_GPIO_setLowerPinsInputFilter)
                  000076a0    0000001c     ti_msp_dl_config.o (.text.DL_GPIO_setLowerPinsPolarity)
                  000076bc    0000001c     ti_msp_dl_config.o (.text.DL_GPIO_setUpperPinsInputFilter)
                  000076d8    0000001c     IOI2C.o (.text.DL_I2C_isControllerRXFIFOEmpty)
                  000076f4    0000001c     driverlib.a : dl_sysctl_mspm0g1x0x_g3x0x.o (.text.DL_SYSCTL_configFCC)
                  00007710    0000001c     ti_msp_dl_config.o (.text.DL_SYSCTL_setFCCPeriods)
                  0000772c    0000001c     ti_msp_dl_config.o (.text.DL_SYSCTL_setSYSOSCFreq)
                  00007748    0000001c     ti_msp_dl_config.o (.text.DL_SYSCTL_setULPCLKDivider)
                  00007764    0000001c     ti_msp_dl_config.o (.text.DL_Timer_enableInterrupt)
                  00007780    0000001c     driverlib.a : dl_timer.o (.text.DL_Timer_setCaptCompUpdateMethod)
                  0000779c    0000001c                 : dl_timer.o (.text.DL_Timer_setClockConfig)
                  000077b8    0000001c     ti_msp_dl_config.o (.text.DL_UART_enableInterrupt)
                  000077d4    0000001c     FusionAhrs.o (.text.FusionVectorSum)
                  000077f0    0000001c     Usart.o (.text.GetLength)
                  0000780c    0000001c     Interrupt.o (.text.TIMG0_IRQHandler)
                  00007828    0000001a     Interrupt.o (.text.ADC0_IRQHandler)
                  00007842    00000002     --HOLE-- [fill = 0]
                  00007844    00000018     ADC.o (.text.ADC_Callback)
                  0000785c    00000018     ti_msp_dl_config.o (.text.DL_ADC12_enablePower)
                  00007874    00000018     ti_msp_dl_config.o (.text.DL_ADC12_reset)
                  0000788c    00000018     ti_msp_dl_config.o (.text.DL_ADC12_setSampleTime0)
                  000078a4    00000018     ti_msp_dl_config.o (.text.DL_GPIO_enableOutput)
                  000078bc    00000018     ti_msp_dl_config.o (.text.DL_GPIO_enablePower)
                  000078d4    00000018     Interrupt.o (.text.DL_GPIO_getEnabledInterruptStatus)
                  000078ec    00000018     ti_msp_dl_config.o (.text.DL_GPIO_initDigitalOutput)
                  00007904    00000018     ti_msp_dl_config.o (.text.DL_GPIO_reset)
                  0000791c    00000018     Grayscale.o (.text.DL_GPIO_setPins)
                  00007934    00000018     spi.o (.text.DL_GPIO_setPins)
                  0000794c    00000018     tb6612.o (.text.DL_GPIO_setPins)
                  00007964    00000018     ti_msp_dl_config.o (.text.DL_GPIO_setPins)
                  0000797c    00000018     ti_msp_dl_config.o (.text.DL_GPIO_setUpperPinsPolarity)
                  00007994    00000018     IOI2C.o (.text.DL_I2C_clearInterruptStatus)
                  000079ac    00000018     ti_msp_dl_config.o (.text.DL_I2C_enableAnalogGlitchFilter)
                  000079c4    00000018     ti_msp_dl_config.o (.text.DL_I2C_enableController)
                  000079dc    00000018     ti_msp_dl_config.o (.text.DL_I2C_enableControllerClockStretching)
                  000079f4    00000018     ti_msp_dl_config.o (.text.DL_I2C_enablePower)
                  00007a0c    00000018     IOI2C.o (.text.DL_I2C_getRawInterruptStatus)
                  00007a24    00000018     ti_msp_dl_config.o (.text.DL_I2C_reset)
                  00007a3c    00000018     ti_msp_dl_config.o (.text.DL_I2C_setTimerPeriod)
                  00007a54    00000018     ti_msp_dl_config.o (.text.DL_SPI_enable)
                  00007a6c    00000018     ti_msp_dl_config.o (.text.DL_SPI_enablePower)
                  00007a84    00000018     icm42688.o (.text.DL_SPI_isBusy)
                  00007a9c    00000018     ti_msp_dl_config.o (.text.DL_SPI_reset)
                  00007ab4    00000018     ti_msp_dl_config.o (.text.DL_SYSCTL_setBORThreshold)
                  00007acc    00000018     ti_msp_dl_config.o (.text.DL_Timer_enablePower)
                  00007ae4    00000018     ti_msp_dl_config.o (.text.DL_Timer_reset)
                  00007afc    00000018     driverlib.a : dl_timer.o (.text.DL_Timer_setCaptureCompareOutCtl)
                  00007b14    00000018     ti_msp_dl_config.o (.text.DL_UART_enablePower)
                  00007b2c    00000018     ti_msp_dl_config.o (.text.DL_UART_reset)
                  00007b44    00000018     FusionAhrs.o (.text.FusionDegreesToRadians)
                  00007b5c    00000018     IMU.o (.text.FusionRadiansToDegrees)
                  00007b74    00000018     Grayscale.o (.text.Read_OUT_value)
                  00007b8c    00000016     Bat.o (.text.DL_ADC12_enableConversions)
                  00007ba2    00000016     ti_msp_dl_config.o (.text.DL_ADC12_enableConversions)
                  00007bb8    00000016     Encoder.o (.text.DL_GPIO_readPins)
                  00007bce    00000016     Grayscale.o (.text.DL_GPIO_readPins)
                  00007be4    00000016     icm42688.o (.text.DL_GPIO_readPins)
                  00007bfa    00000016     tb6612.o (.text.DL_GPIO_readPins)
                  00007c10    00000016     icm42688.o (.text.DL_SPI_transmitData8)
                  00007c26    00000016     ti_msp_dl_config.o (.text.DL_UART_enable)
                  00007c3c    00000016     libc.a : k_rem_pio2.c.obj (.text.OUTLINED_FUNCTION_0)
                  00007c52    00000002     --HOLE-- [fill = 0]
                  00007c54    00000010     libclang_rt.builtins.a : adddf3.S.obj (.tramp.__aeabi_dadd.1)
                  00007c64    00000014     ADC.o (.text.ADC_Read)
                  00007c78    00000014     Grayscale.o (.text.DL_GPIO_clearPins)
                  00007c8c    00000014     spi.o (.text.DL_GPIO_clearPins)
                  00007ca0    00000014     tb6612.o (.text.DL_GPIO_clearPins)
                  00007cb4    00000014     ti_msp_dl_config.o (.text.DL_GPIO_clearPins)
                  00007cc8    00000014     IOI2C.o (.text.DL_I2C_getControllerStatus)
                  00007cdc    00000014     IOI2C.o (.text.DL_I2C_receiveControllerData)
                  00007cf0    00000014     ti_msp_dl_config.o (.text.DL_I2C_resetControllerTransfer)
                  00007d04    00000014     icm42688.o (.text.DL_SPI_receiveData8)
                  00007d18    00000014     ti_msp_dl_config.o (.text.DL_SYSCTL_disableSYSPLL)
                  00007d2c    00000014     ti_msp_dl_config.o (.text.DL_SYSCTL_enableSYSPLL)
                  00007d40    00000014     ti_msp_dl_config.o (.text.DL_Timer_enableClock)
                  00007d54    00000014     ti_msp_dl_config.o (.text.DL_Timer_setCCPDirection)
                  00007d68    00000014     Usart.o (.text.DL_UART_receiveData)
                  00007d7c    00000014     Encoder.o (.text.Encoder_Speed_Get_LEFT)
                  00007d90    00000014     Encoder.o (.text.Encoder_Speed_Get_RIGHT)
                  00007da4    00000012     Interrupt.o (.text.DL_ADC12_getPendingInterrupt)
                  00007db6    00000012     driverlib.a : dl_spi.o (.text.DL_SPI_setClockConfig)
                  00007dc8    00000012     Usart.o (.text.DL_UART_getPendingInterrupt)
                  00007dda    00000012     driverlib.a : dl_uart.o (.text.DL_UART_setClockConfig)
                  00007dec    00000012     multi_button.o (.text.button_read_level)
                  00007dfe    00000012     libc.a : memcpy16.S.obj (.text:TI_memcpy_small)
                  00007e10    00000012            : copy_decompress_none.c.obj (.text:decompress:none)
                  00007e22    00000002     --HOLE-- [fill = 0]
                  00007e24    00000010     ti_msp_dl_config.o (.text.DL_SYSCTL_disableHFXT)
                  00007e34    00000010     ti_msp_dl_config.o (.text.DL_SYSCTL_isFCCDone)
                  00007e44    00000010     ti_msp_dl_config.o (.text.DL_SYSCTL_startFCC)
                  00007e54    00000010     driverlib.a : dl_timer.o (.text.DL_Timer_setCaptureCompareValue)
                  00007e64    00000010     libc.a : k_rem_pio2.c.obj (.text.OUTLINED_FUNCTION_2)
                  00007e74    00000010     PID.o (.text.PID_SetGoal)
                  00007e84    00000010     ti_msp_dl_config.o (.text.SYSCFG_DL_SYSTICK_init)
                  00007e94    00000010     Delay.o (.text.SysTick_Handler)
                  00007ea4    00000010     Grayscale.o (.text.delay_us)
                  00007eb4    00000010     main.o (.text.main)
                  00007ec4    00000010     libc.a : copy_zero_init.c.obj (.text:decompress:ZI)
                  00007ed4    0000000e            : memset16.S.obj (.text:TI_memset_small)
                  00007ee2    00000002     --HOLE-- [fill = 0]
                  00007ee4    0000000c     ti_msp_dl_config.o (.text.DL_SYSCTL_getClockStatus)
                  00007ef0    0000000c     ti_msp_dl_config.o (.text.DL_SYSCTL_readFCC)
                  00007efc    0000000c     Usart.o (.text.GetRemain)
                  00007f08    0000000c     Delay.o (.text.Get_ms)
                  00007f14    0000000c     libclang_rt.builtins.a : aeabi_memset.S.obj (.text.__aeabi_memclr)
                  00007f20    0000000c     icm42688.o (.text.icm_cs_high)
                  00007f2c    0000000c     icm42688.o (.text.icm_cs_low)
                  00007f38    0000000a     driverlib.a : dl_common.o (.text.DL_Common_delayCycles)
                  00007f42    0000000a     libc.a : k_rem_pio2.c.obj (.text.OUTLINED_FUNCTION_1)
                  00007f4c    0000000a            : s_cosf.c.obj (.text.OUTLINED_FUNCTION_3)
                  00007f56    0000000a            : s_sinf.c.obj (.text.OUTLINED_FUNCTION_3)
                  00007f60    00000008     Interrupt.o (.text.TIMG7_IRQHandler)
                  00007f68    00000008     libc.a : aeabi_portable.c.obj (.text.__aeabi_errno_addr)
                  00007f70    00000008     libclang_rt.builtins.a : aeabi_memcpy.S.obj (.text.__aeabi_memcpy)
                  00007f78    00000006     libc.a : e_asinf.c.obj (.text.OUTLINED_FUNCTION_0)
                  00007f7e    00000002     --HOLE-- [fill = 0]
                  00007f80    00000010     libclang_rt.builtins.a : mulsf3.S.obj (.tramp.__aeabi_fmul.1)
                  00007f90    00000006     libc.a : s_atanf.c.obj (.text.OUTLINED_FUNCTION_0)
                  00007f96    00000002     --HOLE-- [fill = 0]
                  00007f98    00000010     libclang_rt.builtins.a : divsf3.S.obj (.tramp.__aeabi_fdiv.1)
                  00007fa8    00000006     libc.a : s_cosf.c.obj (.text.OUTLINED_FUNCTION_0)
                  00007fae    00000002     --HOLE-- [fill = 0]
                  00007fb0    00000010     libclang_rt.builtins.a : muldf3.S.obj (.tramp.__aeabi_dmul.1)
                  00007fc0    00000006     libc.a : s_sinf.c.obj (.text.OUTLINED_FUNCTION_0)
                  00007fc6    00000006            : s_cosf.c.obj (.text.OUTLINED_FUNCTION_1)
                  00007fcc    00000006            : s_sinf.c.obj (.text.OUTLINED_FUNCTION_1)
                  00007fd2    00000006            : exit.c.obj (.text:abort)
                  00007fd8    00000004     startup_mspm0g350x_ticlang.o (.text.Default_Handler)
                  00007fdc    00000004     libsysbm.a : hostexit.c.obj (.text.HOSTexit)
                  00007fe0    00000004     libc.a : s_atanf.c.obj (.text.OUTLINED_FUNCTION_1)
                  00007fe4    00000010     libclang_rt.builtins.a : addsf3.S.obj (.tramp.__aeabi_fadd.1)
                  00007ff4    00000004     libc.a : s_cosf.c.obj (.text.OUTLINED_FUNCTION_2)
                  00007ff8    00000010     libclang_rt.builtins.a : extendsfdf2.S.obj (.tramp.__aeabi_f2d.1)
                  00008008    00000004     libc.a : s_sinf.c.obj (.text.OUTLINED_FUNCTION_2)
                  0000800c    00000004     startup_mspm0g350x_ticlang.o (.text.Reset_Handler)
                  00008010    00000010     libc.a : boot_cortex_m.c.obj (.tramp._c_int00_noargs.1)
                  00008020    00000004            : pre_init.c.obj (.text._system_pre_init)
                  00008024    0000000c     --HOLE-- [fill = 0]

.cinit     0    000082e8    00000058     
                  000082e8    0000002e     (.cinit..data.load) [load image, compression = lzss]
                  00008316    00000002     --HOLE-- [fill = 0]
                  00008318    0000000c     (__TI_handler_table)
                  00008324    00000008     (.cinit..bss.load) [load image, compression = zero_init]
                  0000832c    00000010     (__TI_cinit_table)
                  0000833c    00000004     --HOLE-- [fill = 0]

.rodata    0    00008030    000002b8     
                  00008030    00000108     libc.a : k_rem_pio2.c.obj (.rodata.ipio2)
                  00008138    00000040            : k_rem_pio2.c.obj (.rodata.PIo2)
                  00008178    00000028     ti_msp_dl_config.o (.rodata.gSYSPLLConfig)
                  000081a0    00000024     IMU.o (.rodata.accelerometerMisalignment)
                  000081c4    00000024     IMU.o (.rodata.gyroscopeMisalignment)
                  000081e8    00000020     libc.a : s_atanf.c.obj (.rodata.cst16)
                  00008208    00000014     ti_msp_dl_config.o (.rodata.gTIMER_10msTimerConfig)
                  0000821c    00000014     ti_msp_dl_config.o (.rodata.gTIMER_2msTimerConfig)
                  00008230    00000010     libc.a : k_rem_pio2.c.obj (.rodata.cst16)
                  00008240    00000010     ti_msp_dl_config.o (.rodata.gCAPTURE_0CaptureConfig)
                  00008250    0000000c     driverlib.a : dl_timer.o (.rodata..Lswitch.table.DL_Timer_initCompareMode)
                  0000825c    0000000c     IMU.o (.rodata.accelerometerSensitivity)
                  00008268    0000000c     IMU.o (.rodata.gyroscopeSensitivity)
                  00008274    0000000a     ti_msp_dl_config.o (.rodata.gSPI_1_config)
                  0000827e    0000000a     ti_msp_dl_config.o (.rodata.gUARTConfig)
                  00008288    0000000a     ti_msp_dl_config.o (.rodata.gUART_CAMERAConfig)
                  00008292    0000000a     ti_msp_dl_config.o (.rodata.gUART_GimbalConfig)
                  0000829c    0000000a     ti_msp_dl_config.o (.rodata.gUART_WIRELESSConfig)
                  000082a6    00000002     ti_msp_dl_config.o (.rodata.gI2C_0ClockConfig)
                  000082a8    00000008     ti_msp_dl_config.o (.rodata.gBAT_ADCClockConfig)
                  000082b0    00000008     ti_msp_dl_config.o (.rodata.gPWM_BUZZERConfig)
                  000082b8    00000008     ti_msp_dl_config.o (.rodata.gPWM_MotorConfig)
                  000082c0    00000008     ti_msp_dl_config.o (.rodata.gPWM_SERVOConfig)
                  000082c8    00000003     ti_msp_dl_config.o (.rodata.gCAPTURE_0ClockConfig)
                  000082cb    00000003     ti_msp_dl_config.o (.rodata.gPWM_BUZZERClockConfig)
                  000082ce    00000003     ti_msp_dl_config.o (.rodata.gPWM_MotorClockConfig)
                  000082d1    00000003     ti_msp_dl_config.o (.rodata.gPWM_SERVOClockConfig)
                  000082d4    00000003     ti_msp_dl_config.o (.rodata.gTIMER_10msClockConfig)
                  000082d7    00000003     ti_msp_dl_config.o (.rodata.gTIMER_2msClockConfig)
                  000082da    00000002     ti_msp_dl_config.o (.rodata.gSPI_1_clockConfig)
                  000082dc    00000002     ti_msp_dl_config.o (.rodata.gUARTClockConfig)
                  000082de    00000002     ti_msp_dl_config.o (.rodata.gUART_CAMERAClockConfig)
                  000082e0    00000002     ti_msp_dl_config.o (.rodata.gUART_GimbalClockConfig)
                  000082e2    00000002     ti_msp_dl_config.o (.rodata.gUART_WIRELESSClockConfig)
                  000082e4    00000004     --HOLE-- [fill = 0]

.init_array 
*          0    00000000    00000000     UNINITIALIZED

.binit     0    00000000    00000000     

.bss       0    20200000    0000122c     UNINITIALIZED
                  20200000    00000aec     (.common:VL53_)
                  20200aec    00000190     (.common:FIFO_Buffer)
                  20200c7c    00000100     (.common:Buffer)
                  20200d7c    000000bc     (.common:gPWM_BUZZERBackup)
                  20200e38    000000bc     (.common:gPWM_SERVOBackup)
                  20200ef4    000000a0     (.common:gPWM_MotorBackup)
                  20200f94    000000a0     (.common:gTIMER_2msBackup)
                  20201034    00000080     (.common:ahrs)
                  202010b4    00000002     (.common:ADC_RawValue)
                  202010b6    00000001     (.common:data)
                  202010b7    00000001     --HOLE--
                  202010b8    00000038     (.common:pid_angle_drive)
                  202010f0    00000038     (.common:pid_left)
                  20201128    00000038     (.common:pid_right)
                  20201160    00000038     (.common:pid_straight_drive)
                  20201198    00000030     (.common:gUART_GimbalBackup)
                  202011c8    00000028     (.common:gSPI_1Backup)
                  202011f0    00000024     (.common:bias)
                  20201214    0000000c     my_vl53l1x.o (.bss.filtered_distance_)
                  20201220    0000000c     (.common:distance_)

.data      0    20201230    000000e0     UNINITIALIZED
                  20201230    00000024     spi.o (.data.spi_devices)
                  20201254    0000000c     IMU.o (.data.accelerometerOffset)
                  20201260    0000000c     IMU.o (.data.gyroscopeOffset)
                  2020126c    00000004     Bat.o (.data.Battery_Voltage)
                  20201270    00000008     Encoder.o (.data.duration_time)
                  20201278    00000008     Encoder.o (.data.encoder_count_l)
                  20201280    00000008     Encoder.o (.data.encoder_count_l_10ms)
                  20201288    00000008     Encoder.o (.data.encoder_count_l_last)
                  20201290    00000008     Encoder.o (.data.encoder_count_r)
                  20201298    00000008     Encoder.o (.data.encoder_count_r_10ms)
                  202012a0    00000008     Encoder.o (.data.encoder_count_r_last)
                  202012a8    00000008     Encoder.o (.data.last_10ms_update)
                  202012b0    00000004     Motor.o (.data.Goal_Speed_Left)
                  202012b4    00000004     Motor.o (.data.Goal_Speed_Right)
                  202012b8    00000004     Drive.o (.data.Goal_Straight_Angle)
                  202012bc    00000004     Drive.o (.data.Goal_Turn_Angle)
                  202012c0    00000004     Delay.o (.data.US)
                  202012c4    00000004     libc.a : aeabi_portable.c.obj (.data.__aeabi_errno)
                  202012c8    00000004     icm42688.o (.data.accSensitivity)
                  202012cc    00000004     Encoder.o (.data.direction_l)
                  202012d0    00000004     Encoder.o (.data.direction_r)
                  202012d4    00000004     Encoder.o (.data.filtered_speed_l)
                  202012d8    00000004     Encoder.o (.data.filtered_speed_r)
                  202012dc    00000004     icm42688.o (.data.gyroSensitivity)
                  202012e0    00000004     multi_button.o (.data.head_handle)
                  202012e4    00000004     Encoder.o (.data.last_edge_l)
                  202012e8    00000004     Encoder.o (.data.last_edge_r)
                  202012ec    00000004     Delay.o (.data.now_tick)
                  202012f0    00000004     Encoder.o (.data.raw_speed_cap_l)
                  202012f4    00000004     Encoder.o (.data.raw_speed_cap_r)
                  202012f8    00000004     Drive.o (.data.speed)
                  202012fc    00000002     icm42688.o (.data.data_length)
                  202012fe    00000001     Grayscale_Signal.o (.data.Detected)
                  202012ff    00000001     icm42688.o (.data.ICM42688_is_initialized)
                  20201300    00000001     IMU.o (.data.IMU_initialized)
                  20201301    00000001     Usart.o (.data.ReadIndex)
                  20201302    00000001     Usart.o (.data.WriteIndex)
                  20201303    00000001     Drive.o (.data.angle_tick)
                  20201304    00000001     Drive.o (.data.cmd_angle_drive)
                  20201305    00000001     Bat.o (.data.cmd_bat)
                  20201306    00000001     Motor.o (.data.cmd_left_speed)
                  20201307    00000001     Motor.o (.data.cmd_right_speed)
                  20201308    00000001     Drive.o (.data.cmd_straight_drive)
                  20201309    00000001     Grayscale_Signal.o (.data.debounceCounter)
                  2020130a    00000001     Grayscale_Signal.o (.data.lastGrayState)
                  2020130b    00000001     Encoder.o (.data.new_edge_l)
                  2020130c    00000001     Encoder.o (.data.new_edge_r)
                  2020130d    00000001     spi.o (.data.spi_cs_locked)
                  2020130e    00000001     spi.o (.data.spi_cs_locked_channel)
                  2020130f    00000001     Drive.o (.data.straight_tick)

.stack     0    20207e00    00000200     UNINITIALIZED
                  20207e00    00000004     libc.a : boot_cortex_m.c.obj (.stack)
                  20207e04    000001fc     --HOLE--

__llvm_prf_cnts 
*          0    20200000    00000000     UNINITIALIZED

__llvm_prf_bits 
*          0    20200000    00000000     UNINITIALIZED

MODULE SUMMARY

       Module                         code    ro data   rw data
       ------                         ----    -------   -------
    .\
       ti_msp_dl_config.o             4892    208       784    
       startup_mspm0g350x_ticlang.o   8       192       0      
       main.o                         16      0         0      
    +--+------------------------------+-------+---------+---------+
       Total:                         4916    400       784    
                                                               
    .\APP\
       Drive.o                        340     0         128    
       Grayscale_Signal.o             204     0         3      
    +--+------------------------------+-------+---------+---------+
       Total:                         544     0         131    
                                                               
    .\HardWare\
       Encoder.o                      1874    0         98     
       multi_button.o                 1078    0         4      
       icm42688.o                     612     0         411    
       Usart.o                        302     0         259    
       tb6612.o                       406     0         0      
       Interrupt.o                    384     0         0      
       spi.o                          344     0         38     
       PID.o                          340     0         0      
       Grayscale.o                    292     0         0      
       Delay.o                        176     0         8      
       ADC.o                          92      0         2      
    +--+------------------------------+-------+---------+---------+
       Total:                         5900    0         820    
                                                               
    .\HardWare\vl53l1x\core\
       vl53l1_register_funcs.o        1552    0         0      
       vl53l1_api_core.o              984     0         0      
       vl53l1_core.o                  776     0         0      
    +--+------------------------------+-------+---------+---------+
       Total:                         3312    0         0      
                                                               
    .\HardWare\vl53l1x\platform\
       IOI2C.o                        1000    0         0      
       vl53l1_platform.o              148     0         0      
       vl53l1x.o                      126     0         0      
    +--+------------------------------+-------+---------+---------+
       Total:                         1274    0         0      
                                                               
    .\Middle\
       my_vl53l1x.o                   116     0         2820   
       IMU.o                          1524    96        189    
       Motor.o                        276     0         122    
       Bat.o                          186     0         5      
    +--+------------------------------+-------+---------+---------+
       Total:                         2102    96        3136   
                                                               
    .\Middle\Fusion\
       FusionAhrs.o                   4228    0         0      
       FusionBias.o                   452     0         0      
    +--+------------------------------+-------+---------+---------+
       Total:                         4680    0         0      
                                                               
    C:/TI/mspm0_sdk_2_10_00_04/source/ti/driverlib/lib/ticlang/m0p/mspm0g1x0x_g3x0x/driverlib.a
       dl_timer.o                     892     12        0      
       dl_sysctl_mspm0g1x0x_g3x0x.o   316     0         0      
       dl_i2c.o                       132     0         0      
       dl_uart.o                      90      0         0      
       dl_spi.o                       86      0         0      
       dl_adc12.o                     64      0         0      
       dl_common.o                    10      0         0      
    +--+------------------------------+-------+---------+---------+
       Total:                         1590    12        0      
                                                               
    D:\TI\ccs2041\ccs\tools\compiler\ti-cgt-armllvm_4.0.4.LTS\lib\armv6m-ti-none-eabi/c/libc.a
       k_rem_pio2.c.obj               1652    344       0      
       s_cosf.c.obj                   822     0         0      
       s_sinf.c.obj                   810     0         0      
       s_atanf.c.obj                  466     32        0      
       e_sqrt.c.obj                   368     0         0      
       e_asinf.c.obj                  358     0         0      
       s_floor.c.obj                  324     0         0      
       e_atan2f.c.obj                 280     0         0      
       s_scalbn.c.obj                 216     0         0      
       copy_decompress_lzss.c.obj     124     0         0      
       autoinit.c.obj                 60      0         0      
       boot_cortex_m.c.obj            56      0         0      
       copy_decompress_none.c.obj     18      0         0      
       memcpy16.S.obj                 18      0         0      
       copy_zero_init.c.obj           16      0         0      
       memset16.S.obj                 14      0         0      
       aeabi_portable.c.obj           8       0         4      
       exit.c.obj                     6       0         0      
       pre_init.c.obj                 4       0         0      
    +--+------------------------------+-------+---------+---------+
       Total:                         5620    376       4      
                                                               
    D:\TI\ccs2041\ccs\tools\compiler\ti-cgt-armllvm_4.0.4.LTS\lib\armv6m-ti-none-eabi/c/libsysbm.a
       hostexit.c.obj                 4       0         0      
    +--+------------------------------+-------+---------+---------+
       Total:                         4       0         0      
                                                               
    D:\TI\ccs2041\ccs\tools\compiler\ti-cgt-armllvm_4.0.4.LTS\lib\armv6m-ti-none-eabi/libclang_rt.builtins.a
       adddf3.S.obj                   418     0         0      
       muldf3.S.obj                   244     0         0      
       addsf3.S.obj                   232     0         0      
       comparedf2.c.obj               220     0         0      
       mulsf3.S.obj                   156     0         0      
       divsf3.S.obj                   146     0         0      
       comparesf2.S.obj               118     0         0      
       truncdfsf2.S.obj               116     0         0      
       aeabi_dcmp.S.obj               98      0         0      
       aeabi_fcmp.S.obj               98      0         0      
       aeabi_idivmod.S.obj            86      0         0      
       extendsfdf2.S.obj              80      0         0      
       fixdfsi.S.obj                  74      0         0      
       aeabi_uidivmod.S.obj           64      0         0      
       floatsisf.S.obj                60      0         0      
       muldsi3.S.obj                  58      0         0      
       fixsfsi.S.obj                  56      0         0      
       floatundisf.S.obj              54      0         0      
       fixunssfsi.S.obj               50      0         0      
       floatsidf.S.obj                44      0         0      
       floatunsisf.S.obj              40      0         0      
       floatunsidf.S.obj              36      0         0      
       muldi3.S.obj                   36      0         0      
       aeabi_memset.S.obj             12      0         0      
       aeabi_memcpy.S.obj             8       0         0      
       aeabi_div0.c.obj               2       0         0      
    +--+------------------------------+-------+---------+---------+
       Total:                         2606    0         0      
                                                               
       Stack:                         0       0         512    
       Linker Generated:              0       82        0      
    +--+------------------------------+-------+---------+---------+
       Grand Total:                   32548   966       5387   


LINKER GENERATED COPY TABLES

__TI_cinit_table @ 0000832c records: 2, size/record: 8, table size: 16
	.data: load addr=000082e8, load size=0000002e bytes, run addr=20201230, run size=000000e0 bytes, compression=lzss
	.bss: load addr=00008324, load size=00000008 bytes, run addr=20200000, run size=0000122c bytes, compression=zero_init


LINKER GENERATED HANDLER TABLE

__TI_handler_table @ 00008318 records: 3, size/record: 4, table size: 12
	index: 0, handler: __TI_decompress_lzss
	index: 1, handler: __TI_decompress_none
	index: 2, handler: __TI_zero_init


FAR CALL TRAMPOLINES

callee name               trampoline name
   callee addr  tramp addr   call addr  call info
--------------  -----------  ---------  ----------------
__aeabi_dadd              $Tramp$TT$L$PI$$__aeabi_dadd
   000027ff     00007c54     00007c50   libc.a : k_rem_pio2.c.obj (.text.OUTLINED_FUNCTION_0)
                             00007f4a          : k_rem_pio2.c.obj (.text.OUTLINED_FUNCTION_1)
                             00007f54          : s_cosf.c.obj (.text.OUTLINED_FUNCTION_3)
                             00007f5e          : s_sinf.c.obj (.text.OUTLINED_FUNCTION_3)
__aeabi_fmul              $Tramp$TT$L$PI$$__aeabi_fmul
   000055f1     00007f80     00007f7c   libc.a : e_asinf.c.obj (.text.OUTLINED_FUNCTION_0)
__aeabi_fdiv              $Tramp$TT$L$PI$$__aeabi_fdiv
   00005809     00007f98     00007f94   libc.a : s_atanf.c.obj (.text.OUTLINED_FUNCTION_0)
__aeabi_dmul              $Tramp$TT$L$PI$$__aeabi_dmul
   0000461d     00007fb0     00007fac   libc.a : s_cosf.c.obj (.text.OUTLINED_FUNCTION_0)
                             00007fc4          : s_sinf.c.obj (.text.OUTLINED_FUNCTION_0)
                             00007fca          : s_cosf.c.obj (.text.OUTLINED_FUNCTION_1)
                             00007fd0          : s_sinf.c.obj (.text.OUTLINED_FUNCTION_1)
__aeabi_fadd              $Tramp$TT$L$PI$$__aeabi_fadd
   00004a7f     00007fe4     00007fe2   libc.a : s_atanf.c.obj (.text.OUTLINED_FUNCTION_1)
__aeabi_f2d               $Tramp$TT$L$PI$$__aeabi_f2d
   00006c99     00007ff8     00007ff6   libc.a : s_cosf.c.obj (.text.OUTLINED_FUNCTION_2)
                             0000800a          : s_sinf.c.obj (.text.OUTLINED_FUNCTION_2)
_c_int00_noargs           $Tramp$TT$L$PI$$_c_int00_noargs
   000073e1     00008010     0000800c   startup_mspm0g350x_ticlang.o (.text.Reset_Handler)

[7 trampolines]
[14 trampoline calls]


GLOBAL SYMBOLS: SORTED ALPHABETICALLY BY Name 

address   name                                  
-------   ----                                  
00007829  ADC0_IRQHandler                       
00007fd9  ADC1_IRQHandler                       
00007845  ADC_Callback                          
202010b4  ADC_RawValue                          
00007c65  ADC_Read                              
00007fd9  AES_IRQHandler                        
0000598d  Bat_Callback                          
00005b75  Bat_Read                              
2020126c  Battery_Voltage                       
20200c7c  Buffer                                
00007fdc  C$$EXIT                               
00007fd9  CANFD0_IRQHandler                     
00007fd9  DAC0_IRQHandler                       
00006a99  DL_ADC12_setClockConfig               
00007f39  DL_Common_delayCycles                 
000060e9  DL_I2C_fillControllerTXFIFO           
0000742f  DL_I2C_setClockConfig                 
000069cd  DL_SPI_init                           
00007db7  DL_SPI_setClockConfig                 
000076f5  DL_SYSCTL_configFCC                   
000047e5  DL_SYSCTL_configSYSPLL                
00006a11  DL_SYSCTL_switchMCLKfromSYSOSCtoHSCLK 
000033f9  DL_Timer_initCaptureMode              
00003b7d  DL_Timer_initFourCCPWMMode            
00003d85  DL_Timer_initTimerMode                
00007781  DL_Timer_setCaptCompUpdateMethod      
00007afd  DL_Timer_setCaptureCompareOutCtl      
00007e55  DL_Timer_setCaptureCompareValue       
0000779d  DL_Timer_setClockConfig               
00006751  DL_UART_init                          
00007ddb  DL_UART_setClockConfig                
00007fd9  DMA_IRQHandler                        
00007fd9  Default_Handler                       
00007369  Delay_us                              
00004171  Drive_Callback                        
00001ae9  Encoder_10ms_Callback                 
00000705  Encoder_Callback                      
00007d7d  Encoder_Speed_Get_LEFT                
00007d91  Encoder_Speed_Get_RIGHT               
20200aec  FIFO_Buffer                           
00007549  FusionAhrsGetQuaternion               
00004da9  FusionAhrsRestart                     
00004b4d  FusionAhrsSetHeading                  
00000bf1  FusionAhrsUpdate                      
00005a09  FusionAhrsUpdateNoMagnetometer        
00003c81  FusionBiasUpdate                      
00007fd9  GROUP0_IRQHandler                     
00003e81  GROUP1_IRQHandler                     
00007f09  Get_ms                                
00005d49  Get_us                                
202012b0  Goal_Speed_Left                       
202012b4  Goal_Speed_Right                      
202012b8  Goal_Straight_Angle                   
202012bc  Goal_Turn_Angle                       
00004c1d  Grayscale_Callback                    
00006dc9  Grayscale_Sensor_Read_Single          
00007fdd  HOSTexit                              
00007fd9  HardFault_Handler                     
00007fd9  I2C0_IRQHandler                       
00007fd9  I2C1_IRQHandler                       
00003749  ICM42688_FIFO_Get_RealData            
00004e59  ICM42688_UnBlocking_CallBack          
202012ff  ICM42688_is_initialized               
000020d5  IICreadBytes                          
000032c9  IICwriteBytes                         
00001d11  IMU_Callback                          
00006a55  IMU_GetYaw                            
20201300  IMU_initialized                       
00005069  Motor_Callback                        
00005e21  Motor_SetSpeed                        
00007fd9  NMI_Handler                           
00002f0d  PID_Compute                           
00007e75  PID_SetGoal                           
00007fd9  PendSV_Handler                        
00007fd9  RTC_IRQHandler                        
20201301  ReadIndex                             
0000800d  Reset_Handler                         
00007fd9  SPI0_IRQHandler                       
00007fd9  SPI1_IRQHandler                       
000054d9  SPI_CS                                
00005db5  SPI_TryLock                           
00007031  SPI_Unlock                            
00007fd9  SVC_Handler                           
00005c69  SYSCFG_DL_BAT_ADC_init                
0000721d  SYSCFG_DL_CAPTURE_0_init              
000017d1  SYSCFG_DL_GPIO_init                   
0000625d  SYSCFG_DL_I2C_0_init                  
00005e89  SYSCFG_DL_PWM_BUZZER_init             
00005565  SYSCFG_DL_PWM_Motor_init              
00004f09  SYSCFG_DL_PWM_SERVO_init              
00006b19  SYSCFG_DL_SPI_1_init                  
00004445  SYSCFG_DL_SYSCTL_SYSPLL_init          
00005cd9  SYSCFG_DL_SYSCTL_init                 
00007e85  SYSCFG_DL_SYSTICK_init                
00007065  SYSCFG_DL_TIMER_10ms_init             
00006b59  SYSCFG_DL_TIMER_2ms_init              
00006b99  SYSCFG_DL_UART_CAMERA_init            
00006bd9  SYSCFG_DL_UART_Gimbal_init            
00006c19  SYSCFG_DL_UART_WIRELESS_init          
00006799  SYSCFG_DL_UART_init                   
0000567d  SYSCFG_DL_init                        
00003515  SYSCFG_DL_initPower                   
00007e95  SysTick_Handler                       
0000749d  TB6612_SetLeftMotor                   
00007391  TB6612_SetRightMotor                  
00007fd9  TIMA0_IRQHandler                      
00007fd9  TIMA1_IRQHandler                      
0000780d  TIMG0_IRQHandler                      
00007fd9  TIMG12_IRQHandler                     
00007fd9  TIMG6_IRQHandler                      
00007f61  TIMG7_IRQHandler                      
00007fd9  TIMG8_IRQHandler                      
00007dff  TI_memcpy_small                       
00007ed5  TI_memset_small                       
0000715d  UART0_IRQHandler                      
00007fd9  UART1_IRQHandler                      
00007fd9  UART2_IRQHandler                      
00007fd9  UART3_IRQHandler                      
202012c0  US                                    
0000666f  VL53L1_ReadMulti                      
000066b9  VL53L1_WriteMulti                     
00006e03  VL53L1_i2c_decode_uint16_t            
00003f7d  VL53L1_i2c_encode_customer_nvm_managed
00004701  VL53L1_i2c_encode_dynamic_config      
00004355  VL53L1_i2c_encode_general_config      
00006203  VL53L1_i2c_encode_int16_t             
00002af9  VL53L1_i2c_encode_static_config       
0000526d  VL53L1_i2c_encode_static_nvm_managed  
00005f59  VL53L1_i2c_encode_system_control      
000048c1  VL53L1_i2c_encode_timing_config       
000062b5  VL53L1_i2c_encode_uint16_t            
00006363  VL53L1_i2c_encode_uint32_t            
000013f9  VL53L1_init_and_start_range           
00004ce9  VL53L1_update_ll_driver_cfg_state     
0000385d  VL53L1_update_ll_driver_rd_state      
20200000  VL53_                                 
20201302  WriteIndex                            
20208000  __STACK_END                           
00000200  __STACK_SIZE                          
00000000  __TI_ATRegion0_region_sz              
00000000  __TI_ATRegion0_src_addr               
00000000  __TI_ATRegion0_trg_addr               
00000000  __TI_ATRegion1_region_sz              
00000000  __TI_ATRegion1_src_addr               
00000000  __TI_ATRegion1_trg_addr               
00000000  __TI_ATRegion2_region_sz              
00000000  __TI_ATRegion2_src_addr               
00000000  __TI_ATRegion2_trg_addr               
0000832c  __TI_CINIT_Base                       
0000833c  __TI_CINIT_Limit                      
0000833c  __TI_CINIT_Warm                       
00008318  __TI_Handler_Table_Base               
00008324  __TI_Handler_Table_Limit              
00006d8d  __TI_auto_init_nobinit_nopinit        
00005a85  __TI_decompress_lzss                  
00007e11  __TI_decompress_none                  
ffffffff  __TI_pprof_out_hndl                   
ffffffff  __TI_prof_data_size                   
ffffffff  __TI_prof_data_start                  
00000000  __TI_static_base__                    
00007ec5  __TI_zero_init                        
000027ff  __adddf3                              
00004a7f  __addsf3                              
00005b81  __aeabi_d2f                           
00006705  __aeabi_d2iz                          
000027ff  __aeabi_dadd                          
00005fc1  __aeabi_dcmpeq                        
00005ffd  __aeabi_dcmpge                        
00006011  __aeabi_dcmpgt                        
00005fe9  __aeabi_dcmple                        
00005fd5  __aeabi_dcmplt                        
0000461d  __aeabi_dmul                          
000027f5  __aeabi_dsub                          
202012c4  __aeabi_errno                         
00007f69  __aeabi_errno_addr                    
00006c99  __aeabi_f2d                           
00006eed  __aeabi_f2iz                          
00007099  __aeabi_f2uiz                         
00004a7f  __aeabi_fadd                          
00006025  __aeabi_fcmpeq                        
00006061  __aeabi_fcmpge                        
00006075  __aeabi_fcmpgt                        
0000604d  __aeabi_fcmple                        
00006039  __aeabi_fcmplt                        
00005809  __aeabi_fdiv                          
000055f1  __aeabi_fmul                          
00004a75  __aeabi_fsub                          
00007249  __aeabi_i2d                           
00006d15  __aeabi_i2f                           
0000630d  __aeabi_idiv                          
00002987  __aeabi_idiv0                         
0000630d  __aeabi_idivmod                       
000074e5  __aeabi_lmul                          
00007f15  __aeabi_memclr                        
00007f15  __aeabi_memclr4                       
00007f15  __aeabi_memclr8                       
00007f71  __aeabi_memcpy                        
00007f71  __aeabi_memcpy4                       
00007f71  __aeabi_memcpy8                       
000074c1  __aeabi_ui2d                          
000073b9  __aeabi_ui2f                          
00006c59  __aeabi_uidiv                         
00006c59  __aeabi_uidivmod                      
00006f91  __aeabi_ul2f                          
ffffffff  __binit__                             
00005ef1  __cmpdf2                              
00006e3d  __cmpsf2                              
00005809  __divsf3                              
00005ef1  __eqdf2                               
00006e3d  __eqsf2                               
00006c99  __extendsfdf2                         
00006705  __fixdfsi                             
00006eed  __fixsfsi                             
00007099  __fixunssfsi                          
00007249  __floatsidf                           
00006d15  __floatsisf                           
00006f91  __floatundisf                         
000074c1  __floatunsidf                         
000073b9  __floatunsisf                         
00005b01  __gedf2                               
00006d51  __gesf2                               
00005b01  __gtdf2                               
00006d51  __gtsf2                               
000000c1  __kernel_rem_pio2                     
00005ef1  __ledf2                               
00006e3d  __lesf2                               
00005ef1  __ltdf2                               
00006e3d  __ltsf2                               
UNDEFED   __mpu_init                            
0000461d  __muldf3                              
000074e5  __muldi3                              
00006e79  __muldsi3                             
000055f1  __mulsf3                              
00005ef1  __nedf2                               
00006e3d  __nesf2                               
20207e00  __stack                               
20200000  __start___llvm_prf_bits               
20200000  __start___llvm_prf_cnts               
20200000  __stop___llvm_prf_bits                
20200000  __stop___llvm_prf_cnts                
000027f5  __subdf3                              
00004a75  __subsf3                              
00005b81  __truncdfsf2                          
000073e1  _c_int00_noargs                       
UNDEFED   _system_post_cinit                    
00008021  _system_pre_init                      
00007fd3  abort                                 
000081a0  accelerometerMisalignment             
20201254  accelerometerOffset                   
0000825c  accelerometerSensitivity              
20201034  ahrs                                  
20201303  angle_tick                            
00002c5d  asinf                                 
00003631  atan2f                                
000022a1  atanf                                 
202011f0  bias                                  
ffffffff  binit                                 
0000718d  button_ticks                          
20201304  cmd_angle_drive                       
20201305  cmd_bat                               
20201306  cmd_left_speed                        
20201307  cmd_right_speed                       
20201308  cmd_straight_drive                    
00001f01  cosf                                  
202010b6  data                                  
202012fc  data_length                           
20201220  distance_                             
20201278  encoder_count_l                       
20201280  encoder_count_l_10ms                  
20201288  encoder_count_l_last                  
20201290  encoder_count_r                       
20201298  encoder_count_r_10ms                  
202012a0  encoder_count_r_last                  
00003051  floor                                 
00003051  floorl                                
20200d7c  gPWM_BUZZERBackup                     
20200ef4  gPWM_MotorBackup                      
20200e38  gPWM_SERVOBackup                      
202011c8  gSPI_1Backup                          
20200f94  gTIMER_2msBackup                      
20201198  gUART_GimbalBackup                    
0000590d  getDistance_Simply                    
000081c4  gyroscopeMisalignment                 
20201260  gyroscopeOffset                       
00008268  gyroscopeSensitivity                  
00000000  interruptVectors                      
0000499d  ldexp                                 
0000499d  ldexpl                                
00007eb5  main                                  
00005bf5  my_vl53l1x_callback                   
202010b8  pid_angle_drive                       
202010f0  pid_left                              
20201128  pid_right                             
20201160  pid_straight_drive                    
0000499d  scalbn                                
0000499d  scalbnl                               
00002469  sinf                                  
202012f8  speed                                 
2020130d  spi_cs_locked                         
2020130e  spi_cs_locked_channel                 
00002989  sqrt                                  
00002989  sqrtl                                 
2020130f  straight_tick                         


GLOBAL SYMBOLS: SORTED BY Symbol Address 

address   name                                  
-------   ----                                  
00000000  __TI_ATRegion0_region_sz              
00000000  __TI_ATRegion0_src_addr               
00000000  __TI_ATRegion0_trg_addr               
00000000  __TI_ATRegion1_region_sz              
00000000  __TI_ATRegion1_src_addr               
00000000  __TI_ATRegion1_trg_addr               
00000000  __TI_ATRegion2_region_sz              
00000000  __TI_ATRegion2_src_addr               
00000000  __TI_ATRegion2_trg_addr               
00000000  __TI_static_base__                    
00000000  interruptVectors                      
000000c1  __kernel_rem_pio2                     
00000200  __STACK_SIZE                          
00000705  Encoder_Callback                      
00000bf1  FusionAhrsUpdate                      
000013f9  VL53L1_init_and_start_range           
000017d1  SYSCFG_DL_GPIO_init                   
00001ae9  Encoder_10ms_Callback                 
00001d11  IMU_Callback                          
00001f01  cosf                                  
000020d5  IICreadBytes                          
000022a1  atanf                                 
00002469  sinf                                  
000027f5  __aeabi_dsub                          
000027f5  __subdf3                              
000027ff  __adddf3                              
000027ff  __aeabi_dadd                          
00002987  __aeabi_idiv0                         
00002989  sqrt                                  
00002989  sqrtl                                 
00002af9  VL53L1_i2c_encode_static_config       
00002c5d  asinf                                 
00002f0d  PID_Compute                           
00003051  floor                                 
00003051  floorl                                
000032c9  IICwriteBytes                         
000033f9  DL_Timer_initCaptureMode              
00003515  SYSCFG_DL_initPower                   
00003631  atan2f                                
00003749  ICM42688_FIFO_Get_RealData            
0000385d  VL53L1_update_ll_driver_rd_state      
00003b7d  DL_Timer_initFourCCPWMMode            
00003c81  FusionBiasUpdate                      
00003d85  DL_Timer_initTimerMode                
00003e81  GROUP1_IRQHandler                     
00003f7d  VL53L1_i2c_encode_customer_nvm_managed
00004171  Drive_Callback                        
00004355  VL53L1_i2c_encode_general_config      
00004445  SYSCFG_DL_SYSCTL_SYSPLL_init          
0000461d  __aeabi_dmul                          
0000461d  __muldf3                              
00004701  VL53L1_i2c_encode_dynamic_config      
000047e5  DL_SYSCTL_configSYSPLL                
000048c1  VL53L1_i2c_encode_timing_config       
0000499d  ldexp                                 
0000499d  ldexpl                                
0000499d  scalbn                                
0000499d  scalbnl                               
00004a75  __aeabi_fsub                          
00004a75  __subsf3                              
00004a7f  __addsf3                              
00004a7f  __aeabi_fadd                          
00004b4d  FusionAhrsSetHeading                  
00004c1d  Grayscale_Callback                    
00004ce9  VL53L1_update_ll_driver_cfg_state     
00004da9  FusionAhrsRestart                     
00004e59  ICM42688_UnBlocking_CallBack          
00004f09  SYSCFG_DL_PWM_SERVO_init              
00005069  Motor_Callback                        
0000526d  VL53L1_i2c_encode_static_nvm_managed  
000054d9  SPI_CS                                
00005565  SYSCFG_DL_PWM_Motor_init              
000055f1  __aeabi_fmul                          
000055f1  __mulsf3                              
0000567d  SYSCFG_DL_init                        
00005809  __aeabi_fdiv                          
00005809  __divsf3                              
0000590d  getDistance_Simply                    
0000598d  Bat_Callback                          
00005a09  FusionAhrsUpdateNoMagnetometer        
00005a85  __TI_decompress_lzss                  
00005b01  __gedf2                               
00005b01  __gtdf2                               
00005b75  Bat_Read                              
00005b81  __aeabi_d2f                           
00005b81  __truncdfsf2                          
00005bf5  my_vl53l1x_callback                   
00005c69  SYSCFG_DL_BAT_ADC_init                
00005cd9  SYSCFG_DL_SYSCTL_init                 
00005d49  Get_us                                
00005db5  SPI_TryLock                           
00005e21  Motor_SetSpeed                        
00005e89  SYSCFG_DL_PWM_BUZZER_init             
00005ef1  __cmpdf2                              
00005ef1  __eqdf2                               
00005ef1  __ledf2                               
00005ef1  __ltdf2                               
00005ef1  __nedf2                               
00005f59  VL53L1_i2c_encode_system_control      
00005fc1  __aeabi_dcmpeq                        
00005fd5  __aeabi_dcmplt                        
00005fe9  __aeabi_dcmple                        
00005ffd  __aeabi_dcmpge                        
00006011  __aeabi_dcmpgt                        
00006025  __aeabi_fcmpeq                        
00006039  __aeabi_fcmplt                        
0000604d  __aeabi_fcmple                        
00006061  __aeabi_fcmpge                        
00006075  __aeabi_fcmpgt                        
000060e9  DL_I2C_fillControllerTXFIFO           
00006203  VL53L1_i2c_encode_int16_t             
0000625d  SYSCFG_DL_I2C_0_init                  
000062b5  VL53L1_i2c_encode_uint16_t            
0000630d  __aeabi_idiv                          
0000630d  __aeabi_idivmod                       
00006363  VL53L1_i2c_encode_uint32_t            
0000666f  VL53L1_ReadMulti                      
000066b9  VL53L1_WriteMulti                     
00006705  __aeabi_d2iz                          
00006705  __fixdfsi                             
00006751  DL_UART_init                          
00006799  SYSCFG_DL_UART_init                   
000069cd  DL_SPI_init                           
00006a11  DL_SYSCTL_switchMCLKfromSYSOSCtoHSCLK 
00006a55  IMU_GetYaw                            
00006a99  DL_ADC12_setClockConfig               
00006b19  SYSCFG_DL_SPI_1_init                  
00006b59  SYSCFG_DL_TIMER_2ms_init              
00006b99  SYSCFG_DL_UART_CAMERA_init            
00006bd9  SYSCFG_DL_UART_Gimbal_init            
00006c19  SYSCFG_DL_UART_WIRELESS_init          
00006c59  __aeabi_uidiv                         
00006c59  __aeabi_uidivmod                      
00006c99  __aeabi_f2d                           
00006c99  __extendsfdf2                         
00006d15  __aeabi_i2f                           
00006d15  __floatsisf                           
00006d51  __gesf2                               
00006d51  __gtsf2                               
00006d8d  __TI_auto_init_nobinit_nopinit        
00006dc9  Grayscale_Sensor_Read_Single          
00006e03  VL53L1_i2c_decode_uint16_t            
00006e3d  __cmpsf2                              
00006e3d  __eqsf2                               
00006e3d  __lesf2                               
00006e3d  __ltsf2                               
00006e3d  __nesf2                               
00006e79  __muldsi3                             
00006eed  __aeabi_f2iz                          
00006eed  __fixsfsi                             
00006f91  __aeabi_ul2f                          
00006f91  __floatundisf                         
00007031  SPI_Unlock                            
00007065  SYSCFG_DL_TIMER_10ms_init             
00007099  __aeabi_f2uiz                         
00007099  __fixunssfsi                          
0000715d  UART0_IRQHandler                      
0000718d  button_ticks                          
0000721d  SYSCFG_DL_CAPTURE_0_init              
00007249  __aeabi_i2d                           
00007249  __floatsidf                           
00007369  Delay_us                              
00007391  TB6612_SetRightMotor                  
000073b9  __aeabi_ui2f                          
000073b9  __floatunsisf                         
000073e1  _c_int00_noargs                       
0000742f  DL_I2C_setClockConfig                 
0000749d  TB6612_SetLeftMotor                   
000074c1  __aeabi_ui2d                          
000074c1  __floatunsidf                         
000074e5  __aeabi_lmul                          
000074e5  __muldi3                              
00007549  FusionAhrsGetQuaternion               
000076f5  DL_SYSCTL_configFCC                   
00007781  DL_Timer_setCaptCompUpdateMethod      
0000779d  DL_Timer_setClockConfig               
0000780d  TIMG0_IRQHandler                      
00007829  ADC0_IRQHandler                       
00007845  ADC_Callback                          
00007afd  DL_Timer_setCaptureCompareOutCtl      
00007c65  ADC_Read                              
00007d7d  Encoder_Speed_Get_LEFT                
00007d91  Encoder_Speed_Get_RIGHT               
00007db7  DL_SPI_setClockConfig                 
00007ddb  DL_UART_setClockConfig                
00007dff  TI_memcpy_small                       
00007e11  __TI_decompress_none                  
00007e55  DL_Timer_setCaptureCompareValue       
00007e75  PID_SetGoal                           
00007e85  SYSCFG_DL_SYSTICK_init                
00007e95  SysTick_Handler                       
00007eb5  main                                  
00007ec5  __TI_zero_init                        
00007ed5  TI_memset_small                       
00007f09  Get_ms                                
00007f15  __aeabi_memclr                        
00007f15  __aeabi_memclr4                       
00007f15  __aeabi_memclr8                       
00007f39  DL_Common_delayCycles                 
00007f61  TIMG7_IRQHandler                      
00007f69  __aeabi_errno_addr                    
00007f71  __aeabi_memcpy                        
00007f71  __aeabi_memcpy4                       
00007f71  __aeabi_memcpy8                       
00007fd3  abort                                 
00007fd9  ADC1_IRQHandler                       
00007fd9  AES_IRQHandler                        
00007fd9  CANFD0_IRQHandler                     
00007fd9  DAC0_IRQHandler                       
00007fd9  DMA_IRQHandler                        
00007fd9  Default_Handler                       
00007fd9  GROUP0_IRQHandler                     
00007fd9  HardFault_Handler                     
00007fd9  I2C0_IRQHandler                       
00007fd9  I2C1_IRQHandler                       
00007fd9  NMI_Handler                           
00007fd9  PendSV_Handler                        
00007fd9  RTC_IRQHandler                        
00007fd9  SPI0_IRQHandler                       
00007fd9  SPI1_IRQHandler                       
00007fd9  SVC_Handler                           
00007fd9  TIMA0_IRQHandler                      
00007fd9  TIMA1_IRQHandler                      
00007fd9  TIMG12_IRQHandler                     
00007fd9  TIMG6_IRQHandler                      
00007fd9  TIMG8_IRQHandler                      
00007fd9  UART1_IRQHandler                      
00007fd9  UART2_IRQHandler                      
00007fd9  UART3_IRQHandler                      
00007fdc  C$$EXIT                               
00007fdd  HOSTexit                              
0000800d  Reset_Handler                         
00008021  _system_pre_init                      
000081a0  accelerometerMisalignment             
000081c4  gyroscopeMisalignment                 
0000825c  accelerometerSensitivity              
00008268  gyroscopeSensitivity                  
00008318  __TI_Handler_Table_Base               
00008324  __TI_Handler_Table_Limit              
0000832c  __TI_CINIT_Base                       
0000833c  __TI_CINIT_Limit                      
0000833c  __TI_CINIT_Warm                       
20200000  VL53_                                 
20200000  __start___llvm_prf_bits               
20200000  __start___llvm_prf_cnts               
20200000  __stop___llvm_prf_bits                
20200000  __stop___llvm_prf_cnts                
20200aec  FIFO_Buffer                           
20200c7c  Buffer                                
20200d7c  gPWM_BUZZERBackup                     
20200e38  gPWM_SERVOBackup                      
20200ef4  gPWM_MotorBackup                      
20200f94  gTIMER_2msBackup                      
20201034  ahrs                                  
202010b4  ADC_RawValue                          
202010b6  data                                  
202010b8  pid_angle_drive                       
202010f0  pid_left                              
20201128  pid_right                             
20201160  pid_straight_drive                    
20201198  gUART_GimbalBackup                    
202011c8  gSPI_1Backup                          
202011f0  bias                                  
20201220  distance_                             
20201254  accelerometerOffset                   
20201260  gyroscopeOffset                       
2020126c  Battery_Voltage                       
20201278  encoder_count_l                       
20201280  encoder_count_l_10ms                  
20201288  encoder_count_l_last                  
20201290  encoder_count_r                       
20201298  encoder_count_r_10ms                  
202012a0  encoder_count_r_last                  
202012b0  Goal_Speed_Left                       
202012b4  Goal_Speed_Right                      
202012b8  Goal_Straight_Angle                   
202012bc  Goal_Turn_Angle                       
202012c0  US                                    
202012c4  __aeabi_errno                         
202012f8  speed                                 
202012fc  data_length                           
202012ff  ICM42688_is_initialized               
20201300  IMU_initialized                       
20201301  ReadIndex                             
20201302  WriteIndex                            
20201303  angle_tick                            
20201304  cmd_angle_drive                       
20201305  cmd_bat                               
20201306  cmd_left_speed                        
20201307  cmd_right_speed                       
20201308  cmd_straight_drive                    
2020130d  spi_cs_locked                         
2020130e  spi_cs_locked_channel                 
2020130f  straight_tick                         
20207e00  __stack                               
20208000  __STACK_END                           
ffffffff  __TI_pprof_out_hndl                   
ffffffff  __TI_prof_data_size                   
ffffffff  __TI_prof_data_start                  
ffffffff  __binit__                             
ffffffff  binit                                 
UNDEFED   __mpu_init                            
UNDEFED   _system_post_cinit                    

[303 symbols]
