<?xml version="1.0" encoding="ISO-8859-1" ?>
<link_info>
   <banner>TI ARM Clang Linker PC v4.0.4.LTS</banner>
   <copyright>Copyright (c) 1996-2018 Texas Instruments Incorporated</copyright>
   <command_line>D:\TI\ccs2041\ccs\tools\compiler\ti-cgt-armllvm_4.0.4.LTS\bin\tiarmlnk -ID:\TI\ccs2041\ccs\tools\compiler\ti-cgt-armllvm_4.0.4.LTS\lib -o MSP_Car_1.out -mMSP_Car_1.map -iC:/TI/mspm0_sdk_2_10_00_04/source -iC:/Users/Qh/Desktop/ccs2/MSP_Car_1 -iC:/Users/Qh/Desktop/ccs2/MSP_Car_1/Debug/syscfg -iD:/TI/ccs2041/ccs/tools/compiler/ti-cgt-armllvm_4.0.4.LTS/lib --diag_wrap=off --display_error_number --warn_sections --xml_link_info=MSP_Car_1_linkInfo.xml --rom_model ./ti_msp_dl_config.o ./startup_mspm0g350x_ticlang.o ./main.o ./APP/Drive.o ./APP/Grayscale_Signal.o ./APP/Laser_Distance.o ./APP/Maze.o ./HardWare/ADC.o ./HardWare/Delay.o ./HardWare/Encoder.o ./HardWare/Grayscale.o ./HardWare/Interrupt.o ./HardWare/OLED.o ./HardWare/PID.o ./HardWare/Usart.o ./HardWare/icm42688.o ./HardWare/multi_button.o ./HardWare/spi.o ./HardWare/tb6612.o ./HardWare/vl53l1x/core/vl53l1_api.o ./HardWare/vl53l1x/core/vl53l1_api_calibration.o ./HardWare/vl53l1x/core/vl53l1_api_core.o ./HardWare/vl53l1x/core/vl53l1_api_debug.o ./HardWare/vl53l1x/core/vl53l1_api_preset_modes.o ./HardWare/vl53l1x/core/vl53l1_api_strings.o ./HardWare/vl53l1x/core/vl53l1_core.o ./HardWare/vl53l1x/core/vl53l1_core_support.o ./HardWare/vl53l1x/core/vl53l1_error_strings.o ./HardWare/vl53l1x/core/vl53l1_register_funcs.o ./HardWare/vl53l1x/core/vl53l1_silicon_core.o ./HardWare/vl53l1x/core/vl53l1_wait.o ./HardWare/vl53l1x/platform/IOI2C.o ./HardWare/vl53l1x/platform/vl53l1_platform.o ./HardWare/vl53l1x/platform/vl53l1x.o ./Middle/Bat.o ./Middle/Buzzer.o ./Middle/Gimbal_Send.o ./Middle/IMU.o ./Middle/Key.o ./Middle/LED.o ./Middle/Motor.o ./Middle/Servo.o ./Middle/Uart_Data.o ./Middle/my_vl53l1x.o ./Middle/Fusion/FusionAhrs.o ./Middle/Fusion/FusionBias.o ./Middle/Fusion/FusionCompass.o ./Task/Menu.o ./Test/ADC_Test.o ./Test/Buzzer_Test.o ./Test/Drive_Test.o ./Test/Encoder_Test.o ./Test/Gimbal_Test.o ./Test/Grayscale_Test.o ./Test/ICM_Test.o ./Test/Key_Test.o ./Test/LED_Test.o ./Test/Maze_Test.o ./Test/Motor_Test.o ./Test/OLED_Test.o ./Test/Servo_Test.o ./Test/TB6612_Test.o ./Test/Uart_Test.o ./Test/vl53l1x_Test.o -l./device_linker.cmd -ldevice.cmd.genlibs -llibc.a --start-group -llibc++.a -llibc++abi.a -llibc.a -llibsys.a -llibsysbm.a -llibclang_rt.builtins.a -llibclang_rt.profile.a --end-group --cg_opt_level=0</command_line>
   <link_time>0x6a4de2b4</link_time>
   <link_errors>0x0</link_errors>
   <output_file>C:\Users\Qh\Desktop\ccs2\MSP_Car_1\Debug\MSP_Car_1.out</output_file>
   <entry_point>
      <name>_c_int00_noargs</name>
      <address>0x7721</address>
   </entry_point>
   <input_file_list>
      <input_file id="fl-1">
         <path>C:\Users\Qh\Desktop\ccs2\MSP_Car_1\Debug\.\</path>
         <kind>object</kind>
         <file>ti_msp_dl_config.o</file>
         <name>ti_msp_dl_config.o</name>
      </input_file>
      <input_file id="fl-2">
         <path>C:\Users\Qh\Desktop\ccs2\MSP_Car_1\Debug\.\</path>
         <kind>object</kind>
         <file>startup_mspm0g350x_ticlang.o</file>
         <name>startup_mspm0g350x_ticlang.o</name>
      </input_file>
      <input_file id="fl-3">
         <path>C:\Users\Qh\Desktop\ccs2\MSP_Car_1\Debug\.\</path>
         <kind>object</kind>
         <file>main.o</file>
         <name>main.o</name>
      </input_file>
      <input_file id="fl-4">
         <path>C:\Users\Qh\Desktop\ccs2\MSP_Car_1\Debug\.\APP\</path>
         <kind>object</kind>
         <file>Drive.o</file>
         <name>Drive.o</name>
      </input_file>
      <input_file id="fl-5">
         <path>C:\Users\Qh\Desktop\ccs2\MSP_Car_1\Debug\.\APP\</path>
         <kind>object</kind>
         <file>Grayscale_Signal.o</file>
         <name>Grayscale_Signal.o</name>
      </input_file>
      <input_file id="fl-6">
         <path>C:\Users\Qh\Desktop\ccs2\MSP_Car_1\Debug\.\APP\</path>
         <kind>object</kind>
         <file>Laser_Distance.o</file>
         <name>Laser_Distance.o</name>
      </input_file>
      <input_file id="fl-7">
         <path>C:\Users\Qh\Desktop\ccs2\MSP_Car_1\Debug\.\APP\</path>
         <kind>object</kind>
         <file>Maze.o</file>
         <name>Maze.o</name>
      </input_file>
      <input_file id="fl-8">
         <path>C:\Users\Qh\Desktop\ccs2\MSP_Car_1\Debug\.\HardWare\</path>
         <kind>object</kind>
         <file>ADC.o</file>
         <name>ADC.o</name>
      </input_file>
      <input_file id="fl-9">
         <path>C:\Users\Qh\Desktop\ccs2\MSP_Car_1\Debug\.\HardWare\</path>
         <kind>object</kind>
         <file>Delay.o</file>
         <name>Delay.o</name>
      </input_file>
      <input_file id="fl-a">
         <path>C:\Users\Qh\Desktop\ccs2\MSP_Car_1\Debug\.\HardWare\</path>
         <kind>object</kind>
         <file>Encoder.o</file>
         <name>Encoder.o</name>
      </input_file>
      <input_file id="fl-b">
         <path>C:\Users\Qh\Desktop\ccs2\MSP_Car_1\Debug\.\HardWare\</path>
         <kind>object</kind>
         <file>Grayscale.o</file>
         <name>Grayscale.o</name>
      </input_file>
      <input_file id="fl-c">
         <path>C:\Users\Qh\Desktop\ccs2\MSP_Car_1\Debug\.\HardWare\</path>
         <kind>object</kind>
         <file>Interrupt.o</file>
         <name>Interrupt.o</name>
      </input_file>
      <input_file id="fl-d">
         <path>C:\Users\Qh\Desktop\ccs2\MSP_Car_1\Debug\.\HardWare\</path>
         <kind>object</kind>
         <file>OLED.o</file>
         <name>OLED.o</name>
      </input_file>
      <input_file id="fl-e">
         <path>C:\Users\Qh\Desktop\ccs2\MSP_Car_1\Debug\.\HardWare\</path>
         <kind>object</kind>
         <file>PID.o</file>
         <name>PID.o</name>
      </input_file>
      <input_file id="fl-f">
         <path>C:\Users\Qh\Desktop\ccs2\MSP_Car_1\Debug\.\HardWare\</path>
         <kind>object</kind>
         <file>Usart.o</file>
         <name>Usart.o</name>
      </input_file>
      <input_file id="fl-10">
         <path>C:\Users\Qh\Desktop\ccs2\MSP_Car_1\Debug\.\HardWare\</path>
         <kind>object</kind>
         <file>icm42688.o</file>
         <name>icm42688.o</name>
      </input_file>
      <input_file id="fl-11">
         <path>C:\Users\Qh\Desktop\ccs2\MSP_Car_1\Debug\.\HardWare\</path>
         <kind>object</kind>
         <file>multi_button.o</file>
         <name>multi_button.o</name>
      </input_file>
      <input_file id="fl-12">
         <path>C:\Users\Qh\Desktop\ccs2\MSP_Car_1\Debug\.\HardWare\</path>
         <kind>object</kind>
         <file>spi.o</file>
         <name>spi.o</name>
      </input_file>
      <input_file id="fl-13">
         <path>C:\Users\Qh\Desktop\ccs2\MSP_Car_1\Debug\.\HardWare\</path>
         <kind>object</kind>
         <file>tb6612.o</file>
         <name>tb6612.o</name>
      </input_file>
      <input_file id="fl-14">
         <path>C:\Users\Qh\Desktop\ccs2\MSP_Car_1\Debug\.\HardWare\vl53l1x\core\</path>
         <kind>object</kind>
         <file>vl53l1_api.o</file>
         <name>vl53l1_api.o</name>
      </input_file>
      <input_file id="fl-15">
         <path>C:\Users\Qh\Desktop\ccs2\MSP_Car_1\Debug\.\HardWare\vl53l1x\core\</path>
         <kind>object</kind>
         <file>vl53l1_api_calibration.o</file>
         <name>vl53l1_api_calibration.o</name>
      </input_file>
      <input_file id="fl-16">
         <path>C:\Users\Qh\Desktop\ccs2\MSP_Car_1\Debug\.\HardWare\vl53l1x\core\</path>
         <kind>object</kind>
         <file>vl53l1_api_core.o</file>
         <name>vl53l1_api_core.o</name>
      </input_file>
      <input_file id="fl-17">
         <path>C:\Users\Qh\Desktop\ccs2\MSP_Car_1\Debug\.\HardWare\vl53l1x\core\</path>
         <kind>object</kind>
         <file>vl53l1_api_debug.o</file>
         <name>vl53l1_api_debug.o</name>
      </input_file>
      <input_file id="fl-18">
         <path>C:\Users\Qh\Desktop\ccs2\MSP_Car_1\Debug\.\HardWare\vl53l1x\core\</path>
         <kind>object</kind>
         <file>vl53l1_api_preset_modes.o</file>
         <name>vl53l1_api_preset_modes.o</name>
      </input_file>
      <input_file id="fl-19">
         <path>C:\Users\Qh\Desktop\ccs2\MSP_Car_1\Debug\.\HardWare\vl53l1x\core\</path>
         <kind>object</kind>
         <file>vl53l1_api_strings.o</file>
         <name>vl53l1_api_strings.o</name>
      </input_file>
      <input_file id="fl-1a">
         <path>C:\Users\Qh\Desktop\ccs2\MSP_Car_1\Debug\.\HardWare\vl53l1x\core\</path>
         <kind>object</kind>
         <file>vl53l1_core.o</file>
         <name>vl53l1_core.o</name>
      </input_file>
      <input_file id="fl-1b">
         <path>C:\Users\Qh\Desktop\ccs2\MSP_Car_1\Debug\.\HardWare\vl53l1x\core\</path>
         <kind>object</kind>
         <file>vl53l1_core_support.o</file>
         <name>vl53l1_core_support.o</name>
      </input_file>
      <input_file id="fl-1c">
         <path>C:\Users\Qh\Desktop\ccs2\MSP_Car_1\Debug\.\HardWare\vl53l1x\core\</path>
         <kind>object</kind>
         <file>vl53l1_error_strings.o</file>
         <name>vl53l1_error_strings.o</name>
      </input_file>
      <input_file id="fl-1d">
         <path>C:\Users\Qh\Desktop\ccs2\MSP_Car_1\Debug\.\HardWare\vl53l1x\core\</path>
         <kind>object</kind>
         <file>vl53l1_register_funcs.o</file>
         <name>vl53l1_register_funcs.o</name>
      </input_file>
      <input_file id="fl-1e">
         <path>C:\Users\Qh\Desktop\ccs2\MSP_Car_1\Debug\.\HardWare\vl53l1x\core\</path>
         <kind>object</kind>
         <file>vl53l1_silicon_core.o</file>
         <name>vl53l1_silicon_core.o</name>
      </input_file>
      <input_file id="fl-1f">
         <path>C:\Users\Qh\Desktop\ccs2\MSP_Car_1\Debug\.\HardWare\vl53l1x\core\</path>
         <kind>object</kind>
         <file>vl53l1_wait.o</file>
         <name>vl53l1_wait.o</name>
      </input_file>
      <input_file id="fl-20">
         <path>C:\Users\Qh\Desktop\ccs2\MSP_Car_1\Debug\.\HardWare\vl53l1x\platform\</path>
         <kind>object</kind>
         <file>IOI2C.o</file>
         <name>IOI2C.o</name>
      </input_file>
      <input_file id="fl-21">
         <path>C:\Users\Qh\Desktop\ccs2\MSP_Car_1\Debug\.\HardWare\vl53l1x\platform\</path>
         <kind>object</kind>
         <file>vl53l1_platform.o</file>
         <name>vl53l1_platform.o</name>
      </input_file>
      <input_file id="fl-22">
         <path>C:\Users\Qh\Desktop\ccs2\MSP_Car_1\Debug\.\HardWare\vl53l1x\platform\</path>
         <kind>object</kind>
         <file>vl53l1x.o</file>
         <name>vl53l1x.o</name>
      </input_file>
      <input_file id="fl-23">
         <path>C:\Users\Qh\Desktop\ccs2\MSP_Car_1\Debug\.\Middle\</path>
         <kind>object</kind>
         <file>Bat.o</file>
         <name>Bat.o</name>
      </input_file>
      <input_file id="fl-24">
         <path>C:\Users\Qh\Desktop\ccs2\MSP_Car_1\Debug\.\Middle\</path>
         <kind>object</kind>
         <file>Buzzer.o</file>
         <name>Buzzer.o</name>
      </input_file>
      <input_file id="fl-25">
         <path>C:\Users\Qh\Desktop\ccs2\MSP_Car_1\Debug\.\Middle\</path>
         <kind>object</kind>
         <file>Gimbal_Send.o</file>
         <name>Gimbal_Send.o</name>
      </input_file>
      <input_file id="fl-26">
         <path>C:\Users\Qh\Desktop\ccs2\MSP_Car_1\Debug\.\Middle\</path>
         <kind>object</kind>
         <file>IMU.o</file>
         <name>IMU.o</name>
      </input_file>
      <input_file id="fl-27">
         <path>C:\Users\Qh\Desktop\ccs2\MSP_Car_1\Debug\.\Middle\</path>
         <kind>object</kind>
         <file>Key.o</file>
         <name>Key.o</name>
      </input_file>
      <input_file id="fl-28">
         <path>C:\Users\Qh\Desktop\ccs2\MSP_Car_1\Debug\.\Middle\</path>
         <kind>object</kind>
         <file>LED.o</file>
         <name>LED.o</name>
      </input_file>
      <input_file id="fl-29">
         <path>C:\Users\Qh\Desktop\ccs2\MSP_Car_1\Debug\.\Middle\</path>
         <kind>object</kind>
         <file>Motor.o</file>
         <name>Motor.o</name>
      </input_file>
      <input_file id="fl-2a">
         <path>C:\Users\Qh\Desktop\ccs2\MSP_Car_1\Debug\.\Middle\</path>
         <kind>object</kind>
         <file>Servo.o</file>
         <name>Servo.o</name>
      </input_file>
      <input_file id="fl-2b">
         <path>C:\Users\Qh\Desktop\ccs2\MSP_Car_1\Debug\.\Middle\</path>
         <kind>object</kind>
         <file>Uart_Data.o</file>
         <name>Uart_Data.o</name>
      </input_file>
      <input_file id="fl-2c">
         <path>C:\Users\Qh\Desktop\ccs2\MSP_Car_1\Debug\.\Middle\</path>
         <kind>object</kind>
         <file>my_vl53l1x.o</file>
         <name>my_vl53l1x.o</name>
      </input_file>
      <input_file id="fl-2d">
         <path>C:\Users\Qh\Desktop\ccs2\MSP_Car_1\Debug\.\Middle\Fusion\</path>
         <kind>object</kind>
         <file>FusionAhrs.o</file>
         <name>FusionAhrs.o</name>
      </input_file>
      <input_file id="fl-2e">
         <path>C:\Users\Qh\Desktop\ccs2\MSP_Car_1\Debug\.\Middle\Fusion\</path>
         <kind>object</kind>
         <file>FusionBias.o</file>
         <name>FusionBias.o</name>
      </input_file>
      <input_file id="fl-2f">
         <path>C:\Users\Qh\Desktop\ccs2\MSP_Car_1\Debug\.\Middle\Fusion\</path>
         <kind>object</kind>
         <file>FusionCompass.o</file>
         <name>FusionCompass.o</name>
      </input_file>
      <input_file id="fl-30">
         <path>C:\Users\Qh\Desktop\ccs2\MSP_Car_1\Debug\.\Task\</path>
         <kind>object</kind>
         <file>Menu.o</file>
         <name>Menu.o</name>
      </input_file>
      <input_file id="fl-31">
         <path>C:\Users\Qh\Desktop\ccs2\MSP_Car_1\Debug\.\Test\</path>
         <kind>object</kind>
         <file>ADC_Test.o</file>
         <name>ADC_Test.o</name>
      </input_file>
      <input_file id="fl-32">
         <path>C:\Users\Qh\Desktop\ccs2\MSP_Car_1\Debug\.\Test\</path>
         <kind>object</kind>
         <file>Buzzer_Test.o</file>
         <name>Buzzer_Test.o</name>
      </input_file>
      <input_file id="fl-33">
         <path>C:\Users\Qh\Desktop\ccs2\MSP_Car_1\Debug\.\Test\</path>
         <kind>object</kind>
         <file>Drive_Test.o</file>
         <name>Drive_Test.o</name>
      </input_file>
      <input_file id="fl-34">
         <path>C:\Users\Qh\Desktop\ccs2\MSP_Car_1\Debug\.\Test\</path>
         <kind>object</kind>
         <file>Encoder_Test.o</file>
         <name>Encoder_Test.o</name>
      </input_file>
      <input_file id="fl-35">
         <path>C:\Users\Qh\Desktop\ccs2\MSP_Car_1\Debug\.\Test\</path>
         <kind>object</kind>
         <file>Gimbal_Test.o</file>
         <name>Gimbal_Test.o</name>
      </input_file>
      <input_file id="fl-36">
         <path>C:\Users\Qh\Desktop\ccs2\MSP_Car_1\Debug\.\Test\</path>
         <kind>object</kind>
         <file>Grayscale_Test.o</file>
         <name>Grayscale_Test.o</name>
      </input_file>
      <input_file id="fl-37">
         <path>C:\Users\Qh\Desktop\ccs2\MSP_Car_1\Debug\.\Test\</path>
         <kind>object</kind>
         <file>ICM_Test.o</file>
         <name>ICM_Test.o</name>
      </input_file>
      <input_file id="fl-38">
         <path>C:\Users\Qh\Desktop\ccs2\MSP_Car_1\Debug\.\Test\</path>
         <kind>object</kind>
         <file>Key_Test.o</file>
         <name>Key_Test.o</name>
      </input_file>
      <input_file id="fl-39">
         <path>C:\Users\Qh\Desktop\ccs2\MSP_Car_1\Debug\.\Test\</path>
         <kind>object</kind>
         <file>LED_Test.o</file>
         <name>LED_Test.o</name>
      </input_file>
      <input_file id="fl-3a">
         <path>C:\Users\Qh\Desktop\ccs2\MSP_Car_1\Debug\.\Test\</path>
         <kind>object</kind>
         <file>Maze_Test.o</file>
         <name>Maze_Test.o</name>
      </input_file>
      <input_file id="fl-3b">
         <path>C:\Users\Qh\Desktop\ccs2\MSP_Car_1\Debug\.\Test\</path>
         <kind>object</kind>
         <file>Motor_Test.o</file>
         <name>Motor_Test.o</name>
      </input_file>
      <input_file id="fl-3c">
         <path>C:\Users\Qh\Desktop\ccs2\MSP_Car_1\Debug\.\Test\</path>
         <kind>object</kind>
         <file>OLED_Test.o</file>
         <name>OLED_Test.o</name>
      </input_file>
      <input_file id="fl-3d">
         <path>C:\Users\Qh\Desktop\ccs2\MSP_Car_1\Debug\.\Test\</path>
         <kind>object</kind>
         <file>Servo_Test.o</file>
         <name>Servo_Test.o</name>
      </input_file>
      <input_file id="fl-3e">
         <path>C:\Users\Qh\Desktop\ccs2\MSP_Car_1\Debug\.\Test\</path>
         <kind>object</kind>
         <file>TB6612_Test.o</file>
         <name>TB6612_Test.o</name>
      </input_file>
      <input_file id="fl-3f">
         <path>C:\Users\Qh\Desktop\ccs2\MSP_Car_1\Debug\.\Test\</path>
         <kind>object</kind>
         <file>Uart_Test.o</file>
         <name>Uart_Test.o</name>
      </input_file>
      <input_file id="fl-40">
         <path>C:\Users\Qh\Desktop\ccs2\MSP_Car_1\Debug\.\Test\</path>
         <kind>object</kind>
         <file>vl53l1x_Test.o</file>
         <name>vl53l1x_Test.o</name>
      </input_file>
      <input_file id="fl-4d">
         <path>C:\Users\Qh\Desktop\ccs2\MSP_Car_1\Debug\</path>
         <kind>object</kind>
         <file>&lt;internal&gt;</file>
         <name>&lt;internal&gt;</name>
      </input_file>
      <input_file id="fl-4e">
         <path>C:\TI\mspm0_sdk_2_10_00_04\source\ti\driverlib\lib\ticlang\m0p\mspm0g1x0x_g3x0x\</path>
         <kind>archive</kind>
         <file>driverlib.a</file>
         <name>dl_adc12.o</name>
      </input_file>
      <input_file id="fl-4f">
         <path>C:\TI\mspm0_sdk_2_10_00_04\source\ti\driverlib\lib\ticlang\m0p\mspm0g1x0x_g3x0x\</path>
         <kind>archive</kind>
         <file>driverlib.a</file>
         <name>dl_common.o</name>
      </input_file>
      <input_file id="fl-50">
         <path>C:\TI\mspm0_sdk_2_10_00_04\source\ti\driverlib\lib\ticlang\m0p\mspm0g1x0x_g3x0x\</path>
         <kind>archive</kind>
         <file>driverlib.a</file>
         <name>dl_i2c.o</name>
      </input_file>
      <input_file id="fl-51">
         <path>C:\TI\mspm0_sdk_2_10_00_04\source\ti\driverlib\lib\ticlang\m0p\mspm0g1x0x_g3x0x\</path>
         <kind>archive</kind>
         <file>driverlib.a</file>
         <name>dl_spi.o</name>
      </input_file>
      <input_file id="fl-52">
         <path>C:\TI\mspm0_sdk_2_10_00_04\source\ti\driverlib\lib\ticlang\m0p\mspm0g1x0x_g3x0x\</path>
         <kind>archive</kind>
         <file>driverlib.a</file>
         <name>dl_timer.o</name>
      </input_file>
      <input_file id="fl-53">
         <path>C:\TI\mspm0_sdk_2_10_00_04\source\ti\driverlib\lib\ticlang\m0p\mspm0g1x0x_g3x0x\</path>
         <kind>archive</kind>
         <file>driverlib.a</file>
         <name>dl_uart.o</name>
      </input_file>
      <input_file id="fl-54">
         <path>C:\TI\mspm0_sdk_2_10_00_04\source\ti\driverlib\lib\ticlang\m0p\mspm0g1x0x_g3x0x\</path>
         <kind>archive</kind>
         <file>driverlib.a</file>
         <name>dl_sysctl_mspm0g1x0x_g3x0x.o</name>
      </input_file>
      <input_file id="fl-6b">
         <path>D:\TI\ccs2041\ccs\tools\compiler\ti-cgt-armllvm_4.0.4.LTS\lib\armv6m-ti-none-eabi\c\</path>
         <kind>archive</kind>
         <file>libc.a</file>
         <name>e_asinf.c.obj</name>
      </input_file>
      <input_file id="fl-6c">
         <path>D:\TI\ccs2041\ccs\tools\compiler\ti-cgt-armllvm_4.0.4.LTS\lib\armv6m-ti-none-eabi\c\</path>
         <kind>archive</kind>
         <file>libc.a</file>
         <name>e_atan2f.c.obj</name>
      </input_file>
      <input_file id="fl-6d">
         <path>D:\TI\ccs2041\ccs\tools\compiler\ti-cgt-armllvm_4.0.4.LTS\lib\armv6m-ti-none-eabi\c\</path>
         <kind>archive</kind>
         <file>libc.a</file>
         <name>e_powf.c.obj</name>
      </input_file>
      <input_file id="fl-6e">
         <path>D:\TI\ccs2041\ccs\tools\compiler\ti-cgt-armllvm_4.0.4.LTS\lib\armv6m-ti-none-eabi\c\</path>
         <kind>archive</kind>
         <file>libc.a</file>
         <name>e_sqrtf.c.obj</name>
      </input_file>
      <input_file id="fl-6f">
         <path>D:\TI\ccs2041\ccs\tools\compiler\ti-cgt-armllvm_4.0.4.LTS\lib\armv6m-ti-none-eabi\c\</path>
         <kind>archive</kind>
         <file>libc.a</file>
         <name>s_atanf.c.obj</name>
      </input_file>
      <input_file id="fl-70">
         <path>D:\TI\ccs2041\ccs\tools\compiler\ti-cgt-armllvm_4.0.4.LTS\lib\armv6m-ti-none-eabi\c\</path>
         <kind>archive</kind>
         <file>libc.a</file>
         <name>s_cosf.c.obj</name>
      </input_file>
      <input_file id="fl-71">
         <path>D:\TI\ccs2041\ccs\tools\compiler\ti-cgt-armllvm_4.0.4.LTS\lib\armv6m-ti-none-eabi\c\</path>
         <kind>archive</kind>
         <file>libc.a</file>
         <name>s_scalbnf.c.obj</name>
      </input_file>
      <input_file id="fl-72">
         <path>D:\TI\ccs2041\ccs\tools\compiler\ti-cgt-armllvm_4.0.4.LTS\lib\armv6m-ti-none-eabi\c\</path>
         <kind>archive</kind>
         <file>libc.a</file>
         <name>s_sinf.c.obj</name>
      </input_file>
      <input_file id="fl-73">
         <path>D:\TI\ccs2041\ccs\tools\compiler\ti-cgt-armllvm_4.0.4.LTS\lib\armv6m-ti-none-eabi\c\</path>
         <kind>archive</kind>
         <file>libc.a</file>
         <name>printf.c.obj</name>
      </input_file>
      <input_file id="fl-74">
         <path>D:\TI\ccs2041\ccs\tools\compiler\ti-cgt-armllvm_4.0.4.LTS\lib\armv6m-ti-none-eabi\c\</path>
         <kind>archive</kind>
         <file>libc.a</file>
         <name>_printfi.c.obj</name>
      </input_file>
      <input_file id="fl-75">
         <path>D:\TI\ccs2041\ccs\tools\compiler\ti-cgt-armllvm_4.0.4.LTS\lib\armv6m-ti-none-eabi\c\</path>
         <kind>archive</kind>
         <file>libc.a</file>
         <name>snprintf.c.obj</name>
      </input_file>
      <input_file id="fl-76">
         <path>D:\TI\ccs2041\ccs\tools\compiler\ti-cgt-armllvm_4.0.4.LTS\lib\armv6m-ti-none-eabi\c\</path>
         <kind>archive</kind>
         <file>libc.a</file>
         <name>sprintf.c.obj</name>
      </input_file>
      <input_file id="fl-77">
         <path>D:\TI\ccs2041\ccs\tools\compiler\ti-cgt-armllvm_4.0.4.LTS\lib\armv6m-ti-none-eabi\c\</path>
         <kind>archive</kind>
         <file>libc.a</file>
         <name>vsnprintf.c.obj</name>
      </input_file>
      <input_file id="fl-78">
         <path>D:\TI\ccs2041\ccs\tools\compiler\ti-cgt-armllvm_4.0.4.LTS\lib\armv6m-ti-none-eabi\c\</path>
         <kind>archive</kind>
         <file>libc.a</file>
         <name>fputc.c.obj</name>
      </input_file>
      <input_file id="fl-79">
         <path>D:\TI\ccs2041\ccs\tools\compiler\ti-cgt-armllvm_4.0.4.LTS\lib\armv6m-ti-none-eabi\c\</path>
         <kind>archive</kind>
         <file>libc.a</file>
         <name>fputs.c.obj</name>
      </input_file>
      <input_file id="fl-7a">
         <path>D:\TI\ccs2041\ccs\tools\compiler\ti-cgt-armllvm_4.0.4.LTS\lib\armv6m-ti-none-eabi\c\</path>
         <kind>archive</kind>
         <file>libc.a</file>
         <name>_io_perm.c.obj</name>
      </input_file>
      <input_file id="fl-7b">
         <path>D:\TI\ccs2041\ccs\tools\compiler\ti-cgt-armllvm_4.0.4.LTS\lib\armv6m-ti-none-eabi\c\</path>
         <kind>archive</kind>
         <file>libc.a</file>
         <name>setvbuf.c.obj</name>
      </input_file>
      <input_file id="fl-7c">
         <path>D:\TI\ccs2041\ccs\tools\compiler\ti-cgt-armllvm_4.0.4.LTS\lib\armv6m-ti-none-eabi\c\</path>
         <kind>archive</kind>
         <file>libc.a</file>
         <name>aeabi_portable.c.obj</name>
      </input_file>
      <input_file id="fl-7d">
         <path>D:\TI\ccs2041\ccs\tools\compiler\ti-cgt-armllvm_4.0.4.LTS\lib\armv6m-ti-none-eabi\c\</path>
         <kind>archive</kind>
         <file>libc.a</file>
         <name>k_rem_pio2.c.obj</name>
      </input_file>
      <input_file id="fl-7e">
         <path>D:\TI\ccs2041\ccs\tools\compiler\ti-cgt-armllvm_4.0.4.LTS\lib\armv6m-ti-none-eabi\c\</path>
         <kind>archive</kind>
         <file>libc.a</file>
         <name>exit.c.obj</name>
      </input_file>
      <input_file id="fl-7f">
         <path>D:\TI\ccs2041\ccs\tools\compiler\ti-cgt-armllvm_4.0.4.LTS\lib\armv6m-ti-none-eabi\c\</path>
         <kind>archive</kind>
         <file>libc.a</file>
         <name>_lock.c.obj</name>
      </input_file>
      <input_file id="fl-80">
         <path>D:\TI\ccs2041\ccs\tools\compiler\ti-cgt-armllvm_4.0.4.LTS\lib\armv6m-ti-none-eabi\c\</path>
         <kind>archive</kind>
         <file>libc.a</file>
         <name>_ltoa.c.obj</name>
      </input_file>
      <input_file id="fl-81">
         <path>D:\TI\ccs2041\ccs\tools\compiler\ti-cgt-armllvm_4.0.4.LTS\lib\armv6m-ti-none-eabi\c\</path>
         <kind>archive</kind>
         <file>libc.a</file>
         <name>assert.c.obj</name>
      </input_file>
      <input_file id="fl-82">
         <path>D:\TI\ccs2041\ccs\tools\compiler\ti-cgt-armllvm_4.0.4.LTS\lib\armv6m-ti-none-eabi\c\</path>
         <kind>archive</kind>
         <file>libc.a</file>
         <name>atoi.c.obj</name>
      </input_file>
      <input_file id="fl-83">
         <path>D:\TI\ccs2041\ccs\tools\compiler\ti-cgt-armllvm_4.0.4.LTS\lib\armv6m-ti-none-eabi\c\</path>
         <kind>archive</kind>
         <file>libc.a</file>
         <name>defs.c.obj</name>
      </input_file>
      <input_file id="fl-84">
         <path>D:\TI\ccs2041\ccs\tools\compiler\ti-cgt-armllvm_4.0.4.LTS\lib\armv6m-ti-none-eabi\c\</path>
         <kind>archive</kind>
         <file>libc.a</file>
         <name>memccpy.c.obj</name>
      </input_file>
      <input_file id="fl-85">
         <path>D:\TI\ccs2041\ccs\tools\compiler\ti-cgt-armllvm_4.0.4.LTS\lib\armv6m-ti-none-eabi\c\</path>
         <kind>archive</kind>
         <file>libc.a</file>
         <name>memory.c.obj</name>
      </input_file>
      <input_file id="fl-86">
         <path>D:\TI\ccs2041\ccs\tools\compiler\ti-cgt-armllvm_4.0.4.LTS\lib\armv6m-ti-none-eabi\c\</path>
         <kind>archive</kind>
         <file>libc.a</file>
         <name>strncpy.c.obj</name>
      </input_file>
      <input_file id="fl-87">
         <path>D:\TI\ccs2041\ccs\tools\compiler\ti-cgt-armllvm_4.0.4.LTS\lib\armv6m-ti-none-eabi\c\</path>
         <kind>archive</kind>
         <file>libc.a</file>
         <name>boot_cortex_m.c.obj</name>
      </input_file>
      <input_file id="fl-88">
         <path>D:\TI\ccs2041\ccs\tools\compiler\ti-cgt-armllvm_4.0.4.LTS\lib\armv6m-ti-none-eabi\c\</path>
         <kind>archive</kind>
         <file>libc.a</file>
         <name>mathacl_init.c.obj</name>
      </input_file>
      <input_file id="fl-89">
         <path>D:\TI\ccs2041\ccs\tools\compiler\ti-cgt-armllvm_4.0.4.LTS\lib\armv6m-ti-none-eabi\c\</path>
         <kind>archive</kind>
         <file>libc.a</file>
         <name>autoinit.c.obj</name>
      </input_file>
      <input_file id="fl-8a">
         <path>D:\TI\ccs2041\ccs\tools\compiler\ti-cgt-armllvm_4.0.4.LTS\lib\armv6m-ti-none-eabi\c\</path>
         <kind>archive</kind>
         <file>libc.a</file>
         <name>pre_init.c.obj</name>
      </input_file>
      <input_file id="fl-8b">
         <path>D:\TI\ccs2041\ccs\tools\compiler\ti-cgt-armllvm_4.0.4.LTS\lib\armv6m-ti-none-eabi\c\</path>
         <kind>archive</kind>
         <file>libc.a</file>
         <name>cpy_tbl.c.obj</name>
      </input_file>
      <input_file id="fl-8c">
         <path>D:\TI\ccs2041\ccs\tools\compiler\ti-cgt-armllvm_4.0.4.LTS\lib\armv6m-ti-none-eabi\c\</path>
         <kind>archive</kind>
         <file>libc.a</file>
         <name>copy_zero_init.c.obj</name>
      </input_file>
      <input_file id="fl-8d">
         <path>D:\TI\ccs2041\ccs\tools\compiler\ti-cgt-armllvm_4.0.4.LTS\lib\armv6m-ti-none-eabi\c\</path>
         <kind>archive</kind>
         <file>libc.a</file>
         <name>copy_decompress_none.c.obj</name>
      </input_file>
      <input_file id="fl-8e">
         <path>D:\TI\ccs2041\ccs\tools\compiler\ti-cgt-armllvm_4.0.4.LTS\lib\armv6m-ti-none-eabi\c\</path>
         <kind>archive</kind>
         <file>libc.a</file>
         <name>copy_decompress_lzss.c.obj</name>
      </input_file>
      <input_file id="fl-8f">
         <path>D:\TI\ccs2041\ccs\tools\compiler\ti-cgt-armllvm_4.0.4.LTS\lib\armv6m-ti-none-eabi\c\</path>
         <kind>archive</kind>
         <file>libc.a</file>
         <name>e_sqrt.c.obj</name>
      </input_file>
      <input_file id="fl-90">
         <path>D:\TI\ccs2041\ccs\tools\compiler\ti-cgt-armllvm_4.0.4.LTS\lib\armv6m-ti-none-eabi\c\</path>
         <kind>archive</kind>
         <file>libc.a</file>
         <name>s_floor.c.obj</name>
      </input_file>
      <input_file id="fl-91">
         <path>D:\TI\ccs2041\ccs\tools\compiler\ti-cgt-armllvm_4.0.4.LTS\lib\armv6m-ti-none-eabi\c\</path>
         <kind>archive</kind>
         <file>libc.a</file>
         <name>s_frexp.c.obj</name>
      </input_file>
      <input_file id="fl-92">
         <path>D:\TI\ccs2041\ccs\tools\compiler\ti-cgt-armllvm_4.0.4.LTS\lib\armv6m-ti-none-eabi\c\</path>
         <kind>archive</kind>
         <file>libc.a</file>
         <name>s_scalbn.c.obj</name>
      </input_file>
      <input_file id="fl-93">
         <path>D:\TI\ccs2041\ccs\tools\compiler\ti-cgt-armllvm_4.0.4.LTS\lib\armv6m-ti-none-eabi\c\</path>
         <kind>archive</kind>
         <file>libc.a</file>
         <name>wcslen.c.obj</name>
      </input_file>
      <input_file id="fl-94">
         <path>D:\TI\ccs2041\ccs\tools\compiler\ti-cgt-armllvm_4.0.4.LTS\lib\armv6m-ti-none-eabi\c\</path>
         <kind>archive</kind>
         <file>libc.a</file>
         <name>fflush.c.obj</name>
      </input_file>
      <input_file id="fl-95">
         <path>D:\TI\ccs2041\ccs\tools\compiler\ti-cgt-armllvm_4.0.4.LTS\lib\armv6m-ti-none-eabi\c\</path>
         <kind>archive</kind>
         <file>libc.a</file>
         <name>fopen.c.obj</name>
      </input_file>
      <input_file id="fl-96">
         <path>D:\TI\ccs2041\ccs\tools\compiler\ti-cgt-armllvm_4.0.4.LTS\lib\armv6m-ti-none-eabi\c\</path>
         <kind>archive</kind>
         <file>libc.a</file>
         <name>fseek.c.obj</name>
      </input_file>
      <input_file id="fl-97">
         <path>D:\TI\ccs2041\ccs\tools\compiler\ti-cgt-armllvm_4.0.4.LTS\lib\armv6m-ti-none-eabi\c\</path>
         <kind>archive</kind>
         <file>libc.a</file>
         <name>aeabi_ctype.S.obj</name>
      </input_file>
      <input_file id="fl-98">
         <path>D:\TI\ccs2041\ccs\tools\compiler\ti-cgt-armllvm_4.0.4.LTS\lib\armv6m-ti-none-eabi\c\</path>
         <kind>archive</kind>
         <file>libc.a</file>
         <name>args_main.c.obj</name>
      </input_file>
      <input_file id="fl-99">
         <path>D:\TI\ccs2041\ccs\tools\compiler\ti-cgt-armllvm_4.0.4.LTS\lib\armv6m-ti-none-eabi\c\</path>
         <kind>archive</kind>
         <file>libc.a</file>
         <name>fclose.c.obj</name>
      </input_file>
      <input_file id="fl-139">
         <path>D:\TI\ccs2041\ccs\tools\compiler\ti-cgt-armllvm_4.0.4.LTS\lib\armv6m-ti-none-eabi\c\</path>
         <kind>archive</kind>
         <file>libsysbm.a</file>
         <name>hostexit.c.obj</name>
      </input_file>
      <input_file id="fl-13a">
         <path>D:\TI\ccs2041\ccs\tools\compiler\ti-cgt-armllvm_4.0.4.LTS\lib\armv6m-ti-none-eabi\c\</path>
         <kind>archive</kind>
         <file>libsysbm.a</file>
         <name>write.c.obj</name>
      </input_file>
      <input_file id="fl-13b">
         <path>D:\TI\ccs2041\ccs\tools\compiler\ti-cgt-armllvm_4.0.4.LTS\lib\armv6m-ti-none-eabi\c\</path>
         <kind>archive</kind>
         <file>libsysbm.a</file>
         <name>host_device.c.obj</name>
      </input_file>
      <input_file id="fl-13c">
         <path>D:\TI\ccs2041\ccs\tools\compiler\ti-cgt-armllvm_4.0.4.LTS\lib\armv6m-ti-none-eabi\c\</path>
         <kind>archive</kind>
         <file>libsysbm.a</file>
         <name>remove.c.obj</name>
      </input_file>
      <input_file id="fl-13d">
         <path>D:\TI\ccs2041\ccs\tools\compiler\ti-cgt-armllvm_4.0.4.LTS\lib\armv6m-ti-none-eabi\c\</path>
         <kind>archive</kind>
         <file>libsysbm.a</file>
         <name>open.c.obj</name>
      </input_file>
      <input_file id="fl-13e">
         <path>D:\TI\ccs2041\ccs\tools\compiler\ti-cgt-armllvm_4.0.4.LTS\lib\armv6m-ti-none-eabi\c\</path>
         <kind>archive</kind>
         <file>libsysbm.a</file>
         <name>lseek.c.obj</name>
      </input_file>
      <input_file id="fl-13f">
         <path>D:\TI\ccs2041\ccs\tools\compiler\ti-cgt-armllvm_4.0.4.LTS\lib\armv6m-ti-none-eabi\c\</path>
         <kind>archive</kind>
         <file>libsysbm.a</file>
         <name>close.c.obj</name>
      </input_file>
      <input_file id="fl-140">
         <path>D:\TI\ccs2041\ccs\tools\compiler\ti-cgt-armllvm_4.0.4.LTS\lib\armv6m-ti-none-eabi\c\</path>
         <kind>archive</kind>
         <file>libsysbm.a</file>
         <name>unlink.c.obj</name>
      </input_file>
      <input_file id="fl-141">
         <path>D:\TI\ccs2041\ccs\tools\compiler\ti-cgt-armllvm_4.0.4.LTS\lib\armv6m-ti-none-eabi\c\</path>
         <kind>archive</kind>
         <file>libsysbm.a</file>
         <name>hostclose.c.obj</name>
      </input_file>
      <input_file id="fl-142">
         <path>D:\TI\ccs2041\ccs\tools\compiler\ti-cgt-armllvm_4.0.4.LTS\lib\armv6m-ti-none-eabi\c\</path>
         <kind>archive</kind>
         <file>libsysbm.a</file>
         <name>hostlseek.c.obj</name>
      </input_file>
      <input_file id="fl-143">
         <path>D:\TI\ccs2041\ccs\tools\compiler\ti-cgt-armllvm_4.0.4.LTS\lib\armv6m-ti-none-eabi\c\</path>
         <kind>archive</kind>
         <file>libsysbm.a</file>
         <name>hostopen.c.obj</name>
      </input_file>
      <input_file id="fl-144">
         <path>D:\TI\ccs2041\ccs\tools\compiler\ti-cgt-armllvm_4.0.4.LTS\lib\armv6m-ti-none-eabi\c\</path>
         <kind>archive</kind>
         <file>libsysbm.a</file>
         <name>hostread.c.obj</name>
      </input_file>
      <input_file id="fl-145">
         <path>D:\TI\ccs2041\ccs\tools\compiler\ti-cgt-armllvm_4.0.4.LTS\lib\armv6m-ti-none-eabi\c\</path>
         <kind>archive</kind>
         <file>libsysbm.a</file>
         <name>hostrename.c.obj</name>
      </input_file>
      <input_file id="fl-146">
         <path>D:\TI\ccs2041\ccs\tools\compiler\ti-cgt-armllvm_4.0.4.LTS\lib\armv6m-ti-none-eabi\c\</path>
         <kind>archive</kind>
         <file>libsysbm.a</file>
         <name>hostunlink.c.obj</name>
      </input_file>
      <input_file id="fl-147">
         <path>D:\TI\ccs2041\ccs\tools\compiler\ti-cgt-armllvm_4.0.4.LTS\lib\armv6m-ti-none-eabi\c\</path>
         <kind>archive</kind>
         <file>libsysbm.a</file>
         <name>hostwrite.c.obj</name>
      </input_file>
      <input_file id="fl-148">
         <path>D:\TI\ccs2041\ccs\tools\compiler\ti-cgt-armllvm_4.0.4.LTS\lib\armv6m-ti-none-eabi\c\</path>
         <kind>archive</kind>
         <file>libsysbm.a</file>
         <name>trgmsg.c.obj</name>
      </input_file>
      <input_file id="fl-149">
         <path>D:\TI\ccs2041\ccs\tools\compiler\ti-cgt-armllvm_4.0.4.LTS\lib\armv6m-ti-none-eabi\</path>
         <kind>archive</kind>
         <file>libclang_rt.builtins.a</file>
         <name>addsf3.S.obj</name>
      </input_file>
      <input_file id="fl-14a">
         <path>D:\TI\ccs2041\ccs\tools\compiler\ti-cgt-armllvm_4.0.4.LTS\lib\armv6m-ti-none-eabi\</path>
         <kind>archive</kind>
         <file>libclang_rt.builtins.a</file>
         <name>adddf3.S.obj</name>
      </input_file>
      <input_file id="fl-14b">
         <path>D:\TI\ccs2041\ccs\tools\compiler\ti-cgt-armllvm_4.0.4.LTS\lib\armv6m-ti-none-eabi\</path>
         <kind>archive</kind>
         <file>libclang_rt.builtins.a</file>
         <name>muldf3.S.obj</name>
      </input_file>
      <input_file id="fl-14c">
         <path>D:\TI\ccs2041\ccs\tools\compiler\ti-cgt-armllvm_4.0.4.LTS\lib\armv6m-ti-none-eabi\</path>
         <kind>archive</kind>
         <file>libclang_rt.builtins.a</file>
         <name>muldsi3.S.obj</name>
      </input_file>
      <input_file id="fl-14d">
         <path>D:\TI\ccs2041\ccs\tools\compiler\ti-cgt-armllvm_4.0.4.LTS\lib\armv6m-ti-none-eabi\</path>
         <kind>archive</kind>
         <file>libclang_rt.builtins.a</file>
         <name>mulsf3.S.obj</name>
      </input_file>
      <input_file id="fl-14e">
         <path>D:\TI\ccs2041\ccs\tools\compiler\ti-cgt-armllvm_4.0.4.LTS\lib\armv6m-ti-none-eabi\</path>
         <kind>archive</kind>
         <file>libclang_rt.builtins.a</file>
         <name>divsf3.S.obj</name>
      </input_file>
      <input_file id="fl-14f">
         <path>D:\TI\ccs2041\ccs\tools\compiler\ti-cgt-armllvm_4.0.4.LTS\lib\armv6m-ti-none-eabi\</path>
         <kind>archive</kind>
         <file>libclang_rt.builtins.a</file>
         <name>divdf3.S.obj</name>
      </input_file>
      <input_file id="fl-150">
         <path>D:\TI\ccs2041\ccs\tools\compiler\ti-cgt-armllvm_4.0.4.LTS\lib\armv6m-ti-none-eabi\</path>
         <kind>archive</kind>
         <file>libclang_rt.builtins.a</file>
         <name>extendsfdf2.S.obj</name>
      </input_file>
      <input_file id="fl-151">
         <path>D:\TI\ccs2041\ccs\tools\compiler\ti-cgt-armllvm_4.0.4.LTS\lib\armv6m-ti-none-eabi\</path>
         <kind>archive</kind>
         <file>libclang_rt.builtins.a</file>
         <name>fixdfsi.S.obj</name>
      </input_file>
      <input_file id="fl-152">
         <path>D:\TI\ccs2041\ccs\tools\compiler\ti-cgt-armllvm_4.0.4.LTS\lib\armv6m-ti-none-eabi\</path>
         <kind>archive</kind>
         <file>libclang_rt.builtins.a</file>
         <name>fixsfsi.S.obj</name>
      </input_file>
      <input_file id="fl-153">
         <path>D:\TI\ccs2041\ccs\tools\compiler\ti-cgt-armllvm_4.0.4.LTS\lib\armv6m-ti-none-eabi\</path>
         <kind>archive</kind>
         <file>libclang_rt.builtins.a</file>
         <name>fixunssfsi.S.obj</name>
      </input_file>
      <input_file id="fl-154">
         <path>D:\TI\ccs2041\ccs\tools\compiler\ti-cgt-armllvm_4.0.4.LTS\lib\armv6m-ti-none-eabi\</path>
         <kind>archive</kind>
         <file>libclang_rt.builtins.a</file>
         <name>floatsidf.S.obj</name>
      </input_file>
      <input_file id="fl-155">
         <path>D:\TI\ccs2041\ccs\tools\compiler\ti-cgt-armllvm_4.0.4.LTS\lib\armv6m-ti-none-eabi\</path>
         <kind>archive</kind>
         <file>libclang_rt.builtins.a</file>
         <name>floatsisf.S.obj</name>
      </input_file>
      <input_file id="fl-156">
         <path>D:\TI\ccs2041\ccs\tools\compiler\ti-cgt-armllvm_4.0.4.LTS\lib\armv6m-ti-none-eabi\</path>
         <kind>archive</kind>
         <file>libclang_rt.builtins.a</file>
         <name>floatundisf.S.obj</name>
      </input_file>
      <input_file id="fl-157">
         <path>D:\TI\ccs2041\ccs\tools\compiler\ti-cgt-armllvm_4.0.4.LTS\lib\armv6m-ti-none-eabi\</path>
         <kind>archive</kind>
         <file>libclang_rt.builtins.a</file>
         <name>floatunsidf.S.obj</name>
      </input_file>
      <input_file id="fl-158">
         <path>D:\TI\ccs2041\ccs\tools\compiler\ti-cgt-armllvm_4.0.4.LTS\lib\armv6m-ti-none-eabi\</path>
         <kind>archive</kind>
         <file>libclang_rt.builtins.a</file>
         <name>floatunsisf.S.obj</name>
      </input_file>
      <input_file id="fl-159">
         <path>D:\TI\ccs2041\ccs\tools\compiler\ti-cgt-armllvm_4.0.4.LTS\lib\armv6m-ti-none-eabi\</path>
         <kind>archive</kind>
         <file>libclang_rt.builtins.a</file>
         <name>muldi3.S.obj</name>
      </input_file>
      <input_file id="fl-15a">
         <path>D:\TI\ccs2041\ccs\tools\compiler\ti-cgt-armllvm_4.0.4.LTS\lib\armv6m-ti-none-eabi\</path>
         <kind>archive</kind>
         <file>libclang_rt.builtins.a</file>
         <name>truncdfsf2.S.obj</name>
      </input_file>
      <input_file id="fl-15b">
         <path>D:\TI\ccs2041\ccs\tools\compiler\ti-cgt-armllvm_4.0.4.LTS\lib\armv6m-ti-none-eabi\</path>
         <kind>archive</kind>
         <file>libclang_rt.builtins.a</file>
         <name>aeabi_dcmp.S.obj</name>
      </input_file>
      <input_file id="fl-15c">
         <path>D:\TI\ccs2041\ccs\tools\compiler\ti-cgt-armllvm_4.0.4.LTS\lib\armv6m-ti-none-eabi\</path>
         <kind>archive</kind>
         <file>libclang_rt.builtins.a</file>
         <name>aeabi_fcmp.S.obj</name>
      </input_file>
      <input_file id="fl-15d">
         <path>D:\TI\ccs2041\ccs\tools\compiler\ti-cgt-armllvm_4.0.4.LTS\lib\armv6m-ti-none-eabi\</path>
         <kind>archive</kind>
         <file>libclang_rt.builtins.a</file>
         <name>aeabi_idivmod.S.obj</name>
      </input_file>
      <input_file id="fl-15e">
         <path>D:\TI\ccs2041\ccs\tools\compiler\ti-cgt-armllvm_4.0.4.LTS\lib\armv6m-ti-none-eabi\</path>
         <kind>archive</kind>
         <file>libclang_rt.builtins.a</file>
         <name>aeabi_memcpy.S.obj</name>
      </input_file>
      <input_file id="fl-15f">
         <path>D:\TI\ccs2041\ccs\tools\compiler\ti-cgt-armllvm_4.0.4.LTS\lib\armv6m-ti-none-eabi\</path>
         <kind>archive</kind>
         <file>libclang_rt.builtins.a</file>
         <name>aeabi_memset.S.obj</name>
      </input_file>
      <input_file id="fl-160">
         <path>D:\TI\ccs2041\ccs\tools\compiler\ti-cgt-armllvm_4.0.4.LTS\lib\armv6m-ti-none-eabi\</path>
         <kind>archive</kind>
         <file>libclang_rt.builtins.a</file>
         <name>aeabi_uidivmod.S.obj</name>
      </input_file>
      <input_file id="fl-161">
         <path>D:\TI\ccs2041\ccs\tools\compiler\ti-cgt-armllvm_4.0.4.LTS\lib\armv6m-ti-none-eabi\</path>
         <kind>archive</kind>
         <file>libclang_rt.builtins.a</file>
         <name>aeabi_uldivmod.S.obj</name>
      </input_file>
      <input_file id="fl-162">
         <path>D:\TI\ccs2041\ccs\tools\compiler\ti-cgt-armllvm_4.0.4.LTS\lib\armv6m-ti-none-eabi\</path>
         <kind>archive</kind>
         <file>libclang_rt.builtins.a</file>
         <name>comparesf2.S.obj</name>
      </input_file>
      <input_file id="fl-163">
         <path>D:\TI\ccs2041\ccs\tools\compiler\ti-cgt-armllvm_4.0.4.LTS\lib\armv6m-ti-none-eabi\</path>
         <kind>archive</kind>
         <file>libclang_rt.builtins.a</file>
         <name>udivmoddi4.S.obj</name>
      </input_file>
      <input_file id="fl-164">
         <path>D:\TI\ccs2041\ccs\tools\compiler\ti-cgt-armllvm_4.0.4.LTS\lib\armv6m-ti-none-eabi\</path>
         <kind>archive</kind>
         <file>libclang_rt.builtins.a</file>
         <name>ashldi3.S.obj</name>
      </input_file>
      <input_file id="fl-165">
         <path>D:\TI\ccs2041\ccs\tools\compiler\ti-cgt-armllvm_4.0.4.LTS\lib\armv6m-ti-none-eabi\</path>
         <kind>archive</kind>
         <file>libclang_rt.builtins.a</file>
         <name>comparedf2.c.obj</name>
      </input_file>
      <input_file id="fl-166">
         <path>D:\TI\ccs2041\ccs\tools\compiler\ti-cgt-armllvm_4.0.4.LTS\lib\armv6m-ti-none-eabi\</path>
         <kind>archive</kind>
         <file>libclang_rt.builtins.a</file>
         <name>aeabi_div0.c.obj</name>
      </input_file>
      <input_file id="fl-167">
         <path>D:\TI\ccs2041\ccs\tools\compiler\ti-cgt-armllvm_4.0.4.LTS\lib\armv6m-ti-none-eabi\c\</path>
         <kind>archive</kind>
         <file>libc.a</file>
         <name>getdevice.c.obj</name>
      </input_file>
      <input_file id="fl-168">
         <path>D:\TI\ccs2041\ccs\tools\compiler\ti-cgt-armllvm_4.0.4.LTS\lib\armv6m-ti-none-eabi\c\</path>
         <kind>archive</kind>
         <file>libc.a</file>
         <name>memcpy16.S.obj</name>
      </input_file>
      <input_file id="fl-169">
         <path>D:\TI\ccs2041\ccs\tools\compiler\ti-cgt-armllvm_4.0.4.LTS\lib\armv6m-ti-none-eabi\c\</path>
         <kind>archive</kind>
         <file>libc.a</file>
         <name>memset16.S.obj</name>
      </input_file>
      <input_file id="fl-16a">
         <path>D:\TI\ccs2041\ccs\tools\compiler\ti-cgt-armllvm_4.0.4.LTS\lib\armv6m-ti-none-eabi\c\</path>
         <kind>archive</kind>
         <file>libc.a</file>
         <name>strcmp-armv6m.S.obj</name>
      </input_file>
   </input_file_list>
   <object_component_list>
      <object_component id="oc-18">
         <name>.intvecs</name>
         <load_address>0x0</load_address>
         <readonly>true</readonly>
         <run_address>0x0</run_address>
         <size>0xc0</size>
         <alignment>0x4</alignment>
         <input_file_ref idref="fl-2"/>
      </object_component>
      <object_component id="oc-37a">
         <name>.text.__kernel_rem_pio2</name>
         <load_address>0xc0</load_address>
         <readonly>true</readonly>
         <executable>true</executable>
         <run_address>0xc0</run_address>
         <size>0x644</size>
         <alignment>0x4</alignment>
         <input_file_ref idref="fl-7d"/>
      </object_component>
      <object_component id="oc-20c">
         <name>.text.FusionAhrsUpdate</name>
         <load_address>0x704</load_address>
         <readonly>true</readonly>
         <executable>true</executable>
         <run_address>0x704</run_address>
         <size>0x414</size>
         <alignment>0x2</alignment>
         <input_file_ref idref="fl-2d"/>
      </object_component>
      <object_component id="oc-12b">
         <name>.text.button_handler</name>
         <load_address>0xb18</load_address>
         <readonly>true</readonly>
         <executable>true</executable>
         <run_address>0xb18</run_address>
         <size>0x3f4</size>
         <alignment>0x4</alignment>
         <input_file_ref idref="fl-11"/>
      </object_component>
      <object_component id="oc-1c5">
         <name>.text.VL53L1_init_and_start_range</name>
         <load_address>0xf0c</load_address>
         <readonly>true</readonly>
         <executable>true</executable>
         <run_address>0xf0c</run_address>
         <size>0x3d8</size>
         <alignment>0x4</alignment>
         <input_file_ref idref="fl-16"/>
      </object_component>
      <object_component id="oc-219">
         <name>.text.SYSCFG_DL_GPIO_init</name>
         <load_address>0x12e4</load_address>
         <readonly>true</readonly>
         <executable>true</executable>
         <run_address>0x12e4</run_address>
         <size>0x318</size>
         <alignment>0x4</alignment>
         <input_file_ref idref="fl-1"/>
      </object_component>
      <object_component id="oc-9a">
         <name>.text.Motor_Callback</name>
         <load_address>0x15fc</load_address>
         <readonly>true</readonly>
         <executable>true</executable>
         <run_address>0x15fc</run_address>
         <size>0x280</size>
         <alignment>0x4</alignment>
         <input_file_ref idref="fl-29"/>
      </object_component>
      <object_component id="oc-73">
         <name>.text.Encoder_Callback</name>
         <load_address>0x187c</load_address>
         <readonly>true</readonly>
         <executable>true</executable>
         <run_address>0x187c</run_address>
         <size>0x258</size>
         <alignment>0x4</alignment>
         <input_file_ref idref="fl-a"/>
      </object_component>
      <object_component id="oc-a9">
         <name>.text.IMU_Callback</name>
         <load_address>0x1ad4</load_address>
         <readonly>true</readonly>
         <executable>true</executable>
         <run_address>0x1ad4</run_address>
         <size>0x1f0</size>
         <alignment>0x4</alignment>
         <input_file_ref idref="fl-26"/>
      </object_component>
      <object_component id="oc-29e">
         <name>.text.cosf</name>
         <load_address>0x1cc4</load_address>
         <readonly>true</readonly>
         <executable>true</executable>
         <run_address>0x1cc4</run_address>
         <size>0x1d4</size>
         <alignment>0x4</alignment>
         <input_file_ref idref="fl-70"/>
      </object_component>
      <object_component id="oc-253">
         <name>.text.IICreadBytes</name>
         <load_address>0x1e98</load_address>
         <readonly>true</readonly>
         <executable>true</executable>
         <run_address>0x1e98</run_address>
         <size>0x1cc</size>
         <alignment>0x4</alignment>
         <input_file_ref idref="fl-20"/>
      </object_component>
      <object_component id="oc-350">
         <name>.text.atanf</name>
         <load_address>0x2064</load_address>
         <readonly>true</readonly>
         <executable>true</executable>
         <run_address>0x2064</run_address>
         <size>0x1c8</size>
         <alignment>0x4</alignment>
         <input_file_ref idref="fl-6f"/>
      </object_component>
      <object_component id="oc-2a4">
         <name>.text.sinf</name>
         <load_address>0x222c</load_address>
         <readonly>true</readonly>
         <executable>true</executable>
         <run_address>0x222c</run_address>
         <size>0x1c8</size>
         <alignment>0x4</alignment>
         <input_file_ref idref="fl-72"/>
      </object_component>
      <object_component id="oc-296">
         <name>.text.HalfMagnetic</name>
         <load_address>0x23f4</load_address>
         <readonly>true</readonly>
         <executable>true</executable>
         <run_address>0x23f4</run_address>
         <size>0x1c4</size>
         <alignment>0x2</alignment>
         <input_file_ref idref="fl-2d"/>
      </object_component>
      <object_component id="oc-371">
         <name>.text.adddf3_subdf3</name>
         <load_address>0x25b8</load_address>
         <readonly>true</readonly>
         <executable>true</executable>
         <run_address>0x25b8</run_address>
         <size>0x192</size>
         <alignment>0x4</alignment>
         <input_file_ref idref="fl-14a"/>
      </object_component>
      <object_component id="oc-1b0">
         <name>.text.__aeabi_idiv0</name>
         <load_address>0x274a</load_address>
         <readonly>true</readonly>
         <executable>true</executable>
         <run_address>0x274a</run_address>
         <size>0x2</size>
         <alignment>0x2</alignment>
         <input_file_ref idref="fl-166"/>
      </object_component>
      <object_component id="oc-3b1">
         <name>.text.sqrt</name>
         <load_address>0x274c</load_address>
         <readonly>true</readonly>
         <executable>true</executable>
         <run_address>0x274c</run_address>
         <size>0x170</size>
         <alignment>0x4</alignment>
         <input_file_ref idref="fl-8f"/>
      </object_component>
      <object_component id="oc-263">
         <name>.text.VL53L1_i2c_encode_static_config</name>
         <load_address>0x28bc</load_address>
         <readonly>true</readonly>
         <executable>true</executable>
         <run_address>0x28bc</run_address>
         <size>0x162</size>
         <alignment>0x2</alignment>
         <input_file_ref idref="fl-1d"/>
      </object_component>
      <object_component id="oc-359">
         <name>.text.asinf</name>
         <load_address>0x2a20</load_address>
         <readonly>true</readonly>
         <executable>true</executable>
         <run_address>0x2a20</run_address>
         <size>0x160</size>
         <alignment>0x4</alignment>
         <input_file_ref idref="fl-6b"/>
      </object_component>
      <object_component id="oc-2aa">
         <name>.text.FusionQuaternionProduct</name>
         <load_address>0x2b80</load_address>
         <readonly>true</readonly>
         <executable>true</executable>
         <run_address>0x2b80</run_address>
         <size>0x14e</size>
         <alignment>0x2</alignment>
         <input_file_ref idref="fl-2d"/>
      </object_component>
      <object_component id="oc-11a">
         <name>.text.PID_Compute</name>
         <load_address>0x2cd0</load_address>
         <readonly>true</readonly>
         <executable>true</executable>
         <run_address>0x2cd0</run_address>
         <size>0x144</size>
         <alignment>0x4</alignment>
         <input_file_ref idref="fl-e"/>
      </object_component>
      <object_component id="oc-3cb">
         <name>.text.floor</name>
         <load_address>0x2e14</load_address>
         <readonly>true</readonly>
         <executable>true</executable>
         <run_address>0x2e14</run_address>
         <size>0x144</size>
         <alignment>0x4</alignment>
         <input_file_ref idref="fl-90"/>
      </object_component>
      <object_component id="oc-13f">
         <name>.text.Encoder_Speed_Get_LEFT</name>
         <load_address>0x2f58</load_address>
         <readonly>true</readonly>
         <executable>true</executable>
         <run_address>0x2f58</run_address>
         <size>0x13c</size>
         <alignment>0x4</alignment>
         <input_file_ref idref="fl-a"/>
      </object_component>
      <object_component id="oc-146">
         <name>.text.Encoder_Speed_Get_RIGHT</name>
         <load_address>0x3094</load_address>
         <readonly>true</readonly>
         <executable>true</executable>
         <run_address>0x3094</run_address>
         <size>0x13c</size>
         <alignment>0x4</alignment>
         <input_file_ref idref="fl-a"/>
      </object_component>
      <object_component id="oc-290">
         <name>.text.HalfGravity</name>
         <load_address>0x31d0</load_address>
         <readonly>true</readonly>
         <executable>true</executable>
         <run_address>0x31d0</run_address>
         <size>0x132</size>
         <alignment>0x2</alignment>
         <input_file_ref idref="fl-2d"/>
      </object_component>
      <object_component id="oc-34f">
         <name>.text.IICwriteBytes</name>
         <load_address>0x3304</load_address>
         <readonly>true</readonly>
         <executable>true</executable>
         <run_address>0x3304</run_address>
         <size>0x130</size>
         <alignment>0x4</alignment>
         <input_file_ref idref="fl-20"/>
      </object_component>
      <object_component id="oc-2eb">
         <name>.text.DL_Timer_initCaptureMode</name>
         <load_address>0x3434</load_address>
         <readonly>true</readonly>
         <executable>true</executable>
         <run_address>0x3434</run_address>
         <size>0x11c</size>
         <alignment>0x4</alignment>
         <input_file_ref idref="fl-52"/>
      </object_component>
      <object_component id="oc-218">
         <name>.text.SYSCFG_DL_initPower</name>
         <load_address>0x3550</load_address>
         <readonly>true</readonly>
         <executable>true</executable>
         <run_address>0x3550</run_address>
         <size>0x11c</size>
         <alignment>0x4</alignment>
         <input_file_ref idref="fl-1"/>
      </object_component>
      <object_component id="oc-26e">
         <name>.text.atan2f</name>
         <load_address>0x366c</load_address>
         <readonly>true</readonly>
         <executable>true</executable>
         <run_address>0x366c</run_address>
         <size>0x118</size>
         <alignment>0x4</alignment>
         <input_file_ref idref="fl-6c"/>
      </object_component>
      <object_component id="oc-161">
         <name>.text.ICM42688_FIFO_Get_RealData</name>
         <load_address>0x3784</load_address>
         <readonly>true</readonly>
         <executable>true</executable>
         <run_address>0x3784</run_address>
         <size>0x114</size>
         <alignment>0x4</alignment>
         <input_file_ref idref="fl-10"/>
      </object_component>
      <object_component id="oc-269">
         <name>.text.VL53L1_update_ll_driver_rd_state</name>
         <load_address>0x3898</load_address>
         <readonly>true</readonly>
         <executable>true</executable>
         <run_address>0x3898</run_address>
         <size>0x10e</size>
         <alignment>0x4</alignment>
         <input_file_ref idref="fl-1a"/>
      </object_component>
      <object_component id="oc-29b">
         <name>.text.FusionQuaternionVectorProduct</name>
         <load_address>0x39a6</load_address>
         <readonly>true</readonly>
         <executable>true</executable>
         <run_address>0x39a6</run_address>
         <size>0x10a</size>
         <alignment>0x2</alignment>
         <input_file_ref idref="fl-2d"/>
      </object_component>
      <object_component id="oc-39">
         <name>.text.GROUP1_IRQHandler</name>
         <load_address>0x3ab0</load_address>
         <readonly>true</readonly>
         <executable>true</executable>
         <run_address>0x3ab0</run_address>
         <size>0x108</size>
         <alignment>0x4</alignment>
         <input_file_ref idref="fl-c"/>
      </object_component>
      <object_component id="oc-1ed">
         <name>.text.__SetMotor</name>
         <load_address>0x3bb8</load_address>
         <readonly>true</readonly>
         <executable>true</executable>
         <run_address>0x3bb8</run_address>
         <size>0x108</size>
         <alignment>0x4</alignment>
         <input_file_ref idref="fl-13"/>
      </object_component>
      <object_component id="oc-2df">
         <name>.text.DL_Timer_initFourCCPWMMode</name>
         <load_address>0x3cc0</load_address>
         <readonly>true</readonly>
         <executable>true</executable>
         <run_address>0x3cc0</run_address>
         <size>0x104</size>
         <alignment>0x4</alignment>
         <input_file_ref idref="fl-52"/>
      </object_component>
      <object_component id="oc-163">
         <name>.text.FusionBiasUpdate</name>
         <load_address>0x3dc4</load_address>
         <readonly>true</readonly>
         <executable>true</executable>
         <run_address>0x3dc4</run_address>
         <size>0x102</size>
         <alignment>0x2</alignment>
         <input_file_ref idref="fl-2e"/>
      </object_component>
      <object_component id="oc-2ee">
         <name>.text.DL_Timer_initTimerMode</name>
         <load_address>0x3ec8</load_address>
         <readonly>true</readonly>
         <executable>true</executable>
         <run_address>0x3ec8</run_address>
         <size>0xfc</size>
         <alignment>0x4</alignment>
         <input_file_ref idref="fl-52"/>
      </object_component>
      <object_component id="oc-262">
         <name>.text.VL53L1_i2c_encode_customer_nvm_managed</name>
         <load_address>0x3fc4</load_address>
         <readonly>true</readonly>
         <executable>true</executable>
         <run_address>0x3fc4</run_address>
         <size>0xfc</size>
         <alignment>0x4</alignment>
         <input_file_ref idref="fl-1d"/>
      </object_component>
      <object_component id="oc-1d6">
         <name>.text.FusionQuaternionToEuler</name>
         <load_address>0x40c0</load_address>
         <readonly>true</readonly>
         <executable>true</executable>
         <run_address>0x40c0</run_address>
         <size>0xf6</size>
         <alignment>0x2</alignment>
         <input_file_ref idref="fl-26"/>
      </object_component>
      <object_component id="oc-205">
         <name>.text.FusionMatrixMultiply</name>
         <load_address>0x41b6</load_address>
         <readonly>true</readonly>
         <executable>true</executable>
         <run_address>0x41b6</run_address>
         <size>0xf0</size>
         <alignment>0x2</alignment>
         <input_file_ref idref="fl-26"/>
      </object_component>
      <object_component id="oc-264">
         <name>.text.VL53L1_i2c_encode_general_config</name>
         <load_address>0x42a8</load_address>
         <readonly>true</readonly>
         <executable>true</executable>
         <run_address>0x42a8</run_address>
         <size>0xf0</size>
         <alignment>0x4</alignment>
         <input_file_ref idref="fl-1d"/>
      </object_component>
      <object_component id="oc-2d7">
         <name>.text.SYSCFG_DL_SYSCTL_SYSPLL_init</name>
         <load_address>0x4398</load_address>
         <readonly>true</readonly>
         <executable>true</executable>
         <run_address>0x4398</run_address>
         <size>0xec</size>
         <alignment>0x4</alignment>
         <input_file_ref idref="fl-1"/>
      </object_component>
      <object_component id="oc-162">
         <name>.text.FusionModelInertial</name>
         <load_address>0x4484</load_address>
         <readonly>true</readonly>
         <executable>true</executable>
         <run_address>0x4484</run_address>
         <size>0xea</size>
         <alignment>0x2</alignment>
         <input_file_ref idref="fl-26"/>
      </object_component>
      <object_component id="oc-10a">
         <name>.text.__muldf3</name>
         <load_address>0x4570</load_address>
         <readonly>true</readonly>
         <executable>true</executable>
         <run_address>0x4570</run_address>
         <size>0xe4</size>
         <alignment>0x4</alignment>
         <input_file_ref idref="fl-14b"/>
      </object_component>
      <object_component id="oc-266">
         <name>.text.VL53L1_i2c_encode_dynamic_config</name>
         <load_address>0x4654</load_address>
         <readonly>true</readonly>
         <executable>true</executable>
         <run_address>0x4654</run_address>
         <size>0xe2</size>
         <alignment>0x2</alignment>
         <input_file_ref idref="fl-1d"/>
      </object_component>
      <object_component id="oc-2d1">
         <name>.text.DL_SYSCTL_configSYSPLL</name>
         <load_address>0x4738</load_address>
         <readonly>true</readonly>
         <executable>true</executable>
         <run_address>0x4738</run_address>
         <size>0xdc</size>
         <alignment>0x4</alignment>
         <input_file_ref idref="fl-54"/>
      </object_component>
      <object_component id="oc-265">
         <name>.text.VL53L1_i2c_encode_timing_config</name>
         <load_address>0x4814</load_address>
         <readonly>true</readonly>
         <executable>true</executable>
         <run_address>0x4814</run_address>
         <size>0xdc</size>
         <alignment>0x2</alignment>
         <input_file_ref idref="fl-1d"/>
      </object_component>
      <object_component id="oc-3c7">
         <name>.text.scalbn</name>
         <load_address>0x48f0</load_address>
         <readonly>true</readonly>
         <executable>true</executable>
         <run_address>0x48f0</run_address>
         <size>0xd8</size>
         <alignment>0x4</alignment>
         <input_file_ref idref="fl-92"/>
      </object_component>
      <object_component id="oc-e0">
         <name>.text</name>
         <load_address>0x49c8</load_address>
         <readonly>true</readonly>
         <executable>true</executable>
         <run_address>0x49c8</run_address>
         <size>0xd8</size>
         <alignment>0x4</alignment>
         <input_file_ref idref="fl-149"/>
      </object_component>
      <object_component id="oc-8b">
         <name>.text.Drive_Callback</name>
         <load_address>0x4aa0</load_address>
         <readonly>true</readonly>
         <executable>true</executable>
         <run_address>0x4aa0</run_address>
         <size>0xd0</size>
         <alignment>0x4</alignment>
         <input_file_ref idref="fl-4"/>
      </object_component>
      <object_component id="oc-20d">
         <name>.text.FusionAhrsSetHeading</name>
         <load_address>0x4b70</load_address>
         <readonly>true</readonly>
         <executable>true</executable>
         <run_address>0x4b70</run_address>
         <size>0xd0</size>
         <alignment>0x2</alignment>
         <input_file_ref idref="fl-2d"/>
      </object_component>
      <object_component id="oc-95">
         <name>.text.Grayscale_Callback</name>
         <load_address>0x4c40</load_address>
         <readonly>true</readonly>
         <executable>true</executable>
         <run_address>0x4c40</run_address>
         <size>0xcc</size>
         <alignment>0x4</alignment>
         <input_file_ref idref="fl-5"/>
      </object_component>
      <object_component id="oc-26a">
         <name>.text.VL53L1_update_ll_driver_cfg_state</name>
         <load_address>0x4d0c</load_address>
         <readonly>true</readonly>
         <executable>true</executable>
         <run_address>0x4d0c</run_address>
         <size>0xbe</size>
         <alignment>0x2</alignment>
         <input_file_ref idref="fl-1a"/>
      </object_component>
      <object_component id="oc-28f">
         <name>.text.FusionAhrsRestart</name>
         <load_address>0x4dcc</load_address>
         <readonly>true</readonly>
         <executable>true</executable>
         <run_address>0x4dcc</run_address>
         <size>0xb0</size>
         <alignment>0x4</alignment>
         <input_file_ref idref="fl-2d"/>
      </object_component>
      <object_component id="oc-15c">
         <name>.text.ICM42688_UnBlocking_CallBack</name>
         <load_address>0x4e7c</load_address>
         <readonly>true</readonly>
         <executable>true</executable>
         <run_address>0x4e7c</run_address>
         <size>0xb0</size>
         <alignment>0x4</alignment>
         <input_file_ref idref="fl-10"/>
      </object_component>
      <object_component id="oc-21c">
         <name>.text.SYSCFG_DL_PWM_SERVO_init</name>
         <load_address>0x4f2c</load_address>
         <readonly>true</readonly>
         <executable>true</executable>
         <run_address>0x4f2c</run_address>
         <size>0xb0</size>
         <alignment>0x4</alignment>
         <input_file_ref idref="fl-1"/>
      </object_component>
      <object_component id="oc-82">
         <name>.text.Write</name>
         <load_address>0x4fdc</load_address>
         <readonly>true</readonly>
         <executable>true</executable>
         <run_address>0x4fdc</run_address>
         <size>0xb0</size>
         <alignment>0x4</alignment>
         <input_file_ref idref="fl-f"/>
      </object_component>
      <object_component id="oc-380">
         <name>.text.__kernel_sindf</name>
         <load_address>0x508c</load_address>
         <readonly>true</readonly>
         <executable>true</executable>
         <run_address>0x508c</run_address>
         <size>0xac</size>
         <alignment>0x4</alignment>
         <input_file_ref idref="fl-70"/>
      </object_component>
      <object_component id="oc-386">
         <name>.text.__kernel_sindf</name>
         <load_address>0x5138</load_address>
         <readonly>true</readonly>
         <executable>true</executable>
         <run_address>0x5138</run_address>
         <size>0xac</size>
         <alignment>0x4</alignment>
         <input_file_ref idref="fl-72"/>
      </object_component>
      <object_component id="oc-25d">
         <name>.text.VL53L1_i2c_encode_static_nvm_managed</name>
         <load_address>0x51e4</load_address>
         <readonly>true</readonly>
         <executable>true</executable>
         <run_address>0x51e4</run_address>
         <size>0x9e</size>
         <alignment>0x2</alignment>
         <input_file_ref idref="fl-1d"/>
      </object_component>
      <object_component id="oc-370">
         <name>.text.__kernel_cosdf</name>
         <load_address>0x5284</load_address>
         <readonly>true</readonly>
         <executable>true</executable>
         <run_address>0x5284</run_address>
         <size>0x9c</size>
         <alignment>0x4</alignment>
         <input_file_ref idref="fl-70"/>
      </object_component>
      <object_component id="oc-385">
         <name>.text.__kernel_cosdf</name>
         <load_address>0x5320</load_address>
         <readonly>true</readonly>
         <executable>true</executable>
         <run_address>0x5320</run_address>
         <size>0x9c</size>
         <alignment>0x4</alignment>
         <input_file_ref idref="fl-72"/>
      </object_component>
      <object_component id="oc-297">
         <name>.text.FusionVectorCross</name>
         <load_address>0x53bc</load_address>
         <readonly>true</readonly>
         <executable>true</executable>
         <run_address>0x53bc</run_address>
         <size>0x94</size>
         <alignment>0x2</alignment>
         <input_file_ref idref="fl-2d"/>
      </object_component>
      <object_component id="oc-235">
         <name>.text.read_key_level</name>
         <load_address>0x5450</load_address>
         <readonly>true</readonly>
         <executable>true</executable>
         <run_address>0x5450</run_address>
         <size>0x94</size>
         <alignment>0x4</alignment>
         <input_file_ref idref="fl-27"/>
      </object_component>
      <object_component id="oc-28b">
         <name>.text.SPI_CS</name>
         <load_address>0x54e4</load_address>
         <readonly>true</readonly>
         <executable>true</executable>
         <run_address>0x54e4</run_address>
         <size>0x8c</size>
         <alignment>0x4</alignment>
         <input_file_ref idref="fl-12"/>
      </object_component>
      <object_component id="oc-21b">
         <name>.text.SYSCFG_DL_PWM_Motor_init</name>
         <load_address>0x5570</load_address>
         <readonly>true</readonly>
         <executable>true</executable>
         <run_address>0x5570</run_address>
         <size>0x8c</size>
         <alignment>0x4</alignment>
         <input_file_ref idref="fl-1"/>
      </object_component>
      <object_component id="oc-dc">
         <name>.text.__mulsf3</name>
         <load_address>0x55fc</load_address>
         <readonly>true</readonly>
         <executable>true</executable>
         <run_address>0x55fc</run_address>
         <size>0x8c</size>
         <alignment>0x4</alignment>
         <input_file_ref idref="fl-14d"/>
      </object_component>
      <object_component id="oc-231">
         <name>.text.button_init</name>
         <load_address>0x5688</load_address>
         <readonly>true</readonly>
         <executable>true</executable>
         <run_address>0x5688</run_address>
         <size>0x88</size>
         <alignment>0x4</alignment>
         <input_file_ref idref="fl-11"/>
      </object_component>
      <object_component id="oc-184">
         <name>.text.SYSCFG_DL_init</name>
         <load_address>0x5710</load_address>
         <readonly>true</readonly>
         <executable>true</executable>
         <run_address>0x5710</run_address>
         <size>0x84</size>
         <alignment>0x4</alignment>
         <input_file_ref idref="fl-1"/>
      </object_component>
      <object_component id="oc-2dc">
         <name>.text.__NVIC_SetPriority</name>
         <load_address>0x5794</load_address>
         <readonly>true</readonly>
         <executable>true</executable>
         <run_address>0x5794</run_address>
         <size>0x84</size>
         <alignment>0x4</alignment>
         <input_file_ref idref="fl-1"/>
      </object_component>
      <object_component id="oc-293">
         <name>.text.Feedback</name>
         <load_address>0x5818</load_address>
         <readonly>true</readonly>
         <executable>true</executable>
         <run_address>0x5818</run_address>
         <size>0x82</size>
         <alignment>0x2</alignment>
         <input_file_ref idref="fl-2d"/>
      </object_component>
      <object_component id="oc-102">
         <name>.text.__divsf3</name>
         <load_address>0x589c</load_address>
         <readonly>true</readonly>
         <executable>true</executable>
         <run_address>0x589c</run_address>
         <size>0x82</size>
         <alignment>0x4</alignment>
         <input_file_ref idref="fl-14e"/>
      </object_component>
      <object_component id="oc-1df">
         <name>.text.select_channel</name>
         <load_address>0x5920</load_address>
         <readonly>true</readonly>
         <executable>true</executable>
         <run_address>0x5920</run_address>
         <size>0x80</size>
         <alignment>0x4</alignment>
         <input_file_ref idref="fl-b"/>
      </object_component>
      <object_component id="oc-d3">
         <name>.text.getDistance_Simply</name>
         <load_address>0x59a0</load_address>
         <readonly>true</readonly>
         <executable>true</executable>
         <run_address>0x59a0</run_address>
         <size>0x7e</size>
         <alignment>0x2</alignment>
         <input_file_ref idref="fl-22"/>
      </object_component>
      <object_component id="oc-86">
         <name>.text.Bat_Callback</name>
         <load_address>0x5a20</load_address>
         <readonly>true</readonly>
         <executable>true</executable>
         <run_address>0x5a20</run_address>
         <size>0x7c</size>
         <alignment>0x4</alignment>
         <input_file_ref idref="fl-23"/>
      </object_component>
      <object_component id="oc-168">
         <name>.text.FusionAhrsUpdateNoMagnetometer</name>
         <load_address>0x5a9c</load_address>
         <readonly>true</readonly>
         <executable>true</executable>
         <run_address>0x5a9c</run_address>
         <size>0x7c</size>
         <alignment>0x2</alignment>
         <input_file_ref idref="fl-2d"/>
      </object_component>
      <object_component id="oc-1c">
         <name>.text:decompress:lzss</name>
         <load_address>0x5b18</load_address>
         <readonly>true</readonly>
         <executable>true</executable>
         <run_address>0x5b18</run_address>
         <size>0x7c</size>
         <alignment>0x4</alignment>
         <input_file_ref idref="fl-8e"/>
      </object_component>
      <object_component id="oc-3df">
         <name>.text.__gedf2</name>
         <load_address>0x5b94</load_address>
         <readonly>true</readonly>
         <executable>true</executable>
         <run_address>0x5b94</run_address>
         <size>0x74</size>
         <alignment>0x4</alignment>
         <input_file_ref idref="fl-165"/>
      </object_component>
      <object_component id="oc-3ab">
         <name>.text.__aeabi_errno_addr</name>
         <load_address>0x5c08</load_address>
         <readonly>true</readonly>
         <executable>true</executable>
         <run_address>0x5c08</run_address>
         <size>0x8</size>
         <alignment>0x4</alignment>
         <input_file_ref idref="fl-7c"/>
      </object_component>
      <object_component id="oc-10e">
         <name>.text.__truncdfsf2</name>
         <load_address>0x5c10</load_address>
         <readonly>true</readonly>
         <executable>true</executable>
         <run_address>0x5c10</run_address>
         <size>0x74</size>
         <alignment>0x10</alignment>
         <input_file_ref idref="fl-15a"/>
      </object_component>
      <object_component id="oc-6d">
         <name>.text.my_vl53l1x_callback</name>
         <load_address>0x5c84</load_address>
         <readonly>true</readonly>
         <executable>true</executable>
         <run_address>0x5c84</run_address>
         <size>0x74</size>
         <alignment>0x4</alignment>
         <input_file_ref idref="fl-2c"/>
      </object_component>
      <object_component id="oc-227">
         <name>.text.SYSCFG_DL_BAT_ADC_init</name>
         <load_address>0x5cf8</load_address>
         <readonly>true</readonly>
         <executable>true</executable>
         <run_address>0x5cf8</run_address>
         <size>0x70</size>
         <alignment>0x4</alignment>
         <input_file_ref idref="fl-1"/>
      </object_component>
      <object_component id="oc-21a">
         <name>.text.SYSCFG_DL_SYSCTL_init</name>
         <load_address>0x5d68</load_address>
         <readonly>true</readonly>
         <executable>true</executable>
         <run_address>0x5d68</run_address>
         <size>0x70</size>
         <alignment>0x4</alignment>
         <input_file_ref idref="fl-1"/>
      </object_component>
      <object_component id="oc-6b">
         <name>.text.Get_us</name>
         <load_address>0x5dd8</load_address>
         <readonly>true</readonly>
         <executable>true</executable>
         <run_address>0x5dd8</run_address>
         <size>0x6c</size>
         <alignment>0x4</alignment>
         <input_file_ref idref="fl-9"/>
      </object_component>
      <object_component id="oc-1f4">
         <name>.text.SPI_TryLock</name>
         <load_address>0x5e44</load_address>
         <readonly>true</readonly>
         <executable>true</executable>
         <run_address>0x5e44</run_address>
         <size>0x6c</size>
         <alignment>0x4</alignment>
         <input_file_ref idref="fl-12"/>
      </object_component>
      <object_component id="oc-189">
         <name>.text.Key_Init</name>
         <load_address>0x5eb0</load_address>
         <readonly>true</readonly>
         <executable>true</executable>
         <run_address>0x5eb0</run_address>
         <size>0x68</size>
         <alignment>0x4</alignment>
         <input_file_ref idref="fl-27"/>
      </object_component>
      <object_component id="oc-11f">
         <name>.text.Motor_SetSpeed</name>
         <load_address>0x5f18</load_address>
         <readonly>true</readonly>
         <executable>true</executable>
         <run_address>0x5f18</run_address>
         <size>0x68</size>
         <alignment>0x4</alignment>
         <input_file_ref idref="fl-29"/>
      </object_component>
      <object_component id="oc-21d">
         <name>.text.SYSCFG_DL_PWM_BUZZER_init</name>
         <load_address>0x5f80</load_address>
         <readonly>true</readonly>
         <executable>true</executable>
         <run_address>0x5f80</run_address>
         <size>0x68</size>
         <alignment>0x4</alignment>
         <input_file_ref idref="fl-1"/>
      </object_component>
      <object_component id="oc-3d9">
         <name>.text.__ledf2</name>
         <load_address>0x5fe8</load_address>
         <readonly>true</readonly>
         <executable>true</executable>
         <run_address>0x5fe8</run_address>
         <size>0x68</size>
         <alignment>0x4</alignment>
         <input_file_ref idref="fl-165"/>
      </object_component>
      <object_component id="oc-267">
         <name>.text.VL53L1_i2c_encode_system_control</name>
         <load_address>0x6050</load_address>
         <readonly>true</readonly>
         <executable>true</executable>
         <run_address>0x6050</run_address>
         <size>0x66</size>
         <alignment>0x2</alignment>
         <input_file_ref idref="fl-1d"/>
      </object_component>
      <object_component id="oc-398">
         <name>.text.__aeabi_dcmp</name>
         <load_address>0x60b8</load_address>
         <readonly>true</readonly>
         <executable>true</executable>
         <run_address>0x60b8</run_address>
         <size>0x62</size>
         <alignment>0x4</alignment>
         <input_file_ref idref="fl-15b"/>
      </object_component>
      <object_component id="oc-139">
         <name>.text.__aeabi_fcmp</name>
         <load_address>0x611c</load_address>
         <readonly>true</readonly>
         <executable>true</executable>
         <run_address>0x611c</run_address>
         <size>0x62</size>
         <alignment>0x4</alignment>
         <input_file_ref idref="fl-15c"/>
      </object_component>
      <object_component id="oc-119">
         <name>.text.CalculateAngleError</name>
         <load_address>0x6180</load_address>
         <readonly>true</readonly>
         <executable>true</executable>
         <run_address>0x6180</run_address>
         <size>0x60</size>
         <alignment>0x4</alignment>
         <input_file_ref idref="fl-4"/>
      </object_component>
      <object_component id="oc-344">
         <name>.text.DL_I2C_fillControllerTXFIFO</name>
         <load_address>0x61e0</load_address>
         <readonly>true</readonly>
         <executable>true</executable>
         <run_address>0x61e0</run_address>
         <size>0x5e</size>
         <alignment>0x2</alignment>
         <input_file_ref idref="fl-50"/>
      </object_component>
      <object_component id="oc-29c">
         <name>.text.FusionQuaternionAdd</name>
         <load_address>0x623e</load_address>
         <readonly>true</readonly>
         <executable>true</executable>
         <run_address>0x623e</run_address>
         <size>0x5e</size>
         <alignment>0x2</alignment>
         <input_file_ref idref="fl-2d"/>
      </object_component>
      <object_component id="oc-3b8">
         <name>.text.FusionQuaternionHadamard</name>
[...]
         <value>0x0</value>
      </symbol>
      <symbol id="sm-553">
         <name>__TI_ATRegion0_trg_addr</name>
         <value>0x0</value>
      </symbol>
      <symbol id="sm-554">
         <name>__TI_ATRegion0_region_sz</name>
         <value>0x0</value>
      </symbol>
      <symbol id="sm-555">
         <name>__TI_ATRegion1_src_addr</name>
         <value>0x0</value>
      </symbol>
      <symbol id="sm-556">
         <name>__TI_ATRegion1_trg_addr</name>
         <value>0x0</value>
      </symbol>
      <symbol id="sm-557">
         <name>__TI_ATRegion1_region_sz</name>
         <value>0x0</value>
      </symbol>
      <symbol id="sm-558">
         <name>__TI_ATRegion2_src_addr</name>
         <value>0x0</value>
      </symbol>
      <symbol id="sm-559">
         <name>__TI_ATRegion2_trg_addr</name>
         <value>0x0</value>
      </symbol>
      <symbol id="sm-55a">
         <name>__TI_ATRegion2_region_sz</name>
         <value>0x0</value>
      </symbol>
      <symbol id="sm-565">
         <name>DL_ADC12_setClockConfig</name>
         <value>0x6c81</value>
         <object_component_ref idref="oc-322"/>
      </symbol>
      <symbol id="sm-56e">
         <name>DL_Common_delayCycles</name>
         <value>0x836d</value>
         <object_component_ref idref="oc-2b8"/>
      </symbol>
      <symbol id="sm-57a">
         <name>DL_I2C_setClockConfig</name>
         <value>0x776f</value>
         <object_component_ref idref="oc-2f4"/>
      </symbol>
      <symbol id="sm-57b">
         <name>DL_I2C_fillControllerTXFIFO</name>
         <value>0x61e1</value>
         <object_component_ref idref="oc-344"/>
      </symbol>
      <symbol id="sm-588">
         <name>DL_SPI_init</name>
         <value>0x6b71</value>
         <object_component_ref idref="oc-31c"/>
      </symbol>
      <symbol id="sm-589">
         <name>DL_SPI_setClockConfig</name>
         <value>0x81df</value>
         <object_component_ref idref="oc-316"/>
      </symbol>
      <symbol id="sm-5a9">
         <name>DL_Timer_setClockConfig</name>
         <value>0x7b41</value>
         <object_component_ref idref="oc-2de"/>
      </symbol>
      <symbol id="sm-5aa">
         <name>DL_Timer_initTimerMode</name>
         <value>0x3ec9</value>
         <object_component_ref idref="oc-2ee"/>
      </symbol>
      <symbol id="sm-5ab">
         <name>DL_Timer_setCaptureCompareValue</name>
         <value>0x828d</value>
         <object_component_ref idref="oc-281"/>
      </symbol>
      <symbol id="sm-5ac">
         <name>DL_Timer_initCaptureMode</name>
         <value>0x3435</value>
         <object_component_ref idref="oc-2eb"/>
      </symbol>
      <symbol id="sm-5ad">
         <name>DL_Timer_setCaptCompUpdateMethod</name>
         <value>0x7b25</value>
         <object_component_ref idref="oc-2e2"/>
      </symbol>
      <symbol id="sm-5ae">
         <name>DL_Timer_setCaptureCompareOutCtl</name>
         <value>0x7eb5</value>
         <object_component_ref idref="oc-2e1"/>
      </symbol>
      <symbol id="sm-5af">
         <name>DL_Timer_initFourCCPWMMode</name>
         <value>0x3cc1</value>
         <object_component_ref idref="oc-2df"/>
      </symbol>
      <symbol id="sm-5bc">
         <name>DL_UART_init</name>
         <value>0x68f5</value>
         <object_component_ref idref="oc-309"/>
      </symbol>
      <symbol id="sm-5bd">
         <name>DL_UART_setClockConfig</name>
         <value>0x8203</value>
         <object_component_ref idref="oc-303"/>
      </symbol>
      <symbol id="sm-5ce">
         <name>DL_SYSCTL_configSYSPLL</name>
         <value>0x4739</value>
         <object_component_ref idref="oc-2d1"/>
      </symbol>
      <symbol id="sm-5cf">
         <name>DL_SYSCTL_switchMCLKfromSYSOSCtoHSCLK</name>
         <value>0x6bb5</value>
         <object_component_ref idref="oc-2db"/>
      </symbol>
      <symbol id="sm-5d0">
         <name>DL_SYSCTL_configFCC</name>
         <value>0x7a99</value>
         <object_component_ref idref="oc-390"/>
      </symbol>
      <symbol id="sm-5de">
         <name>asinf</name>
         <value>0x2a21</value>
         <object_component_ref idref="oc-359"/>
      </symbol>
      <symbol id="sm-5ec">
         <name>atan2f</name>
         <value>0x366d</value>
         <object_component_ref idref="oc-26e"/>
      </symbol>
      <symbol id="sm-602">
         <name>atanf</name>
         <value>0x2065</value>
         <object_component_ref idref="oc-350"/>
      </symbol>
      <symbol id="sm-621">
         <name>cosf</name>
         <value>0x1cc5</value>
         <object_component_ref idref="oc-29e"/>
      </symbol>
      <symbol id="sm-641">
         <name>sinf</name>
         <value>0x222d</value>
         <object_component_ref idref="oc-2a4"/>
      </symbol>
      <symbol id="sm-655">
         <name>__aeabi_errno_addr</name>
         <value>0x5c09</value>
         <object_component_ref idref="oc-3ab"/>
      </symbol>
      <symbol id="sm-656">
         <name>__aeabi_errno</name>
         <value>0x20201358</value>
         <object_component_ref idref="oc-3e1"/>
      </symbol>
      <symbol id="sm-672">
         <name>__kernel_rem_pio2</name>
         <value>0xc1</value>
         <object_component_ref idref="oc-37a"/>
      </symbol>
      <symbol id="sm-67c">
         <name>abort</name>
         <value>0x83f7</value>
         <object_component_ref idref="oc-197"/>
      </symbol>
      <symbol id="sm-68f">
         <name>_c_int00_noargs</name>
         <value>0x7721</value>
         <object_component_ref idref="oc-61"/>
      </symbol>
      <symbol id="sm-690">
         <name>__stack</name>
         <value>0x20207e00</value>
         <object_component_ref idref="oc-1a"/>
      </symbol>
      <symbol id="sm-69f">
         <name>__TI_auto_init_nobinit_nopinit</name>
         <value>0x7025</value>
         <object_component_ref idref="oc-19e"/>
      </symbol>
      <symbol id="sm-6a7">
         <name>_system_pre_init</name>
         <value>0x8445</value>
         <object_component_ref idref="oc-b7"/>
      </symbol>
      <symbol id="sm-6b2">
         <name>__TI_zero_init</name>
         <value>0x82ed</value>
         <object_component_ref idref="oc-5e"/>
      </symbol>
      <symbol id="sm-6bb">
         <name>__TI_decompress_none</name>
         <value>0x8239</value>
         <object_component_ref idref="oc-20"/>
      </symbol>
      <symbol id="sm-6c6">
         <name>__TI_decompress_lzss</name>
         <value>0x5b19</value>
         <object_component_ref idref="oc-1c"/>
      </symbol>
      <symbol id="sm-6d0">
         <name>sqrt</name>
         <value>0x274d</value>
         <object_component_ref idref="oc-3b1"/>
      </symbol>
      <symbol id="sm-6d1">
         <name>sqrtl</name>
         <value>0x274d</value>
         <object_component_ref idref="oc-3b1"/>
      </symbol>
      <symbol id="sm-6db">
         <name>floor</name>
         <value>0x2e15</value>
         <object_component_ref idref="oc-3cb"/>
      </symbol>
      <symbol id="sm-6dc">
         <name>floorl</name>
         <value>0x2e15</value>
         <object_component_ref idref="oc-3cb"/>
      </symbol>
      <symbol id="sm-6e7">
         <name>scalbn</name>
         <value>0x48f1</value>
         <object_component_ref idref="oc-3c7"/>
      </symbol>
      <symbol id="sm-6e8">
         <name>ldexp</name>
         <value>0x48f1</value>
         <object_component_ref idref="oc-3c7"/>
      </symbol>
      <symbol id="sm-6e9">
         <name>scalbnl</name>
         <value>0x48f1</value>
         <object_component_ref idref="oc-3c7"/>
      </symbol>
      <symbol id="sm-6ea">
         <name>ldexpl</name>
         <value>0x48f1</value>
         <object_component_ref idref="oc-3c7"/>
      </symbol>
      <symbol id="sm-6f8">
         <name>HOSTexit</name>
         <value>0x8401</value>
         <object_component_ref idref="oc-23f"/>
      </symbol>
      <symbol id="sm-6f9">
         <name>C$$EXIT</name>
         <value>0x8400</value>
         <object_component_ref idref="oc-23f"/>
      </symbol>
      <symbol id="sm-70e">
         <name>__aeabi_fadd</name>
         <value>0x49d3</value>
         <object_component_ref idref="oc-e0"/>
      </symbol>
      <symbol id="sm-70f">
         <name>__addsf3</name>
         <value>0x49d3</value>
         <object_component_ref idref="oc-e0"/>
      </symbol>
      <symbol id="sm-710">
         <name>__aeabi_fsub</name>
         <value>0x49c9</value>
         <object_component_ref idref="oc-e0"/>
      </symbol>
      <symbol id="sm-711">
         <name>__subsf3</name>
         <value>0x49c9</value>
         <object_component_ref idref="oc-e0"/>
      </symbol>
      <symbol id="sm-71a">
         <name>__aeabi_dadd</name>
         <value>0x25c3</value>
         <object_component_ref idref="oc-371"/>
      </symbol>
      <symbol id="sm-71b">
         <name>__adddf3</name>
         <value>0x25c3</value>
         <object_component_ref idref="oc-371"/>
      </symbol>
      <symbol id="sm-71c">
         <name>__aeabi_dsub</name>
         <value>0x25b9</value>
         <object_component_ref idref="oc-371"/>
      </symbol>
      <symbol id="sm-71d">
         <name>__subdf3</name>
         <value>0x25b9</value>
         <object_component_ref idref="oc-371"/>
      </symbol>
      <symbol id="sm-726">
         <name>__aeabi_dmul</name>
         <value>0x4571</value>
         <object_component_ref idref="oc-10a"/>
      </symbol>
      <symbol id="sm-727">
         <name>__muldf3</name>
         <value>0x4571</value>
         <object_component_ref idref="oc-10a"/>
      </symbol>
      <symbol id="sm-730">
         <name>__muldsi3</name>
         <value>0x7111</value>
         <object_component_ref idref="oc-1b6"/>
      </symbol>
      <symbol id="sm-736">
         <name>__aeabi_fmul</name>
         <value>0x55fd</value>
         <object_component_ref idref="oc-dc"/>
      </symbol>
      <symbol id="sm-737">
         <name>__mulsf3</name>
         <value>0x55fd</value>
         <object_component_ref idref="oc-dc"/>
      </symbol>
      <symbol id="sm-740">
         <name>__aeabi_fdiv</name>
         <value>0x589d</value>
         <object_component_ref idref="oc-102"/>
      </symbol>
      <symbol id="sm-741">
         <name>__divsf3</name>
         <value>0x589d</value>
         <object_component_ref idref="oc-102"/>
      </symbol>
      <symbol id="sm-74a">
         <name>__aeabi_f2d</name>
         <value>0x6e41</value>
         <object_component_ref idref="oc-106"/>
      </symbol>
      <symbol id="sm-74b">
         <name>__extendsfdf2</name>
         <value>0x6e41</value>
         <object_component_ref idref="oc-106"/>
      </symbol>
      <symbol id="sm-754">
         <name>__aeabi_d2iz</name>
         <value>0x68a9</value>
         <object_component_ref idref="oc-375"/>
      </symbol>
      <symbol id="sm-755">
         <name>__fixdfsi</name>
         <value>0x68a9</value>
         <object_component_ref idref="oc-375"/>
      </symbol>
      <symbol id="sm-75b">
         <name>__aeabi_f2iz</name>
         <value>0x7185</value>
         <object_component_ref idref="oc-35f"/>
      </symbol>
      <symbol id="sm-75c">
         <name>__fixsfsi</name>
         <value>0x7185</value>
         <object_component_ref idref="oc-35f"/>
      </symbol>
      <symbol id="sm-762">
         <name>__aeabi_f2uiz</name>
         <value>0x72fd</value>
         <object_component_ref idref="oc-27a"/>
      </symbol>
      <symbol id="sm-763">
         <name>__fixunssfsi</name>
         <value>0x72fd</value>
         <object_component_ref idref="oc-27a"/>
      </symbol>
      <symbol id="sm-769">
         <name>__aeabi_i2d</name>
         <value>0x7561</value>
         <object_component_ref idref="oc-3c2"/>
      </symbol>
      <symbol id="sm-76a">
         <name>__floatsidf</name>
         <value>0x7561</value>
         <object_component_ref idref="oc-3c2"/>
      </symbol>
      <symbol id="sm-770">
         <name>__aeabi_i2f</name>
         <value>0x6f71</value>
         <object_component_ref idref="oc-d8"/>
      </symbol>
      <symbol id="sm-771">
         <name>__floatsisf</name>
         <value>0x6f71</value>
         <object_component_ref idref="oc-d8"/>
      </symbol>
      <symbol id="sm-777">
         <name>__aeabi_ul2f</name>
         <value>0x7229</value>
         <object_component_ref idref="oc-1d7"/>
      </symbol>
      <symbol id="sm-778">
         <name>__floatundisf</name>
         <value>0x7229</value>
         <object_component_ref idref="oc-1d7"/>
      </symbol>
      <symbol id="sm-77e">
         <name>__aeabi_ui2d</name>
         <value>0x7801</value>
         <object_component_ref idref="oc-394"/>
      </symbol>
      <symbol id="sm-77f">
         <name>__floatunsidf</name>
         <value>0x7801</value>
         <object_component_ref idref="oc-394"/>
      </symbol>
      <symbol id="sm-785">
         <name>__aeabi_ui2f</name>
         <value>0x76f9</value>
         <object_component_ref idref="oc-fe"/>
      </symbol>
      <symbol id="sm-786">
         <name>__floatunsisf</name>
         <value>0x76f9</value>
         <object_component_ref idref="oc-fe"/>
      </symbol>
      <symbol id="sm-78c">
         <name>__aeabi_lmul</name>
         <value>0x7825</value>
         <object_component_ref idref="oc-ce"/>
      </symbol>
      <symbol id="sm-78d">
         <name>__muldi3</name>
         <value>0x7825</value>
         <object_component_ref idref="oc-ce"/>
      </symbol>
      <symbol id="sm-794">
         <name>__aeabi_d2f</name>
         <value>0x5c11</value>
         <object_component_ref idref="oc-10e"/>
      </symbol>
      <symbol id="sm-795">
         <name>__truncdfsf2</name>
         <value>0x5c11</value>
         <object_component_ref idref="oc-10e"/>
      </symbol>
      <symbol id="sm-79b">
         <name>__aeabi_dcmpeq</name>
         <value>0x60b9</value>
         <object_component_ref idref="oc-398"/>
      </symbol>
      <symbol id="sm-79c">
         <name>__aeabi_dcmplt</name>
         <value>0x60cd</value>
         <object_component_ref idref="oc-398"/>
      </symbol>
      <symbol id="sm-79d">
         <name>__aeabi_dcmple</name>
         <value>0x60e1</value>
         <object_component_ref idref="oc-398"/>
      </symbol>
      <symbol id="sm-79e">
         <name>__aeabi_dcmpge</name>
         <value>0x60f5</value>
         <object_component_ref idref="oc-398"/>
      </symbol>
      <symbol id="sm-79f">
         <name>__aeabi_dcmpgt</name>
         <value>0x6109</value>
         <object_component_ref idref="oc-398"/>
      </symbol>
      <symbol id="sm-7a5">
         <name>__aeabi_fcmpeq</name>
         <value>0x611d</value>
         <object_component_ref idref="oc-139"/>
      </symbol>
      <symbol id="sm-7a6">
         <name>__aeabi_fcmplt</name>
         <value>0x6131</value>
         <object_component_ref idref="oc-139"/>
      </symbol>
      <symbol id="sm-7a7">
         <name>__aeabi_fcmple</name>
         <value>0x6145</value>
         <object_component_ref idref="oc-139"/>
      </symbol>
      <symbol id="sm-7a8">
         <name>__aeabi_fcmpge</name>
         <value>0x6159</value>
         <object_component_ref idref="oc-139"/>
      </symbol>
      <symbol id="sm-7a9">
         <name>__aeabi_fcmpgt</name>
         <value>0x616d</value>
         <object_component_ref idref="oc-139"/>
      </symbol>
      <symbol id="sm-7af">
         <name>__aeabi_idiv</name>
         <value>0x6465</value>
         <object_component_ref idref="oc-3be"/>
      </symbol>
      <symbol id="sm-7b0">
         <name>__aeabi_idivmod</name>
         <value>0x6465</value>
         <object_component_ref idref="oc-3be"/>
      </symbol>
      <symbol id="sm-7b6">
         <name>__aeabi_memcpy</name>
         <value>0x8395</value>
         <object_component_ref idref="oc-51"/>
      </symbol>
      <symbol id="sm-7b7">
         <name>__aeabi_memcpy4</name>
         <value>0x8395</value>
         <object_component_ref idref="oc-51"/>
      </symbol>
      <symbol id="sm-7b8">
         <name>__aeabi_memcpy8</name>
         <value>0x8395</value>
         <object_component_ref idref="oc-51"/>
      </symbol>
      <symbol id="sm-7bf">
         <name>__aeabi_memclr</name>
         <value>0x8349</value>
         <object_component_ref idref="oc-b2"/>
      </symbol>
      <symbol id="sm-7c0">
         <name>__aeabi_memclr4</name>
         <value>0x8349</value>
         <object_component_ref idref="oc-b2"/>
      </symbol>
      <symbol id="sm-7c1">
         <name>__aeabi_memclr8</name>
         <value>0x8349</value>
         <object_component_ref idref="oc-b2"/>
      </symbol>
      <symbol id="sm-7c7">
         <name>__aeabi_uidiv</name>
         <value>0x6e01</value>
         <object_component_ref idref="oc-ca"/>
      </symbol>
      <symbol id="sm-7c8">
         <name>__aeabi_uidivmod</name>
         <value>0x6e01</value>
         <object_component_ref idref="oc-ca"/>
      </symbol>
      <symbol id="sm-7d1">
         <name>__eqsf2</name>
         <value>0x70d5</value>
         <object_component_ref idref="oc-1e4"/>
      </symbol>
      <symbol id="sm-7d2">
         <name>__lesf2</name>
         <value>0x70d5</value>
         <object_component_ref idref="oc-1e4"/>
      </symbol>
      <symbol id="sm-7d3">
         <name>__ltsf2</name>
         <value>0x70d5</value>
         <object_component_ref idref="oc-1e4"/>
      </symbol>
      <symbol id="sm-7d4">
         <name>__nesf2</name>
         <value>0x70d5</value>
         <object_component_ref idref="oc-1e4"/>
      </symbol>
      <symbol id="sm-7d5">
         <name>__cmpsf2</name>
         <value>0x70d5</value>
         <object_component_ref idref="oc-1e4"/>
      </symbol>
      <symbol id="sm-7d6">
         <name>__gtsf2</name>
         <value>0x6fad</value>
         <object_component_ref idref="oc-1e9"/>
      </symbol>
      <symbol id="sm-7d7">
         <name>__gesf2</name>
         <value>0x6fad</value>
         <object_component_ref idref="oc-1e9"/>
      </symbol>
      <symbol id="sm-7e5">
         <name>__ledf2</name>
         <value>0x5fe9</value>
         <object_component_ref idref="oc-3d9"/>
      </symbol>
      <symbol id="sm-7e6">
         <name>__gedf2</name>
         <value>0x5b95</value>
         <object_component_ref idref="oc-3df"/>
      </symbol>
      <symbol id="sm-7e7">
         <name>__cmpdf2</name>
         <value>0x5fe9</value>
         <object_component_ref idref="oc-3d9"/>
      </symbol>
      <symbol id="sm-7e8">
         <name>__eqdf2</name>
         <value>0x5fe9</value>
         <object_component_ref idref="oc-3d9"/>
      </symbol>
      <symbol id="sm-7e9">
         <name>__ltdf2</name>
         <value>0x5fe9</value>
         <object_component_ref idref="oc-3d9"/>
      </symbol>
      <symbol id="sm-7ea">
         <name>__nedf2</name>
         <value>0x5fe9</value>
         <object_component_ref idref="oc-3d9"/>
      </symbol>
      <symbol id="sm-7eb">
         <name>__gtdf2</name>
         <value>0x5b95</value>
         <object_component_ref idref="oc-3df"/>
      </symbol>
      <symbol id="sm-7f5">
         <name>__aeabi_idiv0</name>
         <value>0x274b</value>
         <object_component_ref idref="oc-1b0"/>
      </symbol>
      <symbol id="sm-7ff">
         <name>TI_memcpy_small</name>
         <value>0x8227</value>
         <object_component_ref idref="oc-17a"/>
      </symbol>
      <symbol id="sm-808">
         <name>TI_memset_small</name>
         <value>0x82fd</value>
         <object_component_ref idref="oc-212"/>
      </symbol>
      <symbol id="sm-809">
         <name>__TI_static_base__</name>
         <value>0x0</value>
      </symbol>
      <symbol id="sm-80d">
         <name>__mpu_init</name>
         <value>0x0</value>
      </symbol>
      <symbol id="sm-80e">
         <name>_system_post_cinit</name>
         <value>0x0</value>
      </symbol>
   </symbol_table>
   <title>Link successful</title>
</link_info>
