******************************************************************************
            TI ARM Clang Linker PC v4.0.4                      
******************************************************************************
>> Linked Fri Jul 10 20:49:44 2026

OUTPUT FILE NAME:   <MSP_Car_1.out>
ENTRY POINT SYMBOL: "_c_int00_noargs"  address: 00007831


MEMORY CONFIGURATION

         name            origin    length      used     unused   attr    fill
----------------------  --------  ---------  --------  --------  ----  --------
  FLASH                 00000000   00020000  000088b0  00017750  R  X
  SRAM                  20200000   00008000  000015b9  00006a47  RW X
  BCR_CONFIG            41c00000   000000ff  00000000  000000ff  R   
  BSL_CONFIG            41c00100   00000080  00000000  00000080  R   


SEGMENT ALLOCATION MAP

run origin  load origin   length   init length attrs members
----------  ----------- ---------- ----------- ----- -------
00000000    00000000    000088b0   000088b0    r-x
  00000000    00000000    000000c0   000000c0    r-- .intvecs
  000000c0    000000c0    000084c0   000084c0    r-x .text
  00008580    00008580    000002d0   000002d0    r-- .rodata
  00008850    00008850    00000060   00000060    r-- .cinit
20200000    20200000    000013bd   00000000    rw-
  20200000    20200000    000012ec   00000000    rw- .bss
  202012f0    202012f0    000000cd   00000000    rw- .data
20207e00    20207e00    00000200   00000000    rw-
  20207e00    20207e00    00000200   00000000    rw- .stack


SECTION ALLOCATION MAP

 output                                  attributes/
section   page    origin      length       input sections
--------  ----  ----------  ----------   ----------------
.intvecs   0    00000000    000000c0     
                  00000000    000000c0     startup_mspm0g350x_ticlang.o (.intvecs)

.text      0    000000c0    000084c0     
                  000000c0    00000644     libc.a : k_rem_pio2.c.obj (.text.__kernel_rem_pio2)
                  00000704    00000414     FusionAhrs.o (.text.FusionAhrsUpdate)
                  00000b18    000003f4     multi_button.o (.text.button_handler)
                  00000f0c    000003d8     vl53l1_api_core.o (.text.VL53L1_init_and_start_range)
                  000012e4    00000324     ti_msp_dl_config.o (.text.SYSCFG_DL_GPIO_init)
                  00001608    00000280     Motor.o (.text.Motor_Callback)
                  00001888    00000258     Encoder.o (.text.Encoder_Callback)
                  00001ae0    000001f0     IMU.o (.text.IMU_Callback)
                  00001cd0    000001d4     libc.a : s_cosf.c.obj (.text.cosf)
                  00001ea4    000001cc     IOI2C.o (.text.IICreadBytes)
                  00002070    000001c8     libc.a : s_atanf.c.obj (.text.atanf)
                  00002238    000001c8            : s_sinf.c.obj (.text.sinf)
                  00002400    000001c4     FusionAhrs.o (.text.HalfMagnetic)
                  000025c4    00000192     libclang_rt.builtins.a : adddf3.S.obj (.text.adddf3_subdf3)
                  00002756    00000002                            : aeabi_div0.c.obj (.text.__aeabi_idiv0)
                  00002758    00000170     libc.a : e_sqrt.c.obj (.text.sqrt)
                  000028c8    00000162     vl53l1_register_funcs.o (.text.VL53L1_i2c_encode_static_config)
                  00002a2a    00000002     --HOLE-- [fill = 0]
                  00002a2c    00000160     libc.a : e_asinf.c.obj (.text.asinf)
                  00002b8c    0000014e     FusionAhrs.o (.text.FusionQuaternionProduct)
                  00002cda    00000002     --HOLE-- [fill = 0]
                  00002cdc    00000144     PID.o (.text.PID_Compute)
                  00002e20    00000144     libc.a : s_floor.c.obj (.text.floor)
                  00002f64    0000013c     Encoder.o (.text.Encoder_Speed_Get_LEFT)
                  000030a0    0000013c     Encoder.o (.text.Encoder_Speed_Get_RIGHT)
                  000031dc    00000132     FusionAhrs.o (.text.HalfGravity)
                  0000330e    00000002     --HOLE-- [fill = 0]
                  00003310    00000130     IOI2C.o (.text.IICwriteBytes)
                  00003440    0000011c     driverlib.a : dl_timer.o (.text.DL_Timer_initCaptureMode)
                  0000355c    0000011c     ti_msp_dl_config.o (.text.SYSCFG_DL_initPower)
                  00003678    00000118     libc.a : e_atan2f.c.obj (.text.atan2f)
                  00003790    00000114     icm42688.o (.text.ICM42688_FIFO_Get_RealData)
                  000038a4    0000010e     vl53l1_core.o (.text.VL53L1_update_ll_driver_rd_state)
                  000039b2    0000010a     FusionAhrs.o (.text.FusionQuaternionVectorProduct)
                  00003abc    00000108     Interrupt.o (.text.GROUP1_IRQHandler)
                  00003bc4    00000108     tb6612.o (.text.__SetMotor)
                  00003ccc    00000104     driverlib.a : dl_timer.o (.text.DL_Timer_initFourCCPWMMode)
                  00003dd0    00000102     FusionBias.o (.text.FusionBiasUpdate)
                  00003ed2    00000002     --HOLE-- [fill = 0]
                  00003ed4    000000fc     driverlib.a : dl_timer.o (.text.DL_Timer_initTimerMode)
                  00003fd0    000000fc     vl53l1_register_funcs.o (.text.VL53L1_i2c_encode_customer_nvm_managed)
                  000040cc    000000f6     IMU.o (.text.FusionQuaternionToEuler)
                  000041c2    000000f0     IMU.o (.text.FusionMatrixMultiply)
                  000042b2    00000002     --HOLE-- [fill = 0]
                  000042b4    000000f0     vl53l1_register_funcs.o (.text.VL53L1_i2c_encode_general_config)
                  000043a4    000000ec     ti_msp_dl_config.o (.text.SYSCFG_DL_SYSCTL_SYSPLL_init)
                  00004490    000000ea     IMU.o (.text.FusionModelInertial)
                  0000457a    00000002     --HOLE-- [fill = 0]
                  0000457c    000000e4     libclang_rt.builtins.a : muldf3.S.obj (.text.__muldf3)
                  00004660    000000e2     vl53l1_register_funcs.o (.text.VL53L1_i2c_encode_dynamic_config)
                  00004742    00000002     --HOLE-- [fill = 0]
                  00004744    000000dc     driverlib.a : dl_sysctl_mspm0g1x0x_g3x0x.o (.text.DL_SYSCTL_configSYSPLL)
                  00004820    000000dc     vl53l1_register_funcs.o (.text.VL53L1_i2c_encode_timing_config)
                  000048fc    000000d8     libc.a : s_scalbn.c.obj (.text.scalbn)
                  000049d4    000000d8     libclang_rt.builtins.a : addsf3.S.obj (.text)
                  00004aac    000000d0     Drive.o (.text.Drive_Callback)
                  00004b7c    000000d0     FusionAhrs.o (.text.FusionAhrsSetHeading)
                  00004c4c    000000cc     Grayscale_Signal.o (.text.Grayscale_Callback)
                  00004d18    000000be     vl53l1_core.o (.text.VL53L1_update_ll_driver_cfg_state)
                  00004dd6    00000002     --HOLE-- [fill = 0]
                  00004dd8    000000b0     FusionAhrs.o (.text.FusionAhrsRestart)
                  00004e88    000000b0     icm42688.o (.text.ICM42688_UnBlocking_CallBack)
                  00004f38    000000b0     ti_msp_dl_config.o (.text.SYSCFG_DL_PWM_SERVO_init)
                  00004fe8    000000b0     Usart.o (.text.Write)
                  00005098    000000ac     libc.a : s_cosf.c.obj (.text.__kernel_sindf)
                  00005144    000000ac            : s_sinf.c.obj (.text.__kernel_sindf)
                  000051f0    0000009e     vl53l1_register_funcs.o (.text.VL53L1_i2c_encode_static_nvm_managed)
                  0000528e    00000002     --HOLE-- [fill = 0]
                  00005290    0000009c     libc.a : s_cosf.c.obj (.text.__kernel_cosdf)
                  0000532c    0000009c            : s_sinf.c.obj (.text.__kernel_cosdf)
                  000053c8    00000094     FusionAhrs.o (.text.FusionVectorCross)
                  0000545c    00000094     Key.o (.text.read_key_level)
                  000054f0    0000008c     spi.o (.text.SPI_CS)
                  0000557c    0000008c     ti_msp_dl_config.o (.text.SYSCFG_DL_PWM_Motor_init)
                  00005608    0000008c     libclang_rt.builtins.a : mulsf3.S.obj (.text.__mulsf3)
                  00005694    00000088     ti_msp_dl_config.o (.text.SYSCFG_DL_init)
                  0000571c    00000088     multi_button.o (.text.button_init)
                  000057a4    00000084     ti_msp_dl_config.o (.text.__NVIC_SetPriority)
                  00005828    00000082     FusionAhrs.o (.text.Feedback)
                  000058aa    00000002     --HOLE-- [fill = 0]
                  000058ac    00000082     libclang_rt.builtins.a : divsf3.S.obj (.text.__divsf3)
                  0000592e    00000002     --HOLE-- [fill = 0]
                  00005930    00000080     Grayscale.o (.text.select_channel)
                  000059b0    0000007e     vl53l1x.o (.text.getDistance_Simply)
                  00005a2e    00000002     --HOLE-- [fill = 0]
                  00005a30    0000007c     Bat.o (.text.Bat_Callback)
                  00005aac    0000007c     FusionAhrs.o (.text.FusionAhrsUpdateNoMagnetometer)
                  00005b28    0000007c     libc.a : copy_decompress_lzss.c.obj (.text:decompress:lzss)
                  00005ba4    00000074     libclang_rt.builtins.a : comparedf2.c.obj (.text.__gedf2)
                  00005c18    00000008     ti_msp_dl_config.o (.text.SYSCFG_DL_DMA_init)
                  00005c20    00000074     libclang_rt.builtins.a : truncdfsf2.S.obj (.text.__truncdfsf2)
                  00005c94    00000074     my_vl53l1x.o (.text.my_vl53l1x_callback)
                  00005d08    00000070     ti_msp_dl_config.o (.text.SYSCFG_DL_BAT_ADC_init)
                  00005d78    00000070     ti_msp_dl_config.o (.text.SYSCFG_DL_SYSCTL_init)
                  00005de8    0000006c     Delay.o (.text.Get_us)
                  00005e54    0000006c     spi.o (.text.SPI_TryLock)
                  00005ec0    00000068     Key.o (.text.Key_Init)
                  00005f28    00000068     Motor.o (.text.Motor_SetSpeed)
                  00005f90    00000068     ti_msp_dl_config.o (.text.SYSCFG_DL_PWM_BUZZER_init)
                  00005ff8    00000068     libclang_rt.builtins.a : comparedf2.c.obj (.text.__ledf2)
                  00006060    00000066     vl53l1_register_funcs.o (.text.VL53L1_i2c_encode_system_control)
                  000060c6    00000002     --HOLE-- [fill = 0]
                  000060c8    00000062     libclang_rt.builtins.a : aeabi_dcmp.S.obj (.text.__aeabi_dcmp)
                  0000612a    00000002     --HOLE-- [fill = 0]
                  0000612c    00000062                            : aeabi_fcmp.S.obj (.text.__aeabi_fcmp)
                  0000618e    00000002     --HOLE-- [fill = 0]
                  00006190    00000060     Drive.o (.text.CalculateAngleError)
                  000061f0    0000005e     driverlib.a : dl_i2c.o (.text.DL_I2C_fillControllerTXFIFO)
                  0000624e    0000005e     FusionAhrs.o (.text.FusionQuaternionAdd)
                  000062ac    0000005e     FusionAhrs.o (.text.FusionQuaternionHadamard)
                  0000630a    00000002     --HOLE-- [fill = 0]
                  0000630c    0000005c     ti_msp_dl_config.o (.text.SYSCFG_DL_UART_CAMERA_init)
                  00006368    0000005c     multi_button.o (.text.button_start)
                  000063c4    0000005a     vl53l1_core.o (.text.VL53L1_i2c_encode_int16_t)
                  0000641e    00000002     --HOLE-- [fill = 0]
                  00006420    00000058     ti_msp_dl_config.o (.text.SYSCFG_DL_I2C_0_init)
                  00006478    00000056     vl53l1_core.o (.text.VL53L1_i2c_encode_uint16_t)
                  000064ce    00000002     --HOLE-- [fill = 0]
                  000064d0    00000056     libclang_rt.builtins.a : aeabi_idivmod.S.obj (.text.__aeabi_idivmod)
                  00006526    00000052     vl53l1_core.o (.text.VL53L1_i2c_encode_uint32_t)
                  00006578    00000050     ti_msp_dl_config.o (.text.DL_GPIO_initPeripheralInputFunctionFeatures)
                  000065c8    00000050     IOI2C.o (.text.DL_I2C_startControllerTransfer)
                  00006618    00000050     FusionAhrs.o (.text.FusionVectorIsZero)
                  00006668    00000050     ti_msp_dl_config.o (.text.SYSCFG_DL_UART_init)
                  000066b8    00000050     ti_msp_dl_config.o (.text.SysTick_Config)
                  00006708    0000004c     driverlib.a : dl_dma.o (.text.DL_DMA_initChannel)
                  00006754    0000004c     ti_msp_dl_config.o (.text.DL_GPIO_initDigitalInputFeatures)
                  000067a0    0000004c     ti_msp_dl_config.o (.text.DL_UART_setBaudRateDivisor)
                  000067ec    0000004c     IMU.o (.text.FusionArcSin)
                  00006838    0000004c     FusionAhrs.o (.text.FusionFastInverseSqrt)
                  00006884    0000004a     ti_msp_dl_config.o (.text.DL_ADC12_configConversionMem)
                  000068ce    0000004a     vl53l1_platform.o (.text.VL53L1_ReadMulti)
                  00006918    0000004a     vl53l1_platform.o (.text.VL53L1_WriteMulti)
                  00006962    00000002     --HOLE-- [fill = 0]
                  00006964    0000004a     libclang_rt.builtins.a : fixdfsi.S.obj (.text.__fixdfsi)
                  000069ae    00000002     --HOLE-- [fill = 0]
                  000069b0    00000048     driverlib.a : dl_uart.o (.text.DL_UART_init)
                  000069f8    00000046     FusionAhrs.o (.text.FusionQuaternionScale)
                  00006a3e    00000046     FusionAhrs.o (.text.FusionVectorAdd)
                  00006a84    00000046     FusionBias.o (.text.FusionVectorAdd)
                  00006aca    00000046     FusionAhrs.o (.text.FusionVectorHadamard)
                  00006b10    00000046     IMU.o (.text.FusionVectorHadamard)
                  00006b56    00000046     FusionBias.o (.text.FusionVectorSubtract)
                  00006b9c    00000046     IMU.o (.text.FusionVectorSubtract)
                  00006be2    00000002     --HOLE-- [fill = 0]
                  00006be4    00000044     driverlib.a : dl_spi.o (.text.DL_SPI_init)
                  00006c28    00000044                 : dl_sysctl_mspm0g1x0x_g3x0x.o (.text.DL_SYSCTL_switchMCLKfromSYSOSCtoHSCLK)
                  00006c6c    00000044     IMU.o (.text.IMU_GetYaw)
                  00006cb0    00000044     LED.o (.text.LED_tick)
                  00006cf4    00000044     Usart.o (.text.Uart_Init)
                  00006d38    00000040     driverlib.a : dl_adc12.o (.text.DL_ADC12_setClockConfig)
                  00006d78    00000040     FusionAhrs.o (.text.FusionVectorDot)
                  00006db8    00000040     ti_msp_dl_config.o (.text.SYSCFG_DL_SPI_1_init)
                  00006df8    00000040     ti_msp_dl_config.o (.text.SYSCFG_DL_UART_Gimbal_init)
                  00006e38    00000040     ti_msp_dl_config.o (.text.SYSCFG_DL_UART_WIRELESS_init)
                  00006e78    00000040     libclang_rt.builtins.a : aeabi_uidivmod.S.obj (.text.__aeabi_uidivmod)
                  00006eb8    00000040                            : extendsfdf2.S.obj (.text.__extendsfdf2)
                  00006ef8    0000003c     Buzzer.o (.text.Buzzer_tick)
                  00006f34    0000003c     ti_msp_dl_config.o (.text.DL_Timer_setCounterControl)
                  00006f70    0000003c     ti_msp_dl_config.o (.text.SYSCFG_DL_TIMER_10ms_init)
                  00006fac    0000003c     ti_msp_dl_config.o (.text.SYSCFG_DL_TIMER_2ms_init)
                  00006fe8    0000003c     libclang_rt.builtins.a : floatsisf.S.obj (.text.__floatsisf)
                  00007024    0000003c                            : comparesf2.S.obj (.text.__gtsf2)
                  00007060    0000003c     multi_button.o (.text.button_attach)
                  0000709c    0000003c     main.o (.text.main)
                  000070d8    0000003c     libc.a : autoinit.c.obj (.text:__TI_auto_init_nobinit_nopinit)
                  00007114    0000003a     Grayscale.o (.text.Grayscale_Sensor_Read_Single)
                  0000714e    0000003a     vl53l1_core.o (.text.VL53L1_i2c_decode_uint16_t)
                  00007188    0000003a     libclang_rt.builtins.a : comparesf2.S.obj (.text.__eqsf2)
                  000071c2    00000002     --HOLE-- [fill = 0]
                  000071c4    0000003a                            : muldsi3.S.obj (.text.__muldsi3)
                  000071fe    00000038     FusionAhrs.o (.text.FusionQuaternionNormalise)
                  00007236    00000002     --HOLE-- [fill = 0]
                  00007238    00000038     libclang_rt.builtins.a : fixsfsi.S.obj (.text.__fixsfsi)
                  00007270    00000036     FusionAhrs.o (.text.FusionVectorScale)
                  000072a6    00000036     FusionBias.o (.text.FusionVectorScale)
                  000072dc    00000036     libclang_rt.builtins.a : floatundisf.S.obj (.text.__floatundisf)
                  00007312    00000034     FusionAhrs.o (.text.Clamp)
                  00007346    00000034     FusionAhrs.o (.text.FusionQuaternionNormSquared)
                  0000737a    00000002     --HOLE-- [fill = 0]
                  0000737c    00000034     spi.o (.text.SPI_Unlock)
                  000073b0    00000032     libclang_rt.builtins.a : fixunssfsi.S.obj (.text.__fixunssfsi)
                  000073e2    00000002     --HOLE-- [fill = 0]
                  000073e4    00000030     ADC.o (.text.DL_ADC12_getMemResult)
                  00007414    00000030     ti_msp_dl_config.o (.text.DL_DMA_setTransferSize)
                  00007444    00000030     ti_msp_dl_config.o (.text.DL_GPIO_initDigitalOutputFeatures)
                  00007474    00000030     ti_msp_dl_config.o (.text.DL_SPI_setFIFOThreshold)
                  000074a4    00000030     LED.o (.text.LED_On_ms)
                  000074d4    00000030     Usart.o (.text.UART0_IRQHandler)
                  00007504    00000030     multi_button.o (.text.button_ticks)
                  00007534    00000030     icm42688.o (.text.icm_spi_transfer_byte)
                  00007564    0000002e     FusionAhrs.o (.text.FusionVectorNormalise)
                  00007592    00000002     --HOLE-- [fill = 0]
                  00007594    0000002c     ti_msp_dl_config.o (.text.SYSCFG_DL_CAPTURE_0_init)
                  000075c0    0000002c     ti_msp_dl_config.o (.text.SYSCFG_DL_DMA_CH0_init)
                  000075ec    0000002c     Usart.o (.text.__NVIC_ClearPendingIRQ)
                  00007618    0000002c     Usart.o (.text.__NVIC_EnableIRQ)
                  00007644    0000002c     main.o (.text.__NVIC_EnableIRQ)
                  00007670    0000002c     libclang_rt.builtins.a : floatsidf.S.obj (.text.__floatsidf)
                  0000769c    0000002a     FusionAhrs.o (.text.FusionVectorNormSquared)
                  000076c6    00000002     --HOLE-- [fill = 0]
                  000076c8    00000028     ti_msp_dl_config.o (.text.DL_ADC12_configHwAverage)
                  000076f0    00000028     IOI2C.o (.text.DL_Common_updateReg)
                  00007718    00000028     ti_msp_dl_config.o (.text.DL_Common_updateReg)
                  00007740    00000028     ti_msp_dl_config.o (.text.DL_I2C_setControllerRXFIFOThreshold)
                  00007768    00000028     ti_msp_dl_config.o (.text.DL_I2C_setControllerTXFIFOThreshold)
                  00007790    00000028     Delay.o (.text.Delay_ms)
                  000077b8    00000028     Delay.o (.text.Delay_us)
                  000077e0    00000028     tb6612.o (.text.TB6612_SetRightMotor)
                  00007808    00000028     libclang_rt.builtins.a : floatunsisf.S.obj (.text.__floatunsisf)
                  00007830    00000028     libc.a : boot_cortex_m.c.obj (.text:_c_int00_noargs)
                  00007858    00000026     ti_msp_dl_config.o (.text.DL_I2C_setAnalogGlitchFilterPulseWidth)
                  0000787e    00000026     driverlib.a : dl_i2c.o (.text.DL_I2C_setClockConfig)
                  000078a4    00000024     ti_msp_dl_config.o (.text.DL_SPI_setBitRateSerialClockDivider)
                  000078c8    00000024     FusionAhrs.o (.text.FusionQuaternionSum)
                  000078ec    00000024     tb6612.o (.text.TB6612_SetLeftMotor)
                  00007910    00000024     Usart.o (.text.UART2_IRQHandler)
                  00007934    00000024     libclang_rt.builtins.a : floatunsidf.S.obj (.text.__floatunsidf)
                  00007958    00000024                            : muldi3.S.obj (.text.__muldi3)
                  0000797c    00000022     LED_Test.o (.text.LED_Test1)
                  0000799e    00000022     PID.o (.text.PID_SetK)
                  000079c0    00000020     ti_msp_dl_config.o (.text.DL_GPIO_initPeripheralInputFunction)
                  000079e0    00000020     ti_msp_dl_config.o (.text.DL_SYSCTL_setFlashWaitState)
                  00007a00    00000020     FusionAhrs.o (.text.FusionAhrsGetQuaternion)
                  00007a20    0000001e     ti_msp_dl_config.o (.text.DL_ADC12_setPowerDownMode)
                  00007a3e    0000001e     ti_msp_dl_config.o (.text.DL_UART_setOversampling)
                  00007a5c    0000001c     ti_msp_dl_config.o (.text.DL_ADC12_clearInterruptStatus)
                  00007a78    0000001c     ti_msp_dl_config.o (.text.DL_ADC12_enableInterrupt)
                  00007a94    0000001c     Bat.o (.text.DL_ADC12_startConversion)
                  00007ab0    0000001c     Interrupt.o (.text.DL_GPIO_clearInterruptStatus)
                  00007acc    0000001c     ti_msp_dl_config.o (.text.DL_GPIO_clearInterruptStatus)
                  00007ae8    0000001c     ti_msp_dl_config.o (.text.DL_GPIO_enableHiZ)
                  00007b04    0000001c     ti_msp_dl_config.o (.text.DL_GPIO_enableInterrupt)
                  00007b20    0000001c     ti_msp_dl_config.o (.text.DL_GPIO_initPeripheralOutputFunction)
                  00007b3c    0000001c     ti_msp_dl_config.o (.text.DL_GPIO_setLowerPinsInputFilter)
                  00007b58    0000001c     ti_msp_dl_config.o (.text.DL_GPIO_setLowerPinsPolarity)
                  00007b74    0000001c     ti_msp_dl_config.o (.text.DL_GPIO_setUpperPinsInputFilter)
                  00007b90    0000001c     IOI2C.o (.text.DL_I2C_isControllerRXFIFOEmpty)
                  00007bac    0000001c     driverlib.a : dl_sysctl_mspm0g1x0x_g3x0x.o (.text.DL_SYSCTL_configFCC)
                  00007bc8    0000001c     ti_msp_dl_config.o (.text.DL_SYSCTL_setFCCPeriods)
                  00007be4    0000001c     ti_msp_dl_config.o (.text.DL_SYSCTL_setSYSOSCFreq)
                  00007c00    0000001c     ti_msp_dl_config.o (.text.DL_SYSCTL_setULPCLKDivider)
                  00007c1c    0000001c     ti_msp_dl_config.o (.text.DL_Timer_enableInterrupt)
                  00007c38    0000001c     driverlib.a : dl_timer.o (.text.DL_Timer_setCaptCompUpdateMethod)
                  00007c54    0000001c                 : dl_timer.o (.text.DL_Timer_setClockConfig)
                  00007c70    0000001c     ti_msp_dl_config.o (.text.DL_UART_enableInterrupt)
                  00007c8c    0000001c     FusionAhrs.o (.text.FusionVectorSum)
                  00007ca8    0000001c     Usart.o (.text.GetLength)
                  00007cc4    0000001a     Interrupt.o (.text.ADC0_IRQHandler)
                  00007cde    0000001a     PID.o (.text.PID_Reset)
                  00007cf8    00000018     ADC.o (.text.ADC_Callback)
                  00007d10    00000018     ti_msp_dl_config.o (.text.DL_ADC12_enablePower)
                  00007d28    00000018     ti_msp_dl_config.o (.text.DL_ADC12_reset)
                  00007d40    00000018     ti_msp_dl_config.o (.text.DL_ADC12_setSampleTime0)
                  00007d58    00000018     ti_msp_dl_config.o (.text.DL_GPIO_enableOutput)
                  00007d70    00000018     ti_msp_dl_config.o (.text.DL_GPIO_enablePower)
                  00007d88    00000018     Interrupt.o (.text.DL_GPIO_getEnabledInterruptStatus)
                  00007da0    00000018     ti_msp_dl_config.o (.text.DL_GPIO_initDigitalOutput)
                  00007db8    00000018     ti_msp_dl_config.o (.text.DL_GPIO_reset)
                  00007dd0    00000018     Grayscale.o (.text.DL_GPIO_setPins)
                  00007de8    00000018     LED.o (.text.DL_GPIO_setPins)
                  00007e00    00000018     spi.o (.text.DL_GPIO_setPins)
                  00007e18    00000018     tb6612.o (.text.DL_GPIO_setPins)
                  00007e30    00000018     ti_msp_dl_config.o (.text.DL_GPIO_setPins)
                  00007e48    00000018     ti_msp_dl_config.o (.text.DL_GPIO_setUpperPinsPolarity)
                  00007e60    00000018     IOI2C.o (.text.DL_I2C_clearInterruptStatus)
                  00007e78    00000018     ti_msp_dl_config.o (.text.DL_I2C_enableAnalogGlitchFilter)
                  00007e90    00000018     ti_msp_dl_config.o (.text.DL_I2C_enableController)
                  00007ea8    00000018     ti_msp_dl_config.o (.text.DL_I2C_enableControllerClockStretching)
                  00007ec0    00000018     ti_msp_dl_config.o (.text.DL_I2C_enablePower)
                  00007ed8    00000018     IOI2C.o (.text.DL_I2C_getRawInterruptStatus)
                  00007ef0    00000018     ti_msp_dl_config.o (.text.DL_I2C_reset)
                  00007f08    00000018     ti_msp_dl_config.o (.text.DL_I2C_setTimerPeriod)
                  00007f20    00000018     ti_msp_dl_config.o (.text.DL_SPI_enable)
                  00007f38    00000018     ti_msp_dl_config.o (.text.DL_SPI_enablePower)
                  00007f50    00000018     icm42688.o (.text.DL_SPI_isBusy)
                  00007f68    00000018     ti_msp_dl_config.o (.text.DL_SPI_reset)
                  00007f80    00000018     ti_msp_dl_config.o (.text.DL_SYSCTL_setBORThreshold)
                  00007f98    00000018     ti_msp_dl_config.o (.text.DL_Timer_enablePower)
                  00007fb0    00000018     ti_msp_dl_config.o (.text.DL_Timer_reset)
                  00007fc8    00000018     driverlib.a : dl_timer.o (.text.DL_Timer_setCaptureCompareOutCtl)
                  00007fe0    00000018     main.o (.text.DL_Timer_startCounter)
                  00007ff8    00000018     Buzzer.o (.text.DL_Timer_stopCounter)
                  00008010    00000018     ti_msp_dl_config.o (.text.DL_UART_enableDMAReceiveEvent)
                  00008028    00000018     ti_msp_dl_config.o (.text.DL_UART_enablePower)
                  00008040    00000018     ti_msp_dl_config.o (.text.DL_UART_reset)
                  00008058    00000018     FusionAhrs.o (.text.FusionDegreesToRadians)
                  00008070    00000018     IMU.o (.text.FusionRadiansToDegrees)
                  00008088    00000018     Grayscale.o (.text.Read_OUT_value)
                  000080a0    00000018     Key.o (.text.SingleClickCallback)
                  000080b8    00000016     Bat.o (.text.DL_ADC12_enableConversions)
                  000080ce    00000016     ti_msp_dl_config.o (.text.DL_ADC12_enableConversions)
                  000080e4    00000016     Encoder.o (.text.DL_GPIO_readPins)
                  000080fa    00000016     Grayscale.o (.text.DL_GPIO_readPins)
                  00008110    00000016     Key.o (.text.DL_GPIO_readPins)
                  00008126    00000016     icm42688.o (.text.DL_GPIO_readPins)
                  0000813c    00000016     tb6612.o (.text.DL_GPIO_readPins)
                  00008152    00000016     icm42688.o (.text.DL_SPI_transmitData8)
                  00008168    00000016     ti_msp_dl_config.o (.text.DL_UART_enable)
                  0000817e    00000016     libc.a : k_rem_pio2.c.obj (.text.OUTLINED_FUNCTION_0)
                  00008194    00000010     libclang_rt.builtins.a : adddf3.S.obj (.tramp.__aeabi_dadd.1)
                  000081a4    00000014     ADC.o (.text.ADC_Read)
                  000081b8    00000014     Grayscale.o (.text.DL_GPIO_clearPins)
                  000081cc    00000014     LED.o (.text.DL_GPIO_clearPins)
                  000081e0    00000014     spi.o (.text.DL_GPIO_clearPins)
                  000081f4    00000014     tb6612.o (.text.DL_GPIO_clearPins)
                  00008208    00000014     ti_msp_dl_config.o (.text.DL_GPIO_clearPins)
                  0000821c    00000014     IOI2C.o (.text.DL_I2C_getControllerStatus)
                  00008230    00000014     IOI2C.o (.text.DL_I2C_receiveControllerData)
                  00008244    00000014     ti_msp_dl_config.o (.text.DL_I2C_resetControllerTransfer)
                  00008258    00000014     icm42688.o (.text.DL_SPI_receiveData8)
                  0000826c    00000014     ti_msp_dl_config.o (.text.DL_SYSCTL_disableSYSPLL)
                  00008280    00000014     ti_msp_dl_config.o (.text.DL_SYSCTL_enableSYSPLL)
                  00008294    00000014     ti_msp_dl_config.o (.text.DL_Timer_enableClock)
                  000082a8    00000014     ti_msp_dl_config.o (.text.DL_Timer_setCCPDirection)
                  000082bc    00000014     Usart.o (.text.DL_UART_receiveData)
                  000082d0    00000014     Interrupt.o (.text.TIMG0_IRQHandler)
                  000082e4    00000014     Interrupt.o (.text.TIMG7_IRQHandler)
                  000082f8    00000012     Interrupt.o (.text.DL_ADC12_getPendingInterrupt)
                  0000830a    00000012     driverlib.a : dl_spi.o (.text.DL_SPI_setClockConfig)
                  0000831c    00000012     Usart.o (.text.DL_UART_getPendingInterrupt)
                  0000832e    00000012     driverlib.a : dl_uart.o (.text.DL_UART_setClockConfig)
                  00008340    00000012     multi_button.o (.text.button_read_level)
                  00008352    00000012     libc.a : memcpy16.S.obj (.text:TI_memcpy_small)
                  00008364    00000012            : copy_decompress_none.c.obj (.text:decompress:none)
                  00008376    00000002     --HOLE-- [fill = 0]
                  00008378    00000010     Buzzer.o (.text.Buzzer_Off)
                  00008388    00000010     ti_msp_dl_config.o (.text.DL_SYSCTL_disableHFXT)
                  00008398    00000010     ti_msp_dl_config.o (.text.DL_SYSCTL_isFCCDone)
                  000083a8    00000010     ti_msp_dl_config.o (.text.DL_SYSCTL_startFCC)
                  000083b8    00000010     driverlib.a : dl_timer.o (.text.DL_Timer_setCaptureCompareValue)
                  000083c8    00000010     libc.a : k_rem_pio2.c.obj (.text.OUTLINED_FUNCTION_2)
                  000083d8    00000010     PID.o (.text.PID_SetGoal)
                  000083e8    00000010     ti_msp_dl_config.o (.text.SYSCFG_DL_SYSTICK_init)
                  000083f8    00000010     Delay.o (.text.SysTick_Handler)
                  00008408    00000010     Grayscale.o (.text.delay_us)
                  00008418    00000010     libc.a : copy_zero_init.c.obj (.text:decompress:ZI)
                  00008428    0000000e            : memset16.S.obj (.text:TI_memset_small)
                  00008436    00000002     --HOLE-- [fill = 0]
                  00008438    0000000c     Bat.o (.text.Bat_Read)
                  00008444    0000000c     ti_msp_dl_config.o (.text.DL_SYSCTL_getClockStatus)
                  00008450    0000000c     ti_msp_dl_config.o (.text.DL_SYSCTL_readFCC)
                  0000845c    0000000c     Usart.o (.text.GetRemain)
                  00008468    0000000c     Delay.o (.text.Get_ms)
                  00008474    0000000c     libclang_rt.builtins.a : aeabi_memset.S.obj (.text.__aeabi_memclr)
                  00008480    0000000c     icm42688.o (.text.icm_cs_high)
                  0000848c    0000000c     icm42688.o (.text.icm_cs_low)
                  00008498    0000000a     driverlib.a : dl_common.o (.text.DL_Common_delayCycles)
                  000084a2    0000000a     libc.a : k_rem_pio2.c.obj (.text.OUTLINED_FUNCTION_1)
                  000084ac    0000000a            : s_cosf.c.obj (.text.OUTLINED_FUNCTION_3)
                  000084b6    0000000a            : s_sinf.c.obj (.text.OUTLINED_FUNCTION_3)
                  000084c0    00000008            : aeabi_portable.c.obj (.text.__aeabi_errno_addr)
                  000084c8    00000008     libclang_rt.builtins.a : aeabi_memcpy.S.obj (.text.__aeabi_memcpy)
                  000084d0    00000006     libc.a : e_asinf.c.obj (.text.OUTLINED_FUNCTION_0)
                  000084d6    00000002     --HOLE-- [fill = 0]
                  000084d8    00000010     libclang_rt.builtins.a : mulsf3.S.obj (.tramp.__aeabi_fmul.1)
                  000084e8    00000006     libc.a : s_atanf.c.obj (.text.OUTLINED_FUNCTION_0)
                  000084ee    00000002     --HOLE-- [fill = 0]
                  000084f0    00000010     libclang_rt.builtins.a : divsf3.S.obj (.tramp.__aeabi_fdiv.1)
                  00008500    00000006     libc.a : s_cosf.c.obj (.text.OUTLINED_FUNCTION_0)
                  00008506    00000002     --HOLE-- [fill = 0]
                  00008508    00000010     libclang_rt.builtins.a : muldf3.S.obj (.tramp.__aeabi_dmul.1)
                  00008518    00000006     libc.a : s_sinf.c.obj (.text.OUTLINED_FUNCTION_0)
                  0000851e    00000006            : s_cosf.c.obj (.text.OUTLINED_FUNCTION_1)
                  00008524    00000006            : s_sinf.c.obj (.text.OUTLINED_FUNCTION_1)
                  0000852a    00000006            : exit.c.obj (.text:abort)
                  00008530    00000004     startup_mspm0g350x_ticlang.o (.text.Default_Handler)
                  00008534    00000004     libsysbm.a : hostexit.c.obj (.text.HOSTexit)
                  00008538    00000004     libc.a : s_atanf.c.obj (.text.OUTLINED_FUNCTION_1)
                  0000853c    00000010     libclang_rt.builtins.a : addsf3.S.obj (.tramp.__aeabi_fadd.1)
                  0000854c    00000004     libc.a : s_cosf.c.obj (.text.OUTLINED_FUNCTION_2)
                  00008550    00000010     libclang_rt.builtins.a : extendsfdf2.S.obj (.tramp.__aeabi_f2d.1)
                  00008560    00000004     libc.a : s_sinf.c.obj (.text.OUTLINED_FUNCTION_2)
                  00008564    00000004     startup_mspm0g350x_ticlang.o (.text.Reset_Handler)
                  00008568    00000010     libc.a : boot_cortex_m.c.obj (.tramp._c_int00_noargs.1)
                  00008578    00000004            : pre_init.c.obj (.text._system_pre_init)
                  0000857c    00000004     --HOLE-- [fill = 0]

.cinit     0    00008850    00000060     
                  00008850    00000038     (.cinit..data.load) [load image, compression = lzss]
                  00008888    0000000c     (__TI_handler_table)
                  00008894    00000008     (.cinit..bss.load) [load image, compression = zero_init]
                  0000889c    00000010     (__TI_cinit_table)
                  000088ac    00000004     --HOLE-- [fill = 0]

.rodata    0    00008580    000002d0     
                  00008580    00000108     libc.a : k_rem_pio2.c.obj (.rodata.ipio2)
                  00008688    00000040            : k_rem_pio2.c.obj (.rodata.PIo2)
                  000086c8    00000028     ti_msp_dl_config.o (.rodata.gSYSPLLConfig)
                  000086f0    00000024     IMU.o (.rodata.accelerometerMisalignment)
                  00008714    00000024     IMU.o (.rodata.gyroscopeMisalignment)
                  00008738    00000020     libc.a : s_atanf.c.obj (.rodata.cst16)
                  00008758    00000018     ti_msp_dl_config.o (.rodata.gDMA_CH0Config)
                  00008770    00000014     ti_msp_dl_config.o (.rodata.gTIMER_10msTimerConfig)
                  00008784    00000014     ti_msp_dl_config.o (.rodata.gTIMER_2msTimerConfig)
                  00008798    00000010     libc.a : k_rem_pio2.c.obj (.rodata.cst16)
                  000087a8    00000010     ti_msp_dl_config.o (.rodata.gCAPTURE_0CaptureConfig)
                  000087b8    0000000c     driverlib.a : dl_timer.o (.rodata..Lswitch.table.DL_Timer_initCompareMode)
                  000087c4    0000000c     IMU.o (.rodata.accelerometerSensitivity)
                  000087d0    0000000c     IMU.o (.rodata.gyroscopeSensitivity)
                  000087dc    0000000a     ti_msp_dl_config.o (.rodata.gSPI_1_config)
                  000087e6    0000000a     ti_msp_dl_config.o (.rodata.gUARTConfig)
                  000087f0    0000000a     ti_msp_dl_config.o (.rodata.gUART_CAMERAConfig)
                  000087fa    0000000a     ti_msp_dl_config.o (.rodata.gUART_GimbalConfig)
                  00008804    0000000a     ti_msp_dl_config.o (.rodata.gUART_WIRELESSConfig)
                  0000880e    00000002     ti_msp_dl_config.o (.rodata.gI2C_0ClockConfig)
                  00008810    00000008     ti_msp_dl_config.o (.rodata.gBAT_ADCClockConfig)
                  00008818    00000008     ti_msp_dl_config.o (.rodata.gPWM_BUZZERConfig)
                  00008820    00000008     ti_msp_dl_config.o (.rodata.gPWM_MotorConfig)
                  00008828    00000008     ti_msp_dl_config.o (.rodata.gPWM_SERVOConfig)
                  00008830    00000003     ti_msp_dl_config.o (.rodata.gCAPTURE_0ClockConfig)
                  00008833    00000003     ti_msp_dl_config.o (.rodata.gPWM_BUZZERClockConfig)
                  00008836    00000003     ti_msp_dl_config.o (.rodata.gPWM_MotorClockConfig)
                  00008839    00000003     ti_msp_dl_config.o (.rodata.gPWM_SERVOClockConfig)
                  0000883c    00000003     ti_msp_dl_config.o (.rodata.gTIMER_10msClockConfig)
                  0000883f    00000003     ti_msp_dl_config.o (.rodata.gTIMER_2msClockConfig)
                  00008842    00000002     ti_msp_dl_config.o (.rodata.gSPI_1_clockConfig)
                  00008844    00000002     ti_msp_dl_config.o (.rodata.gUARTClockConfig)
                  00008846    00000002     ti_msp_dl_config.o (.rodata.gUART_CAMERAClockConfig)
                  00008848    00000002     ti_msp_dl_config.o (.rodata.gUART_GimbalClockConfig)
                  0000884a    00000002     ti_msp_dl_config.o (.rodata.gUART_WIRELESSClockConfig)
                  0000884c    00000004     --HOLE-- [fill = 0]

.init_array 
*          0    00000000    00000000     UNINITIALIZED

.binit     0    00000000    00000000     

.bss       0    20200000    000012ec     UNINITIALIZED
                  20200000    00000aec     (.common:VL53_)
                  20200aec    00000190     (.common:FIFO_Buffer)
                  20200c7c    00000100     (.common:Buffer)
                  20200d7c    000000c0     Key.o (.bss.key)
                  20200e3c    000000bc     (.common:gPWM_BUZZERBackup)
                  20200ef8    000000bc     (.common:gPWM_SERVOBackup)
                  20200fb4    000000a0     (.common:gPWM_MotorBackup)
                  20201054    000000a0     (.common:gTIMER_2msBackup)
                  202010f4    00000080     (.common:ahrs)
                  20201174    00000002     (.common:ADC_RawValue)
                  20201176    00000001     (.common:data)
                  20201177    00000001     --HOLE--
                  20201178    00000038     (.common:pid_angle_drive)
                  202011b0    00000038     (.common:pid_left)
                  202011e8    00000038     (.common:pid_right)
                  20201220    00000038     (.common:pid_straight_drive)
                  20201258    00000030     (.common:gUART_GimbalBackup)
                  20201288    00000028     (.common:gSPI_1Backup)
                  202012b0    00000024     (.common:bias)
                  202012d4    0000000c     my_vl53l1x.o (.bss.filtered_distance_)
                  202012e0    0000000c     (.common:distance_)

.data      0    202012f0    000000cd     UNINITIALIZED
                  202012f0    00000024     spi.o (.data.spi_devices)
                  20201314    0000000c     IMU.o (.data.accelerometerOffset)
                  20201320    0000000c     IMU.o (.data.gyroscopeOffset)
                  2020132c    00000004     Bat.o (.data.Battery_Voltage)
                  20201330    00000008     Encoder.o (.data.encoder_count_l)
                  20201338    00000008     Encoder.o (.data.encoder_count_r)
                  20201340    00000004     Usart.o (.data.CommandCount)
                  20201344    00000004     Motor.o (.data.Goal_Speed_Left)
                  20201348    00000004     Motor.o (.data.Goal_Speed_Right)
                  2020134c    00000004     Drive.o (.data.Goal_Straight_Angle)
                  20201350    00000004     Drive.o (.data.Goal_Turn_Angle)
                  20201354    00000004     Delay.o (.data.MS)
                  20201358    00000004     Delay.o (.data.US)
                  2020135c    00000004     libc.a : aeabi_portable.c.obj (.data.__aeabi_errno)
                  20201360    00000004     icm42688.o (.data.accSensitivity)
                  20201364    00000004     Buzzer.o (.data.buzzer_on_counter)
                  20201368    00000004     Encoder.o (.data.direction_l)
                  2020136c    00000004     Encoder.o (.data.direction_r)
                  20201370    00000004     Encoder.o (.data.edge_dt_l)
                  20201374    00000004     Encoder.o (.data.edge_dt_r)
                  20201378    00000004     Encoder.o (.data.filtered_speed_l)
                  2020137c    00000004     Encoder.o (.data.filtered_speed_r)
                  20201380    00000004     icm42688.o (.data.gyroSensitivity)
                  20201384    00000004     multi_button.o (.data.head_handle)
                  20201388    00000004     Encoder.o (.data.last_raw_l)
                  2020138c    00000004     Encoder.o (.data.last_raw_r)
                  20201390    00000004     Encoder.o (.data.last_rising_l)
                  20201394    00000004     Encoder.o (.data.last_rising_r)
                  20201398    00000004     LED.o (.data.led_on_counter)
                  2020139c    00000004     Delay.o (.data.now_tick)
                  202013a0    00000004     Drive.o (.data.speed)
                  202013a4    00000002     icm42688.o (.data.data_length)
                  202013a6    00000001     Grayscale_Signal.o (.data.Detected)
                  202013a7    00000001     icm42688.o (.data.ICM42688_is_initialized)
                  202013a8    00000001     IMU.o (.data.IMU_initialized)
                  202013a9    00000001     Usart.o (.data.ReadIndex)
                  202013aa    00000001     Usart.o (.data.WriteIndex)
                  202013ab    00000001     Drive.o (.data.angle_tick)
                  202013ac    00000001     Buzzer.o (.data.buzzer_cmd)
                  202013ad    00000001     Drive.o (.data.cmd_angle_drive)
                  202013ae    00000001     Bat.o (.data.cmd_bat)
                  202013af    00000001     Motor.o (.data.cmd_left_speed)
                  202013b0    00000001     Motor.o (.data.cmd_right_speed)
                  202013b1    00000001     Drive.o (.data.cmd_straight_drive)
                  202013b2    00000001     Grayscale_Signal.o (.data.debounceCounter)
                  202013b3    00000001     Key.o (.data.key_num)
                  202013b4    00000001     Grayscale_Signal.o (.data.lastGrayState)
                  202013b5    00000001     LED.o (.data.led_cmd)
                  202013b6    00000001     Motor.o (.data.low_speed_mode_l)
                  202013b7    00000001     Motor.o (.data.low_speed_mode_r)
                  202013b8    00000001     Encoder.o (.data.new_edge_l)
                  202013b9    00000001     Encoder.o (.data.new_edge_r)
                  202013ba    00000001     spi.o (.data.spi_cs_locked)
                  202013bb    00000001     spi.o (.data.spi_cs_locked_channel)
                  202013bc    00000001     Drive.o (.data.straight_tick)

.stack     0    20207e00    00000200     UNINITIALIZED
                  20207e00    00000004     libc.a : boot_cortex_m.c.obj (.stack)
                  20207e04    000001fc     --HOLE--

__llvm_prf_cnts 
*          0    20200000    00000000     UNINITIALIZED

__llvm_prf_bits 
*          0    20200000    00000000     UNINITIALIZED

MODULE SUMMARY

       Module                         code    ro data   rw data
       ------                         ----    -------   -------
    .\
       ti_msp_dl_config.o             5072    232       784    
       startup_mspm0g350x_ticlang.o   8       192       0      
       main.o                         128     0         0      
    +--+------------------------------+-------+---------+---------+
       Total:                         5208    424       784    
                                                               
    .\APP\
       Drive.o                        304     0         128    
       Grayscale_Signal.o             204     0         3      
    +--+------------------------------+-------+---------+---------+
       Total:                         508     0         131    
                                                               
    .\HardWare\
       multi_button.o                 1366    0         4      
       Encoder.o                      1254    0         58     
       icm42688.o                     612     0         411    
       Usart.o                        494     0         263    
       tb6612.o                       406     0         0      
       Interrupt.o                    400     0         0      
       PID.o                          400     0         0      
       spi.o                          344     0         38     
       Grayscale.o                    292     0         0      
       Delay.o                        216     0         12     
       ADC.o                          92      0         2      
    +--+------------------------------+-------+---------+---------+
       Total:                         5876    0         788    
                                                               
    .\HardWare\vl53l1x\core\
       vl53l1_register_funcs.o        1552    0         0      
       vl53l1_api_core.o              984     0         0      
       vl53l1_core.o                  776     0         0      
    +--+------------------------------+-------+---------+---------+
       Total:                         3312    0         0      
                                                               
    .\HardWare\vl53l1x\platform\
       IOI2C.o                        1000    0         0      
       vl53l1_platform.o              148     0         0      
       vl53l1x.o                      126     0         0      
    +--+------------------------------+-------+---------+---------+
       Total:                         1274    0         0      
                                                               
    .\Middle\
       my_vl53l1x.o                   116     0         2820   
       IMU.o                          1524    96        189    
       Motor.o                        744     0         124    
       Key.o                          298     0         193    
       Bat.o                          186     0         5      
       LED.o                          160     0         5      
       Buzzer.o                       100     0         5      
    +--+------------------------------+-------+---------+---------+
       Total:                         3128    96        3341   
                                                               
    .\Middle\Fusion\
       FusionAhrs.o                   4228    0         0      
       FusionBias.o                   452     0         0      
    +--+------------------------------+-------+---------+---------+
       Total:                         4680    0         0      
                                                               
    .\Test\
       LED_Test.o                     34      0         0      
    +--+------------------------------+-------+---------+---------+
       Total:                         34      0         0      
                                                               
    C:/TI/mspm0_sdk_2_10_00_04/source/ti/driverlib/lib/ticlang/m0p/mspm0g1x0x_g3x0x/driverlib.a
       dl_timer.o                     892     12        0      
       dl_sysctl_mspm0g1x0x_g3x0x.o   316     0         0      
       dl_i2c.o                       132     0         0      
       dl_uart.o                      90      0         0      
       dl_spi.o                       86      0         0      
       dl_dma.o                       76      0         0      
       dl_adc12.o                     64      0         0      
       dl_common.o                    10      0         0      
    +--+------------------------------+-------+---------+---------+
       Total:                         1666    12        0      
                                                               
    D:\TI\ccs2041\ccs\tools\compiler\ti-cgt-armllvm_4.0.4.LTS\lib\armv6m-ti-none-eabi/c/libc.a
       k_rem_pio2.c.obj               1652    344       0      
       s_cosf.c.obj                   822     0         0      
       s_sinf.c.obj                   810     0         0      
       s_atanf.c.obj                  466     32        0      
       e_sqrt.c.obj                   368     0         0      
       e_asinf.c.obj                  358     0         0      
       s_floor.c.obj                  324     0         0      
       e_atan2f.c.obj                 280     0         0      
       s_scalbn.c.obj                 216     0         0      
       copy_decompress_lzss.c.obj     124     0         0      
       autoinit.c.obj                 60      0         0      
       boot_cortex_m.c.obj            56      0         0      
       copy_decompress_none.c.obj     18      0         0      
       memcpy16.S.obj                 18      0         0      
       copy_zero_init.c.obj           16      0         0      
       memset16.S.obj                 14      0         0      
       aeabi_portable.c.obj           8       0         4      
       exit.c.obj                     6       0         0      
       pre_init.c.obj                 4       0         0      
    +--+------------------------------+-------+---------+---------+
       Total:                         5620    376       4      
                                                               
    D:\TI\ccs2041\ccs\tools\compiler\ti-cgt-armllvm_4.0.4.LTS\lib\armv6m-ti-none-eabi/c/libsysbm.a
       hostexit.c.obj                 4       0         0      
    +--+------------------------------+-------+---------+---------+
       Total:                         4       0         0      
                                                               
    D:\TI\ccs2041\ccs\tools\compiler\ti-cgt-armllvm_4.0.4.LTS\lib\armv6m-ti-none-eabi/libclang_rt.builtins.a
       adddf3.S.obj                   418     0         0      
       muldf3.S.obj                   244     0         0      
       addsf3.S.obj                   232     0         0      
       comparedf2.c.obj               220     0         0      
       mulsf3.S.obj                   156     0         0      
       divsf3.S.obj                   146     0         0      
       comparesf2.S.obj               118     0         0      
       truncdfsf2.S.obj               116     0         0      
       aeabi_dcmp.S.obj               98      0         0      
       aeabi_fcmp.S.obj               98      0         0      
       aeabi_idivmod.S.obj            86      0         0      
       extendsfdf2.S.obj              80      0         0      
       fixdfsi.S.obj                  74      0         0      
       aeabi_uidivmod.S.obj           64      0         0      
       floatsisf.S.obj                60      0         0      
       muldsi3.S.obj                  58      0         0      
       fixsfsi.S.obj                  56      0         0      
       floatundisf.S.obj              54      0         0      
       fixunssfsi.S.obj               50      0         0      
       floatsidf.S.obj                44      0         0      
       floatunsisf.S.obj              40      0         0      
       floatunsidf.S.obj              36      0         0      
       muldi3.S.obj                   36      0         0      
       aeabi_memset.S.obj             12      0         0      
       aeabi_memcpy.S.obj             8       0         0      
       aeabi_div0.c.obj               2       0         0      
    +--+------------------------------+-------+---------+---------+
       Total:                         2606    0         0      
                                                               
       Stack:                         0       0         512    
       Linker Generated:              0       92        0      
    +--+------------------------------+-------+---------+---------+
       Grand Total:                   33916   1000      5560   


LINKER GENERATED COPY TABLES

__TI_cinit_table @ 0000889c records: 2, size/record: 8, table size: 16
	.data: load addr=00008850, load size=00000038 bytes, run addr=202012f0, run size=000000cd bytes, compression=lzss
	.bss: load addr=00008894, load size=00000008 bytes, run addr=20200000, run size=000012ec bytes, compression=zero_init


LINKER GENERATED HANDLER TABLE

__TI_handler_table @ 00008888 records: 3, size/record: 4, table size: 12
	index: 0, handler: __TI_decompress_lzss
	index: 1, handler: __TI_decompress_none
	index: 2, handler: __TI_zero_init


FAR CALL TRAMPOLINES

callee name               trampoline name
   callee addr  tramp addr   call addr  call info
--------------  -----------  ---------  ----------------
__aeabi_dadd              $Tramp$TT$L$PI$$__aeabi_dadd
   000025cf     00008194     00008192   libc.a : k_rem_pio2.c.obj (.text.OUTLINED_FUNCTION_0)
                             000084aa          : k_rem_pio2.c.obj (.text.OUTLINED_FUNCTION_1)
                             000084b4          : s_cosf.c.obj (.text.OUTLINED_FUNCTION_3)
                             000084be          : s_sinf.c.obj (.text.OUTLINED_FUNCTION_3)
__aeabi_fmul              $Tramp$TT$L$PI$$__aeabi_fmul
   00005609     000084d8     000084d4   libc.a : e_asinf.c.obj (.text.OUTLINED_FUNCTION_0)
__aeabi_fdiv              $Tramp$TT$L$PI$$__aeabi_fdiv
   000058ad     000084f0     000084ec   libc.a : s_atanf.c.obj (.text.OUTLINED_FUNCTION_0)
__aeabi_dmul              $Tramp$TT$L$PI$$__aeabi_dmul
   0000457d     00008508     00008504   libc.a : s_cosf.c.obj (.text.OUTLINED_FUNCTION_0)
                             0000851c          : s_sinf.c.obj (.text.OUTLINED_FUNCTION_0)
                             00008522          : s_cosf.c.obj (.text.OUTLINED_FUNCTION_1)
                             00008528          : s_sinf.c.obj (.text.OUTLINED_FUNCTION_1)
__aeabi_fadd              $Tramp$TT$L$PI$$__aeabi_fadd
   000049df     0000853c     0000853a   libc.a : s_atanf.c.obj (.text.OUTLINED_FUNCTION_1)
__aeabi_f2d               $Tramp$TT$L$PI$$__aeabi_f2d
   00006eb9     00008550     0000854e   libc.a : s_cosf.c.obj (.text.OUTLINED_FUNCTION_2)
                             00008562          : s_sinf.c.obj (.text.OUTLINED_FUNCTION_2)
_c_int00_noargs           $Tramp$TT$L$PI$$_c_int00_noargs
   00007831     00008568     00008564   startup_mspm0g350x_ticlang.o (.text.Reset_Handler)

[7 trampolines]
[14 trampoline calls]


GLOBAL SYMBOLS: SORTED ALPHABETICALLY BY Name 

address   name                                  
-------   ----                                  
00007cc5  ADC0_IRQHandler                       
00008531  ADC1_IRQHandler                       
00007cf9  ADC_Callback                          
20201174  ADC_RawValue                          
000081a5  ADC_Read                              
00008531  AES_IRQHandler                        
00005a31  Bat_Callback                          
00008439  Bat_Read                              
2020132c  Battery_Voltage                       
20200c7c  Buffer                                
00008379  Buzzer_Off                            
00006ef9  Buzzer_tick                           
00008534  C$$EXIT                               
00008531  CANFD0_IRQHandler                     
20201340  CommandCount                          
00008531  DAC0_IRQHandler                       
00006d39  DL_ADC12_setClockConfig               
00008499  DL_Common_delayCycles                 
00006709  DL_DMA_initChannel                    
000061f1  DL_I2C_fillControllerTXFIFO           
0000787f  DL_I2C_setClockConfig                 
00006be5  DL_SPI_init                           
0000830b  DL_SPI_setClockConfig                 
00007bad  DL_SYSCTL_configFCC                   
00004745  DL_SYSCTL_configSYSPLL                
00006c29  DL_SYSCTL_switchMCLKfromSYSOSCtoHSCLK 
00003441  DL_Timer_initCaptureMode              
00003ccd  DL_Timer_initFourCCPWMMode            
00003ed5  DL_Timer_initTimerMode                
00007c39  DL_Timer_setCaptCompUpdateMethod      
00007fc9  DL_Timer_setCaptureCompareOutCtl      
000083b9  DL_Timer_setCaptureCompareValue       
00007c55  DL_Timer_setClockConfig               
000069b1  DL_UART_init                          
0000832f  DL_UART_setClockConfig                
00008531  DMA_IRQHandler                        
00008531  Default_Handler                       
00007791  Delay_ms                              
000077b9  Delay_us                              
00004aad  Drive_Callback                        
00001889  Encoder_Callback                      
00002f65  Encoder_Speed_Get_LEFT                
000030a1  Encoder_Speed_Get_RIGHT               
20200aec  FIFO_Buffer                           
00007a01  FusionAhrsGetQuaternion               
00004dd9  FusionAhrsRestart                     
00004b7d  FusionAhrsSetHeading                  
00000705  FusionAhrsUpdate                      
00005aad  FusionAhrsUpdateNoMagnetometer        
00003dd1  FusionBiasUpdate                      
00008531  GROUP0_IRQHandler                     
00003abd  GROUP1_IRQHandler                     
00008469  Get_ms                                
00005de9  Get_us                                
20201344  Goal_Speed_Left                       
20201348  Goal_Speed_Right                      
2020134c  Goal_Straight_Angle                   
20201350  Goal_Turn_Angle                       
00004c4d  Grayscale_Callback                    
00007115  Grayscale_Sensor_Read_Single          
00008535  HOSTexit                              
00008531  HardFault_Handler                     
00008531  I2C0_IRQHandler                       
00008531  I2C1_IRQHandler                       
00003791  ICM42688_FIFO_Get_RealData            
00004e89  ICM42688_UnBlocking_CallBack          
202013a7  ICM42688_is_initialized               
00001ea5  IICreadBytes                          
00003311  IICwriteBytes                         
00001ae1  IMU_Callback                          
00006c6d  IMU_GetYaw                            
202013a8  IMU_initialized                       
00005ec1  Key_Init                              
000074a5  LED_On_ms                             
0000797d  LED_Test1                             
00006cb1  LED_tick                              
20201354  MS                                    
00001609  Motor_Callback                        
00005f29  Motor_SetSpeed                        
00008531  NMI_Handler                           
00002cdd  PID_Compute                           
00007cdf  PID_Reset                             
000083d9  PID_SetGoal                           
0000799f  PID_SetK                              
00008531  PendSV_Handler                        
00008531  RTC_IRQHandler                        
202013a9  ReadIndex                             
00008565  Reset_Handler                         
00008531  SPI0_IRQHandler                       
00008531  SPI1_IRQHandler                       
000054f1  SPI_CS                                
00005e55  SPI_TryLock                           
0000737d  SPI_Unlock                            
00008531  SVC_Handler                           
00005d09  SYSCFG_DL_BAT_ADC_init                
00007595  SYSCFG_DL_CAPTURE_0_init              
000075c1  SYSCFG_DL_DMA_CH0_init                
00005c19  SYSCFG_DL_DMA_init                    
000012e5  SYSCFG_DL_GPIO_init                   
00006421  SYSCFG_DL_I2C_0_init                  
00005f91  SYSCFG_DL_PWM_BUZZER_init             
0000557d  SYSCFG_DL_PWM_Motor_init              
00004f39  SYSCFG_DL_PWM_SERVO_init              
00006db9  SYSCFG_DL_SPI_1_init                  
000043a5  SYSCFG_DL_SYSCTL_SYSPLL_init          
00005d79  SYSCFG_DL_SYSCTL_init                 
000083e9  SYSCFG_DL_SYSTICK_init                
00006f71  SYSCFG_DL_TIMER_10ms_init             
00006fad  SYSCFG_DL_TIMER_2ms_init              
0000630d  SYSCFG_DL_UART_CAMERA_init            
00006df9  SYSCFG_DL_UART_Gimbal_init            
00006e39  SYSCFG_DL_UART_WIRELESS_init          
00006669  SYSCFG_DL_UART_init                   
00005695  SYSCFG_DL_init                        
0000355d  SYSCFG_DL_initPower                   
000083f9  SysTick_Handler                       
000078ed  TB6612_SetLeftMotor                   
000077e1  TB6612_SetRightMotor                  
00008531  TIMA0_IRQHandler                      
00008531  TIMA1_IRQHandler                      
000082d1  TIMG0_IRQHandler                      
00008531  TIMG12_IRQHandler                     
00008531  TIMG6_IRQHandler                      
000082e5  TIMG7_IRQHandler                      
00008531  TIMG8_IRQHandler                      
00008353  TI_memcpy_small                       
00008429  TI_memset_small                       
000074d5  UART0_IRQHandler                      
00008531  UART1_IRQHandler                      
00007911  UART2_IRQHandler                      
00008531  UART3_IRQHandler                      
20201358  US                                    
00006cf5  Uart_Init                             
000068cf  VL53L1_ReadMulti                      
00006919  VL53L1_WriteMulti                     
0000714f  VL53L1_i2c_decode_uint16_t            
00003fd1  VL53L1_i2c_encode_customer_nvm_managed
00004661  VL53L1_i2c_encode_dynamic_config      
000042b5  VL53L1_i2c_encode_general_config      
000063c5  VL53L1_i2c_encode_int16_t             
000028c9  VL53L1_i2c_encode_static_config       
000051f1  VL53L1_i2c_encode_static_nvm_managed  
00006061  VL53L1_i2c_encode_system_control      
00004821  VL53L1_i2c_encode_timing_config       
00006479  VL53L1_i2c_encode_uint16_t            
00006527  VL53L1_i2c_encode_uint32_t            
00000f0d  VL53L1_init_and_start_range           
00004d19  VL53L1_update_ll_driver_cfg_state     
000038a5  VL53L1_update_ll_driver_rd_state      
20200000  VL53_                                 
202013aa  WriteIndex                            
20208000  __STACK_END                           
00000200  __STACK_SIZE                          
00000000  __TI_ATRegion0_region_sz              
00000000  __TI_ATRegion0_src_addr               
00000000  __TI_ATRegion0_trg_addr               
00000000  __TI_ATRegion1_region_sz              
00000000  __TI_ATRegion1_src_addr               
00000000  __TI_ATRegion1_trg_addr               
00000000  __TI_ATRegion2_region_sz              
00000000  __TI_ATRegion2_src_addr               
00000000  __TI_ATRegion2_trg_addr               
0000889c  __TI_CINIT_Base                       
000088ac  __TI_CINIT_Limit                      
000088ac  __TI_CINIT_Warm                       
00008888  __TI_Handler_Table_Base               
00008894  __TI_Handler_Table_Limit              
000070d9  __TI_auto_init_nobinit_nopinit        
00005b29  __TI_decompress_lzss                  
00008365  __TI_decompress_none                  
ffffffff  __TI_pprof_out_hndl                   
ffffffff  __TI_prof_data_size                   
ffffffff  __TI_prof_data_start                  
00000000  __TI_static_base__                    
00008419  __TI_zero_init                        
000025cf  __adddf3                              
000049df  __addsf3                              
00005c21  __aeabi_d2f                           
00006965  __aeabi_d2iz                          
000025cf  __aeabi_dadd                          
000060c9  __aeabi_dcmpeq                        
00006105  __aeabi_dcmpge                        
00006119  __aeabi_dcmpgt                        
000060f1  __aeabi_dcmple                        
000060dd  __aeabi_dcmplt                        
0000457d  __aeabi_dmul                          
000025c5  __aeabi_dsub                          
2020135c  __aeabi_errno                         
000084c1  __aeabi_errno_addr                    
00006eb9  __aeabi_f2d                           
00007239  __aeabi_f2iz                          
000073b1  __aeabi_f2uiz                         
000049df  __aeabi_fadd                          
0000612d  __aeabi_fcmpeq                        
00006169  __aeabi_fcmpge                        
0000617d  __aeabi_fcmpgt                        
00006155  __aeabi_fcmple                        
00006141  __aeabi_fcmplt                        
000058ad  __aeabi_fdiv                          
00005609  __aeabi_fmul                          
000049d5  __aeabi_fsub                          
00007671  __aeabi_i2d                           
00006fe9  __aeabi_i2f                           
000064d1  __aeabi_idiv                          
00002757  __aeabi_idiv0                         
000064d1  __aeabi_idivmod                       
00007959  __aeabi_lmul                          
00008475  __aeabi_memclr                        
00008475  __aeabi_memclr4                       
00008475  __aeabi_memclr8                       
000084c9  __aeabi_memcpy                        
000084c9  __aeabi_memcpy4                       
000084c9  __aeabi_memcpy8                       
00007935  __aeabi_ui2d                          
00007809  __aeabi_ui2f                          
00006e79  __aeabi_uidiv                         
00006e79  __aeabi_uidivmod                      
000072dd  __aeabi_ul2f                          
ffffffff  __binit__                             
00005ff9  __cmpdf2                              
00007189  __cmpsf2                              
000058ad  __divsf3                              
00005ff9  __eqdf2                               
00007189  __eqsf2                               
00006eb9  __extendsfdf2                         
00006965  __fixdfsi                             
00007239  __fixsfsi                             
000073b1  __fixunssfsi                          
00007671  __floatsidf                           
00006fe9  __floatsisf                           
000072dd  __floatundisf                         
00007935  __floatunsidf                         
00007809  __floatunsisf                         
00005ba5  __gedf2                               
00007025  __gesf2                               
00005ba5  __gtdf2                               
00007025  __gtsf2                               
000000c1  __kernel_rem_pio2                     
00005ff9  __ledf2                               
00007189  __lesf2                               
00005ff9  __ltdf2                               
00007189  __ltsf2                               
UNDEFED   __mpu_init                            
0000457d  __muldf3                              
00007959  __muldi3                              
000071c5  __muldsi3                             
00005609  __mulsf3                              
00005ff9  __nedf2                               
00007189  __nesf2                               
20207e00  __stack                               
20200000  __start___llvm_prf_bits               
20200000  __start___llvm_prf_cnts               
20200000  __stop___llvm_prf_bits                
20200000  __stop___llvm_prf_cnts                
000025c5  __subdf3                              
000049d5  __subsf3                              
00005c21  __truncdfsf2                          
00007831  _c_int00_noargs                       
UNDEFED   _system_post_cinit                    
00008579  _system_pre_init                      
0000852b  abort                                 
000086f0  accelerometerMisalignment             
20201314  accelerometerOffset                   
000087c4  accelerometerSensitivity              
202010f4  ahrs                                  
202013ab  angle_tick                            
00002a2d  asinf                                 
00003679  atan2f                                
00002071  atanf                                 
202012b0  bias                                  
ffffffff  binit                                 
00007061  button_attach                         
0000571d  button_init                           
00006369  button_start                          
00007505  button_ticks                          
202013ac  buzzer_cmd                            
20201364  buzzer_on_counter                     
202013ad  cmd_angle_drive                       
202013ae  cmd_bat                               
202013af  cmd_left_speed                        
202013b0  cmd_right_speed                       
202013b1  cmd_straight_drive                    
00001cd1  cosf                                  
20201176  data                                  
202013a4  data_length                           
202012e0  distance_                             
20201330  encoder_count_l                       
20201338  encoder_count_r                       
00002e21  floor                                 
00002e21  floorl                                
20200e3c  gPWM_BUZZERBackup                     
20200fb4  gPWM_MotorBackup                      
20200ef8  gPWM_SERVOBackup                      
20201288  gSPI_1Backup                          
20201054  gTIMER_2msBackup                      
20201258  gUART_GimbalBackup                    
000059b1  getDistance_Simply                    
00008714  gyroscopeMisalignment                 
20201320  gyroscopeOffset                       
000087d0  gyroscopeSensitivity                  
00000000  interruptVectors                      
000048fd  ldexp                                 
000048fd  ldexpl                                
202013b5  led_cmd                               
20201398  led_on_counter                        
0000709d  main                                  
00005c95  my_vl53l1x_callback                   
20201178  pid_angle_drive                       
202011b0  pid_left                              
202011e8  pid_right                             
20201220  pid_straight_drive                    
000048fd  scalbn                                
000048fd  scalbnl                               
00002239  sinf                                  
202013a0  speed                                 
202013ba  spi_cs_locked                         
202013bb  spi_cs_locked_channel                 
00002759  sqrt                                  
00002759  sqrtl                                 
202013bc  straight_tick                         


GLOBAL SYMBOLS: SORTED BY Symbol Address 

address   name                                  
-------   ----                                  
00000000  __TI_ATRegion0_region_sz              
00000000  __TI_ATRegion0_src_addr               
00000000  __TI_ATRegion0_trg_addr               
00000000  __TI_ATRegion1_region_sz              
00000000  __TI_ATRegion1_src_addr               
00000000  __TI_ATRegion1_trg_addr               
00000000  __TI_ATRegion2_region_sz              
00000000  __TI_ATRegion2_src_addr               
00000000  __TI_ATRegion2_trg_addr               
00000000  __TI_static_base__                    
00000000  interruptVectors                      
000000c1  __kernel_rem_pio2                     
00000200  __STACK_SIZE                          
00000705  FusionAhrsUpdate                      
00000f0d  VL53L1_init_and_start_range           
000012e5  SYSCFG_DL_GPIO_init                   
00001609  Motor_Callback                        
00001889  Encoder_Callback                      
00001ae1  IMU_Callback                          
00001cd1  cosf                                  
00001ea5  IICreadBytes                          
00002071  atanf                                 
00002239  sinf                                  
000025c5  __aeabi_dsub                          
000025c5  __subdf3                              
000025cf  __adddf3                              
000025cf  __aeabi_dadd                          
00002757  __aeabi_idiv0                         
00002759  sqrt                                  
00002759  sqrtl                                 
000028c9  VL53L1_i2c_encode_static_config       
00002a2d  asinf                                 
00002cdd  PID_Compute                           
00002e21  floor                                 
00002e21  floorl                                
00002f65  Encoder_Speed_Get_LEFT                
000030a1  Encoder_Speed_Get_RIGHT               
00003311  IICwriteBytes                         
00003441  DL_Timer_initCaptureMode              
0000355d  SYSCFG_DL_initPower                   
00003679  atan2f                                
00003791  ICM42688_FIFO_Get_RealData            
000038a5  VL53L1_update_ll_driver_rd_state      
00003abd  GROUP1_IRQHandler                     
00003ccd  DL_Timer_initFourCCPWMMode            
00003dd1  FusionBiasUpdate                      
00003ed5  DL_Timer_initTimerMode                
00003fd1  VL53L1_i2c_encode_customer_nvm_managed
000042b5  VL53L1_i2c_encode_general_config      
000043a5  SYSCFG_DL_SYSCTL_SYSPLL_init          
0000457d  __aeabi_dmul                          
0000457d  __muldf3                              
00004661  VL53L1_i2c_encode_dynamic_config      
00004745  DL_SYSCTL_configSYSPLL                
00004821  VL53L1_i2c_encode_timing_config       
000048fd  ldexp                                 
000048fd  ldexpl                                
000048fd  scalbn                                
000048fd  scalbnl                               
000049d5  __aeabi_fsub                          
000049d5  __subsf3                              
000049df  __addsf3                              
000049df  __aeabi_fadd                          
00004aad  Drive_Callback                        
00004b7d  FusionAhrsSetHeading                  
00004c4d  Grayscale_Callback                    
00004d19  VL53L1_update_ll_driver_cfg_state     
00004dd9  FusionAhrsRestart                     
00004e89  ICM42688_UnBlocking_CallBack          
00004f39  SYSCFG_DL_PWM_SERVO_init              
000051f1  VL53L1_i2c_encode_static_nvm_managed  
000054f1  SPI_CS                                
0000557d  SYSCFG_DL_PWM_Motor_init              
00005609  __aeabi_fmul                          
00005609  __mulsf3                              
00005695  SYSCFG_DL_init                        
0000571d  button_init                           
000058ad  __aeabi_fdiv                          
000058ad  __divsf3                              
000059b1  getDistance_Simply                    
00005a31  Bat_Callback                          
00005aad  FusionAhrsUpdateNoMagnetometer        
00005b29  __TI_decompress_lzss                  
00005ba5  __gedf2                               
00005ba5  __gtdf2                               
00005c19  SYSCFG_DL_DMA_init                    
00005c21  __aeabi_d2f                           
00005c21  __truncdfsf2                          
00005c95  my_vl53l1x_callback                   
00005d09  SYSCFG_DL_BAT_ADC_init                
00005d79  SYSCFG_DL_SYSCTL_init                 
00005de9  Get_us                                
00005e55  SPI_TryLock                           
00005ec1  Key_Init                              
00005f29  Motor_SetSpeed                        
00005f91  SYSCFG_DL_PWM_BUZZER_init             
00005ff9  __cmpdf2                              
00005ff9  __eqdf2                               
00005ff9  __ledf2                               
00005ff9  __ltdf2                               
00005ff9  __nedf2                               
00006061  VL53L1_i2c_encode_system_control      
000060c9  __aeabi_dcmpeq                        
000060dd  __aeabi_dcmplt                        
000060f1  __aeabi_dcmple                        
00006105  __aeabi_dcmpge                        
00006119  __aeabi_dcmpgt                        
0000612d  __aeabi_fcmpeq                        
00006141  __aeabi_fcmplt                        
00006155  __aeabi_fcmple                        
00006169  __aeabi_fcmpge                        
0000617d  __aeabi_fcmpgt                        
000061f1  DL_I2C_fillControllerTXFIFO           
0000630d  SYSCFG_DL_UART_CAMERA_init            
00006369  button_start                          
000063c5  VL53L1_i2c_encode_int16_t             
00006421  SYSCFG_DL_I2C_0_init                  
00006479  VL53L1_i2c_encode_uint16_t            
000064d1  __aeabi_idiv                          
000064d1  __aeabi_idivmod                       
00006527  VL53L1_i2c_encode_uint32_t            
00006669  SYSCFG_DL_UART_init                   
00006709  DL_DMA_initChannel                    
000068cf  VL53L1_ReadMulti                      
00006919  VL53L1_WriteMulti                     
00006965  __aeabi_d2iz                          
00006965  __fixdfsi                             
000069b1  DL_UART_init                          
00006be5  DL_SPI_init                           
00006c29  DL_SYSCTL_switchMCLKfromSYSOSCtoHSCLK 
00006c6d  IMU_GetYaw                            
00006cb1  LED_tick                              
00006cf5  Uart_Init                             
00006d39  DL_ADC12_setClockConfig               
00006db9  SYSCFG_DL_SPI_1_init                  
00006df9  SYSCFG_DL_UART_Gimbal_init            
00006e39  SYSCFG_DL_UART_WIRELESS_init          
00006e79  __aeabi_uidiv                         
00006e79  __aeabi_uidivmod                      
00006eb9  __aeabi_f2d                           
00006eb9  __extendsfdf2                         
00006ef9  Buzzer_tick                           
00006f71  SYSCFG_DL_TIMER_10ms_init             
00006fad  SYSCFG_DL_TIMER_2ms_init              
00006fe9  __aeabi_i2f                           
00006fe9  __floatsisf                           
00007025  __gesf2                               
00007025  __gtsf2                               
00007061  button_attach                         
0000709d  main                                  
000070d9  __TI_auto_init_nobinit_nopinit        
00007115  Grayscale_Sensor_Read_Single          
0000714f  VL53L1_i2c_decode_uint16_t            
00007189  __cmpsf2                              
00007189  __eqsf2                               
00007189  __lesf2                               
00007189  __ltsf2                               
00007189  __nesf2                               
000071c5  __muldsi3                             
00007239  __aeabi_f2iz                          
00007239  __fixsfsi                             
000072dd  __aeabi_ul2f                          
000072dd  __floatundisf                         
0000737d  SPI_Unlock                            
000073b1  __aeabi_f2uiz                         
000073b1  __fixunssfsi                          
000074a5  LED_On_ms                             
000074d5  UART0_IRQHandler                      
00007505  button_ticks                          
00007595  SYSCFG_DL_CAPTURE_0_init              
000075c1  SYSCFG_DL_DMA_CH0_init                
00007671  __aeabi_i2d                           
00007671  __floatsidf                           
00007791  Delay_ms                              
000077b9  Delay_us                              
000077e1  TB6612_SetRightMotor                  
00007809  __aeabi_ui2f                          
00007809  __floatunsisf                         
00007831  _c_int00_noargs                       
0000787f  DL_I2C_setClockConfig                 
000078ed  TB6612_SetLeftMotor                   
00007911  UART2_IRQHandler                      
00007935  __aeabi_ui2d                          
00007935  __floatunsidf                         
00007959  __aeabi_lmul                          
00007959  __muldi3                              
0000797d  LED_Test1                             
0000799f  PID_SetK                              
00007a01  FusionAhrsGetQuaternion               
00007bad  DL_SYSCTL_configFCC                   
00007c39  DL_Timer_setCaptCompUpdateMethod      
00007c55  DL_Timer_setClockConfig               
00007cc5  ADC0_IRQHandler                       
00007cdf  PID_Reset                             
00007cf9  ADC_Callback                          
00007fc9  DL_Timer_setCaptureCompareOutCtl      
000081a5  ADC_Read                              
000082d1  TIMG0_IRQHandler                      
000082e5  TIMG7_IRQHandler                      
0000830b  DL_SPI_setClockConfig                 
0000832f  DL_UART_setClockConfig                
00008353  TI_memcpy_small                       
00008365  __TI_decompress_none                  
00008379  Buzzer_Off                            
000083b9  DL_Timer_setCaptureCompareValue       
000083d9  PID_SetGoal                           
000083e9  SYSCFG_DL_SYSTICK_init                
000083f9  SysTick_Handler                       
00008419  __TI_zero_init                        
00008429  TI_memset_small                       
00008439  Bat_Read                              
00008469  Get_ms                                
00008475  __aeabi_memclr                        
00008475  __aeabi_memclr4                       
00008475  __aeabi_memclr8                       
00008499  DL_Common_delayCycles                 
000084c1  __aeabi_errno_addr                    
000084c9  __aeabi_memcpy                        
000084c9  __aeabi_memcpy4                       
000084c9  __aeabi_memcpy8                       
0000852b  abort                                 
00008531  ADC1_IRQHandler                       
00008531  AES_IRQHandler                        
00008531  CANFD0_IRQHandler                     
00008531  DAC0_IRQHandler                       
00008531  DMA_IRQHandler                        
00008531  Default_Handler                       
00008531  GROUP0_IRQHandler                     
00008531  HardFault_Handler                     
00008531  I2C0_IRQHandler                       
00008531  I2C1_IRQHandler                       
00008531  NMI_Handler                           
00008531  PendSV_Handler                        
00008531  RTC_IRQHandler                        
00008531  SPI0_IRQHandler                       
00008531  SPI1_IRQHandler                       
00008531  SVC_Handler                           
00008531  TIMA0_IRQHandler                      
00008531  TIMA1_IRQHandler                      
00008531  TIMG12_IRQHandler                     
00008531  TIMG6_IRQHandler                      
00008531  TIMG8_IRQHandler                      
00008531  UART1_IRQHandler                      
00008531  UART3_IRQHandler                      
00008534  C$$EXIT                               
00008535  HOSTexit                              
00008565  Reset_Handler                         
00008579  _system_pre_init                      
000086f0  accelerometerMisalignment             
00008714  gyroscopeMisalignment                 
000087c4  accelerometerSensitivity              
000087d0  gyroscopeSensitivity                  
00008888  __TI_Handler_Table_Base               
00008894  __TI_Handler_Table_Limit              
0000889c  __TI_CINIT_Base                       
000088ac  __TI_CINIT_Limit                      
000088ac  __TI_CINIT_Warm                       
20200000  VL53_                                 
20200000  __start___llvm_prf_bits               
20200000  __start___llvm_prf_cnts               
20200000  __stop___llvm_prf_bits                
20200000  __stop___llvm_prf_cnts                
20200aec  FIFO_Buffer                           
20200c7c  Buffer                                
20200e3c  gPWM_BUZZERBackup                     
20200ef8  gPWM_SERVOBackup                      
20200fb4  gPWM_MotorBackup                      
20201054  gTIMER_2msBackup                      
202010f4  ahrs                                  
20201174  ADC_RawValue                          
20201176  data                                  
20201178  pid_angle_drive                       
202011b0  pid_left                              
202011e8  pid_right                             
20201220  pid_straight_drive                    
20201258  gUART_GimbalBackup                    
20201288  gSPI_1Backup                          
202012b0  bias                                  
202012e0  distance_                             
20201314  accelerometerOffset                   
20201320  gyroscopeOffset                       
2020132c  Battery_Voltage                       
20201330  encoder_count_l                       
20201338  encoder_count_r                       
20201340  CommandCount                          
20201344  Goal_Speed_Left                       
20201348  Goal_Speed_Right                      
2020134c  Goal_Straight_Angle                   
20201350  Goal_Turn_Angle                       
20201354  MS                                    
20201358  US                                    
2020135c  __aeabi_errno                         
20201364  buzzer_on_counter                     
20201398  led_on_counter                        
202013a0  speed                                 
202013a4  data_length                           
202013a7  ICM42688_is_initialized               
202013a8  IMU_initialized                       
202013a9  ReadIndex                             
202013aa  WriteIndex                            
202013ab  angle_tick                            
202013ac  buzzer_cmd                            
202013ad  cmd_angle_drive                       
202013ae  cmd_bat                               
202013af  cmd_left_speed                        
202013b0  cmd_right_speed                       
202013b1  cmd_straight_drive                    
202013b5  led_cmd                               
202013ba  spi_cs_locked                         
202013bb  spi_cs_locked_channel                 
202013bc  straight_tick                         
20207e00  __stack                               
20208000  __STACK_END                           
ffffffff  __TI_pprof_out_hndl                   
ffffffff  __TI_prof_data_size                   
ffffffff  __TI_prof_data_start                  
ffffffff  __binit__                             
ffffffff  binit                                 
UNDEFED   __mpu_init                            
UNDEFED   _system_post_cinit                    

[320 symbols]
