<?xml version="1.0" encoding="ISO-8859-1" ?>
<link_info>
   <banner>TI ARM Clang Linker PC v4.0.4.LTS</banner>
   <copyright>Copyright (c) 1996-2018 Texas Instruments Incorporated</copyright>
   <command_line>D:\TI\ccs2041\ccs\tools\compiler\ti-cgt-armllvm_4.0.4.LTS\bin\tiarmlnk -ID:\TI\ccs2041\ccs\tools\compiler\ti-cgt-armllvm_4.0.4.LTS\lib -o MSP_Car_1.out -mMSP_Car_1.map -iC:/TI/mspm0_sdk_2_10_00_04/source -iC:/Users/Qh/Desktop/ccs/MSP_Car_1 -iC:/Users/Qh/Desktop/ccs/MSP_Car_1/Debug/syscfg -iD:/TI/ccs2041/ccs/tools/compiler/ti-cgt-armllvm_4.0.4.LTS/lib --diag_wrap=off --display_error_number --warn_sections --xml_link_info=MSP_Car_1_linkInfo.xml --rom_model ./ti_msp_dl_config.o ./startup_mspm0g350x_ticlang.o ./main.o ./APP/Drive.o ./APP/Grayscale_Signal.o ./APP/Laser_Distance.o ./APP/Maze.o ./HardWare/ADC.o ./HardWare/Delay.o ./HardWare/Encoder.o ./HardWare/Grayscale.o ./HardWare/Interrupt.o ./HardWare/OLED.o ./HardWare/PID.o ./HardWare/Usart.o ./HardWare/icm42688.o ./HardWare/multi_button.o ./HardWare/spi.o ./HardWare/tb6612.o ./HardWare/vl53l1x/core/vl53l1_api.o ./HardWare/vl53l1x/core/vl53l1_api_calibration.o ./HardWare/vl53l1x/core/vl53l1_api_core.o ./HardWare/vl53l1x/core/vl53l1_api_debug.o ./HardWare/vl53l1x/core/vl53l1_api_preset_modes.o ./HardWare/vl53l1x/core/vl53l1_api_strings.o ./HardWare/vl53l1x/core/vl53l1_core.o ./HardWare/vl53l1x/core/vl53l1_core_support.o ./HardWare/vl53l1x/core/vl53l1_error_strings.o ./HardWare/vl53l1x/core/vl53l1_register_funcs.o ./HardWare/vl53l1x/core/vl53l1_silicon_core.o ./HardWare/vl53l1x/core/vl53l1_wait.o ./HardWare/vl53l1x/platform/IOI2C.o ./HardWare/vl53l1x/platform/vl53l1_platform.o ./HardWare/vl53l1x/platform/vl53l1x.o ./Middle/Bat.o ./Middle/IMU.o ./Middle/Key.o ./Middle/Motor.o ./Middle/Servo.o ./Middle/Uart_Data.o ./Middle/my_vl53l1x.o ./Middle/Fusion/FusionAhrs.o ./Middle/Fusion/FusionBias.o ./Middle/Fusion/FusionCompass.o ./Task/Menu.o ./Test/ADC_Test.o ./Test/Drive_Test.o ./Test/Encoder_Test.o ./Test/Grayscale_Test.o ./Test/ICM_Test.o ./Test/Key_Test.o ./Test/Maze_Test.o ./Test/Motor_Test.o ./Test/OLED_Test.o ./Test/Servo_Test.o ./Test/TB6612_Test.o ./Test/Uart_Test.o ./Test/vl53l1x_Test.o -l./device_linker.cmd -ldevice.cmd.genlibs -llibc.a --start-group -llibc++.a -llibc++abi.a -llibc.a -llibsys.a -llibsysbm.a -llibclang_rt.builtins.a -llibclang_rt.profile.a --end-group --cg_opt_level=0</command_line>
   <link_time>0x6a4bb6d5</link_time>
   <link_errors>0x0</link_errors>
   <output_file>C:\Users\Qh\Desktop\ccs\MSP_Car_1\Debug\MSP_Car_1.out</output_file>
   <entry_point>
      <name>_c_int00_noargs</name>
      <address>0x73e1</address>
   </entry_point>
   <input_file_list>
      <input_file id="fl-1">
         <path>C:\Users\Qh\Desktop\ccs\MSP_Car_1\Debug\.\</path>
         <kind>object</kind>
         <file>ti_msp_dl_config.o</file>
         <name>ti_msp_dl_config.o</name>
      </input_file>
      <input_file id="fl-2">
         <path>C:\Users\Qh\Desktop\ccs\MSP_Car_1\Debug\.\</path>
         <kind>object</kind>
         <file>startup_mspm0g350x_ticlang.o</file>
         <name>startup_mspm0g350x_ticlang.o</name>
      </input_file>
      <input_file id="fl-3">
         <path>C:\Users\Qh\Desktop\ccs\MSP_Car_1\Debug\.\</path>
         <kind>object</kind>
         <file>main.o</file>
         <name>main.o</name>
      </input_file>
      <input_file id="fl-4">
         <path>C:\Users\Qh\Desktop\ccs\MSP_Car_1\Debug\.\APP\</path>
         <kind>object</kind>
         <file>Drive.o</file>
         <name>Drive.o</name>
      </input_file>
      <input_file id="fl-5">
         <path>C:\Users\Qh\Desktop\ccs\MSP_Car_1\Debug\.\APP\</path>
         <kind>object</kind>
         <file>Grayscale_Signal.o</file>
         <name>Grayscale_Signal.o</name>
      </input_file>
      <input_file id="fl-6">
         <path>C:\Users\Qh\Desktop\ccs\MSP_Car_1\Debug\.\APP\</path>
         <kind>object</kind>
         <file>Laser_Distance.o</file>
         <name>Laser_Distance.o</name>
      </input_file>
      <input_file id="fl-7">
         <path>C:\Users\Qh\Desktop\ccs\MSP_Car_1\Debug\.\APP\</path>
         <kind>object</kind>
         <file>Maze.o</file>
         <name>Maze.o</name>
      </input_file>
      <input_file id="fl-8">
         <path>C:\Users\Qh\Desktop\ccs\MSP_Car_1\Debug\.\HardWare\</path>
         <kind>object</kind>
         <file>ADC.o</file>
         <name>ADC.o</name>
      </input_file>
      <input_file id="fl-9">
         <path>C:\Users\Qh\Desktop\ccs\MSP_Car_1\Debug\.\HardWare\</path>
         <kind>object</kind>
         <file>Delay.o</file>
         <name>Delay.o</name>
      </input_file>
      <input_file id="fl-a">
         <path>C:\Users\Qh\Desktop\ccs\MSP_Car_1\Debug\.\HardWare\</path>
         <kind>object</kind>
         <file>Encoder.o</file>
         <name>Encoder.o</name>
      </input_file>
      <input_file id="fl-b">
         <path>C:\Users\Qh\Desktop\ccs\MSP_Car_1\Debug\.\HardWare\</path>
         <kind>object</kind>
         <file>Grayscale.o</file>
         <name>Grayscale.o</name>
      </input_file>
      <input_file id="fl-c">
         <path>C:\Users\Qh\Desktop\ccs\MSP_Car_1\Debug\.\HardWare\</path>
         <kind>object</kind>
         <file>Interrupt.o</file>
         <name>Interrupt.o</name>
      </input_file>
      <input_file id="fl-d">
         <path>C:\Users\Qh\Desktop\ccs\MSP_Car_1\Debug\.\HardWare\</path>
         <kind>object</kind>
         <file>OLED.o</file>
         <name>OLED.o</name>
      </input_file>
      <input_file id="fl-e">
         <path>C:\Users\Qh\Desktop\ccs\MSP_Car_1\Debug\.\HardWare\</path>
         <kind>object</kind>
         <file>PID.o</file>
         <name>PID.o</name>
      </input_file>
      <input_file id="fl-f">
         <path>C:\Users\Qh\Desktop\ccs\MSP_Car_1\Debug\.\HardWare\</path>
         <kind>object</kind>
         <file>Usart.o</file>
         <name>Usart.o</name>
      </input_file>
      <input_file id="fl-10">
         <path>C:\Users\Qh\Desktop\ccs\MSP_Car_1\Debug\.\HardWare\</path>
         <kind>object</kind>
         <file>icm42688.o</file>
         <name>icm42688.o</name>
      </input_file>
      <input_file id="fl-11">
         <path>C:\Users\Qh\Desktop\ccs\MSP_Car_1\Debug\.\HardWare\</path>
         <kind>object</kind>
         <file>multi_button.o</file>
         <name>multi_button.o</name>
      </input_file>
      <input_file id="fl-12">
         <path>C:\Users\Qh\Desktop\ccs\MSP_Car_1\Debug\.\HardWare\</path>
         <kind>object</kind>
         <file>spi.o</file>
         <name>spi.o</name>
      </input_file>
      <input_file id="fl-13">
         <path>C:\Users\Qh\Desktop\ccs\MSP_Car_1\Debug\.\HardWare\</path>
         <kind>object</kind>
         <file>tb6612.o</file>
         <name>tb6612.o</name>
      </input_file>
      <input_file id="fl-14">
         <path>C:\Users\Qh\Desktop\ccs\MSP_Car_1\Debug\.\HardWare\vl53l1x\core\</path>
         <kind>object</kind>
         <file>vl53l1_api.o</file>
         <name>vl53l1_api.o</name>
      </input_file>
      <input_file id="fl-15">
         <path>C:\Users\Qh\Desktop\ccs\MSP_Car_1\Debug\.\HardWare\vl53l1x\core\</path>
         <kind>object</kind>
         <file>vl53l1_api_calibration.o</file>
         <name>vl53l1_api_calibration.o</name>
      </input_file>
      <input_file id="fl-16">
         <path>C:\Users\Qh\Desktop\ccs\MSP_Car_1\Debug\.\HardWare\vl53l1x\core\</path>
         <kind>object</kind>
         <file>vl53l1_api_core.o</file>
         <name>vl53l1_api_core.o</name>
      </input_file>
      <input_file id="fl-17">
         <path>C:\Users\Qh\Desktop\ccs\MSP_Car_1\Debug\.\HardWare\vl53l1x\core\</path>
         <kind>object</kind>
         <file>vl53l1_api_debug.o</file>
         <name>vl53l1_api_debug.o</name>
      </input_file>
      <input_file id="fl-18">
         <path>C:\Users\Qh\Desktop\ccs\MSP_Car_1\Debug\.\HardWare\vl53l1x\core\</path>
         <kind>object</kind>
         <file>vl53l1_api_preset_modes.o</file>
         <name>vl53l1_api_preset_modes.o</name>
      </input_file>
      <input_file id="fl-19">
         <path>C:\Users\Qh\Desktop\ccs\MSP_Car_1\Debug\.\HardWare\vl53l1x\core\</path>
         <kind>object</kind>
         <file>vl53l1_api_strings.o</file>
         <name>vl53l1_api_strings.o</name>
      </input_file>
      <input_file id="fl-1a">
         <path>C:\Users\Qh\Desktop\ccs\MSP_Car_1\Debug\.\HardWare\vl53l1x\core\</path>
         <kind>object</kind>
         <file>vl53l1_core.o</file>
         <name>vl53l1_core.o</name>
      </input_file>
      <input_file id="fl-1b">
         <path>C:\Users\Qh\Desktop\ccs\MSP_Car_1\Debug\.\HardWare\vl53l1x\core\</path>
         <kind>object</kind>
         <file>vl53l1_core_support.o</file>
         <name>vl53l1_core_support.o</name>
      </input_file>
      <input_file id="fl-1c">
         <path>C:\Users\Qh\Desktop\ccs\MSP_Car_1\Debug\.\HardWare\vl53l1x\core\</path>
         <kind>object</kind>
         <file>vl53l1_error_strings.o</file>
         <name>vl53l1_error_strings.o</name>
      </input_file>
      <input_file id="fl-1d">
         <path>C:\Users\Qh\Desktop\ccs\MSP_Car_1\Debug\.\HardWare\vl53l1x\core\</path>
         <kind>object</kind>
         <file>vl53l1_register_funcs.o</file>
         <name>vl53l1_register_funcs.o</name>
      </input_file>
      <input_file id="fl-1e">
         <path>C:\Users\Qh\Desktop\ccs\MSP_Car_1\Debug\.\HardWare\vl53l1x\core\</path>
         <kind>object</kind>
         <file>vl53l1_silicon_core.o</file>
         <name>vl53l1_silicon_core.o</name>
      </input_file>
      <input_file id="fl-1f">
         <path>C:\Users\Qh\Desktop\ccs\MSP_Car_1\Debug\.\HardWare\vl53l1x\core\</path>
         <kind>object</kind>
         <file>vl53l1_wait.o</file>
         <name>vl53l1_wait.o</name>
      </input_file>
      <input_file id="fl-20">
         <path>C:\Users\Qh\Desktop\ccs\MSP_Car_1\Debug\.\HardWare\vl53l1x\platform\</path>
         <kind>object</kind>
         <file>IOI2C.o</file>
         <name>IOI2C.o</name>
      </input_file>
      <input_file id="fl-21">
         <path>C:\Users\Qh\Desktop\ccs\MSP_Car_1\Debug\.\HardWare\vl53l1x\platform\</path>
         <kind>object</kind>
         <file>vl53l1_platform.o</file>
         <name>vl53l1_platform.o</name>
      </input_file>
      <input_file id="fl-22">
         <path>C:\Users\Qh\Desktop\ccs\MSP_Car_1\Debug\.\HardWare\vl53l1x\platform\</path>
         <kind>object</kind>
         <file>vl53l1x.o</file>
         <name>vl53l1x.o</name>
      </input_file>
      <input_file id="fl-23">
         <path>C:\Users\Qh\Desktop\ccs\MSP_Car_1\Debug\.\Middle\</path>
         <kind>object</kind>
         <file>Bat.o</file>
         <name>Bat.o</name>
      </input_file>
      <input_file id="fl-24">
         <path>C:\Users\Qh\Desktop\ccs\MSP_Car_1\Debug\.\Middle\</path>
         <kind>object</kind>
         <file>IMU.o</file>
         <name>IMU.o</name>
      </input_file>
      <input_file id="fl-25">
         <path>C:\Users\Qh\Desktop\ccs\MSP_Car_1\Debug\.\Middle\</path>
         <kind>object</kind>
         <file>Key.o</file>
         <name>Key.o</name>
      </input_file>
      <input_file id="fl-26">
         <path>C:\Users\Qh\Desktop\ccs\MSP_Car_1\Debug\.\Middle\</path>
         <kind>object</kind>
         <file>Motor.o</file>
         <name>Motor.o</name>
      </input_file>
      <input_file id="fl-27">
         <path>C:\Users\Qh\Desktop\ccs\MSP_Car_1\Debug\.\Middle\</path>
         <kind>object</kind>
         <file>Servo.o</file>
         <name>Servo.o</name>
      </input_file>
      <input_file id="fl-28">
         <path>C:\Users\Qh\Desktop\ccs\MSP_Car_1\Debug\.\Middle\</path>
         <kind>object</kind>
         <file>Uart_Data.o</file>
         <name>Uart_Data.o</name>
      </input_file>
      <input_file id="fl-29">
         <path>C:\Users\Qh\Desktop\ccs\MSP_Car_1\Debug\.\Middle\</path>
         <kind>object</kind>
         <file>my_vl53l1x.o</file>
         <name>my_vl53l1x.o</name>
      </input_file>
      <input_file id="fl-2a">
         <path>C:\Users\Qh\Desktop\ccs\MSP_Car_1\Debug\.\Middle\Fusion\</path>
         <kind>object</kind>
         <file>FusionAhrs.o</file>
         <name>FusionAhrs.o</name>
      </input_file>
      <input_file id="fl-2b">
         <path>C:\Users\Qh\Desktop\ccs\MSP_Car_1\Debug\.\Middle\Fusion\</path>
         <kind>object</kind>
         <file>FusionBias.o</file>
         <name>FusionBias.o</name>
      </input_file>
      <input_file id="fl-2c">
         <path>C:\Users\Qh\Desktop\ccs\MSP_Car_1\Debug\.\Middle\Fusion\</path>
         <kind>object</kind>
         <file>FusionCompass.o</file>
         <name>FusionCompass.o</name>
      </input_file>
      <input_file id="fl-2d">
         <path>C:\Users\Qh\Desktop\ccs\MSP_Car_1\Debug\.\Task\</path>
         <kind>object</kind>
         <file>Menu.o</file>
         <name>Menu.o</name>
      </input_file>
      <input_file id="fl-2e">
         <path>C:\Users\Qh\Desktop\ccs\MSP_Car_1\Debug\.\Test\</path>
         <kind>object</kind>
         <file>ADC_Test.o</file>
         <name>ADC_Test.o</name>
      </input_file>
      <input_file id="fl-2f">
         <path>C:\Users\Qh\Desktop\ccs\MSP_Car_1\Debug\.\Test\</path>
         <kind>object</kind>
         <file>Drive_Test.o</file>
         <name>Drive_Test.o</name>
      </input_file>
      <input_file id="fl-30">
         <path>C:\Users\Qh\Desktop\ccs\MSP_Car_1\Debug\.\Test\</path>
         <kind>object</kind>
         <file>Encoder_Test.o</file>
         <name>Encoder_Test.o</name>
      </input_file>
      <input_file id="fl-31">
         <path>C:\Users\Qh\Desktop\ccs\MSP_Car_1\Debug\.\Test\</path>
         <kind>object</kind>
         <file>Grayscale_Test.o</file>
         <name>Grayscale_Test.o</name>
      </input_file>
      <input_file id="fl-32">
         <path>C:\Users\Qh\Desktop\ccs\MSP_Car_1\Debug\.\Test\</path>
         <kind>object</kind>
         <file>ICM_Test.o</file>
         <name>ICM_Test.o</name>
      </input_file>
      <input_file id="fl-33">
         <path>C:\Users\Qh\Desktop\ccs\MSP_Car_1\Debug\.\Test\</path>
         <kind>object</kind>
         <file>Key_Test.o</file>
         <name>Key_Test.o</name>
      </input_file>
      <input_file id="fl-34">
         <path>C:\Users\Qh\Desktop\ccs\MSP_Car_1\Debug\.\Test\</path>
         <kind>object</kind>
         <file>Maze_Test.o</file>
         <name>Maze_Test.o</name>
      </input_file>
      <input_file id="fl-35">
         <path>C:\Users\Qh\Desktop\ccs\MSP_Car_1\Debug\.\Test\</path>
         <kind>object</kind>
         <file>Motor_Test.o</file>
         <name>Motor_Test.o</name>
      </input_file>
      <input_file id="fl-36">
         <path>C:\Users\Qh\Desktop\ccs\MSP_Car_1\Debug\.\Test\</path>
         <kind>object</kind>
         <file>OLED_Test.o</file>
         <name>OLED_Test.o</name>
      </input_file>
      <input_file id="fl-37">
         <path>C:\Users\Qh\Desktop\ccs\MSP_Car_1\Debug\.\Test\</path>
         <kind>object</kind>
         <file>Servo_Test.o</file>
         <name>Servo_Test.o</name>
      </input_file>
      <input_file id="fl-38">
         <path>C:\Users\Qh\Desktop\ccs\MSP_Car_1\Debug\.\Test\</path>
         <kind>object</kind>
         <file>TB6612_Test.o</file>
         <name>TB6612_Test.o</name>
      </input_file>
      <input_file id="fl-39">
         <path>C:\Users\Qh\Desktop\ccs\MSP_Car_1\Debug\.\Test\</path>
         <kind>object</kind>
         <file>Uart_Test.o</file>
         <name>Uart_Test.o</name>
      </input_file>
      <input_file id="fl-3a">
         <path>C:\Users\Qh\Desktop\ccs\MSP_Car_1\Debug\.\Test\</path>
         <kind>object</kind>
         <file>vl53l1x_Test.o</file>
         <name>vl53l1x_Test.o</name>
      </input_file>
      <input_file id="fl-47">
         <path>C:\Users\Qh\Desktop\ccs\MSP_Car_1\Debug\</path>
         <kind>object</kind>
         <file>&lt;internal&gt;</file>
         <name>&lt;internal&gt;</name>
      </input_file>
      <input_file id="fl-48">
         <path>C:\TI\mspm0_sdk_2_10_00_04\source\ti\driverlib\lib\ticlang\m0p\mspm0g1x0x_g3x0x\</path>
         <kind>archive</kind>
         <file>driverlib.a</file>
         <name>dl_adc12.o</name>
      </input_file>
      <input_file id="fl-49">
         <path>C:\TI\mspm0_sdk_2_10_00_04\source\ti\driverlib\lib\ticlang\m0p\mspm0g1x0x_g3x0x\</path>
         <kind>archive</kind>
         <file>driverlib.a</file>
         <name>dl_common.o</name>
      </input_file>
      <input_file id="fl-4a">
         <path>C:\TI\mspm0_sdk_2_10_00_04\source\ti\driverlib\lib\ticlang\m0p\mspm0g1x0x_g3x0x\</path>
         <kind>archive</kind>
         <file>driverlib.a</file>
         <name>dl_i2c.o</name>
      </input_file>
      <input_file id="fl-4b">
         <path>C:\TI\mspm0_sdk_2_10_00_04\source\ti\driverlib\lib\ticlang\m0p\mspm0g1x0x_g3x0x\</path>
         <kind>archive</kind>
         <file>driverlib.a</file>
         <name>dl_spi.o</name>
      </input_file>
      <input_file id="fl-4c">
         <path>C:\TI\mspm0_sdk_2_10_00_04\source\ti\driverlib\lib\ticlang\m0p\mspm0g1x0x_g3x0x\</path>
         <kind>archive</kind>
         <file>driverlib.a</file>
         <name>dl_timer.o</name>
      </input_file>
      <input_file id="fl-4d">
         <path>C:\TI\mspm0_sdk_2_10_00_04\source\ti\driverlib\lib\ticlang\m0p\mspm0g1x0x_g3x0x\</path>
         <kind>archive</kind>
         <file>driverlib.a</file>
         <name>dl_uart.o</name>
      </input_file>
      <input_file id="fl-4e">
         <path>C:\TI\mspm0_sdk_2_10_00_04\source\ti\driverlib\lib\ticlang\m0p\mspm0g1x0x_g3x0x\</path>
         <kind>archive</kind>
         <file>driverlib.a</file>
         <name>dl_sysctl_mspm0g1x0x_g3x0x.o</name>
      </input_file>
      <input_file id="fl-65">
         <path>D:\TI\ccs2041\ccs\tools\compiler\ti-cgt-armllvm_4.0.4.LTS\lib\armv6m-ti-none-eabi\c\</path>
         <kind>archive</kind>
         <file>libc.a</file>
         <name>e_asinf.c.obj</name>
      </input_file>
      <input_file id="fl-66">
         <path>D:\TI\ccs2041\ccs\tools\compiler\ti-cgt-armllvm_4.0.4.LTS\lib\armv6m-ti-none-eabi\c\</path>
         <kind>archive</kind>
         <file>libc.a</file>
         <name>e_atan2f.c.obj</name>
      </input_file>
      <input_file id="fl-67">
         <path>D:\TI\ccs2041\ccs\tools\compiler\ti-cgt-armllvm_4.0.4.LTS\lib\armv6m-ti-none-eabi\c\</path>
         <kind>archive</kind>
         <file>libc.a</file>
         <name>e_powf.c.obj</name>
      </input_file>
      <input_file id="fl-68">
         <path>D:\TI\ccs2041\ccs\tools\compiler\ti-cgt-armllvm_4.0.4.LTS\lib\armv6m-ti-none-eabi\c\</path>
         <kind>archive</kind>
         <file>libc.a</file>
         <name>e_sqrtf.c.obj</name>
      </input_file>
      <input_file id="fl-69">
         <path>D:\TI\ccs2041\ccs\tools\compiler\ti-cgt-armllvm_4.0.4.LTS\lib\armv6m-ti-none-eabi\c\</path>
         <kind>archive</kind>
         <file>libc.a</file>
         <name>s_atanf.c.obj</name>
      </input_file>
      <input_file id="fl-6a">
         <path>D:\TI\ccs2041\ccs\tools\compiler\ti-cgt-armllvm_4.0.4.LTS\lib\armv6m-ti-none-eabi\c\</path>
         <kind>archive</kind>
         <file>libc.a</file>
         <name>s_cosf.c.obj</name>
      </input_file>
      <input_file id="fl-6b">
         <path>D:\TI\ccs2041\ccs\tools\compiler\ti-cgt-armllvm_4.0.4.LTS\lib\armv6m-ti-none-eabi\c\</path>
         <kind>archive</kind>
         <file>libc.a</file>
         <name>s_scalbnf.c.obj</name>
      </input_file>
      <input_file id="fl-6c">
         <path>D:\TI\ccs2041\ccs\tools\compiler\ti-cgt-armllvm_4.0.4.LTS\lib\armv6m-ti-none-eabi\c\</path>
         <kind>archive</kind>
         <file>libc.a</file>
         <name>s_sinf.c.obj</name>
      </input_file>
      <input_file id="fl-6d">
         <path>D:\TI\ccs2041\ccs\tools\compiler\ti-cgt-armllvm_4.0.4.LTS\lib\armv6m-ti-none-eabi\c\</path>
         <kind>archive</kind>
         <file>libc.a</file>
         <name>printf.c.obj</name>
      </input_file>
      <input_file id="fl-6e">
         <path>D:\TI\ccs2041\ccs\tools\compiler\ti-cgt-armllvm_4.0.4.LTS\lib\armv6m-ti-none-eabi\c\</path>
         <kind>archive</kind>
         <file>libc.a</file>
         <name>_printfi.c.obj</name>
      </input_file>
      <input_file id="fl-6f">
         <path>D:\TI\ccs2041\ccs\tools\compiler\ti-cgt-armllvm_4.0.4.LTS\lib\armv6m-ti-none-eabi\c\</path>
         <kind>archive</kind>
         <file>libc.a</file>
         <name>snprintf.c.obj</name>
      </input_file>
      <input_file id="fl-70">
         <path>D:\TI\ccs2041\ccs\tools\compiler\ti-cgt-armllvm_4.0.4.LTS\lib\armv6m-ti-none-eabi\c\</path>
         <kind>archive</kind>
         <file>libc.a</file>
         <name>sprintf.c.obj</name>
      </input_file>
      <input_file id="fl-71">
         <path>D:\TI\ccs2041\ccs\tools\compiler\ti-cgt-armllvm_4.0.4.LTS\lib\armv6m-ti-none-eabi\c\</path>
         <kind>archive</kind>
         <file>libc.a</file>
         <name>vsnprintf.c.obj</name>
      </input_file>
      <input_file id="fl-72">
         <path>D:\TI\ccs2041\ccs\tools\compiler\ti-cgt-armllvm_4.0.4.LTS\lib\armv6m-ti-none-eabi\c\</path>
         <kind>archive</kind>
         <file>libc.a</file>
         <name>fputc.c.obj</name>
      </input_file>
      <input_file id="fl-73">
         <path>D:\TI\ccs2041\ccs\tools\compiler\ti-cgt-armllvm_4.0.4.LTS\lib\armv6m-ti-none-eabi\c\</path>
         <kind>archive</kind>
         <file>libc.a</file>
         <name>fputs.c.obj</name>
      </input_file>
      <input_file id="fl-74">
         <path>D:\TI\ccs2041\ccs\tools\compiler\ti-cgt-armllvm_4.0.4.LTS\lib\armv6m-ti-none-eabi\c\</path>
         <kind>archive</kind>
         <file>libc.a</file>
         <name>_io_perm.c.obj</name>
      </input_file>
      <input_file id="fl-75">
         <path>D:\TI\ccs2041\ccs\tools\compiler\ti-cgt-armllvm_4.0.4.LTS\lib\armv6m-ti-none-eabi\c\</path>
         <kind>archive</kind>
         <file>libc.a</file>
         <name>setvbuf.c.obj</name>
      </input_file>
      <input_file id="fl-76">
         <path>D:\TI\ccs2041\ccs\tools\compiler\ti-cgt-armllvm_4.0.4.LTS\lib\armv6m-ti-none-eabi\c\</path>
         <kind>archive</kind>
         <file>libc.a</file>
         <name>aeabi_portable.c.obj</name>
      </input_file>
      <input_file id="fl-77">
         <path>D:\TI\ccs2041\ccs\tools\compiler\ti-cgt-armllvm_4.0.4.LTS\lib\armv6m-ti-none-eabi\c\</path>
         <kind>archive</kind>
         <file>libc.a</file>
         <name>k_rem_pio2.c.obj</name>
      </input_file>
      <input_file id="fl-78">
         <path>D:\TI\ccs2041\ccs\tools\compiler\ti-cgt-armllvm_4.0.4.LTS\lib\armv6m-ti-none-eabi\c\</path>
         <kind>archive</kind>
         <file>libc.a</file>
         <name>exit.c.obj</name>
      </input_file>
      <input_file id="fl-79">
         <path>D:\TI\ccs2041\ccs\tools\compiler\ti-cgt-armllvm_4.0.4.LTS\lib\armv6m-ti-none-eabi\c\</path>
         <kind>archive</kind>
         <file>libc.a</file>
         <name>_lock.c.obj</name>
      </input_file>
      <input_file id="fl-7a">
         <path>D:\TI\ccs2041\ccs\tools\compiler\ti-cgt-armllvm_4.0.4.LTS\lib\armv6m-ti-none-eabi\c\</path>
         <kind>archive</kind>
         <file>libc.a</file>
         <name>_ltoa.c.obj</name>
      </input_file>
      <input_file id="fl-7b">
         <path>D:\TI\ccs2041\ccs\tools\compiler\ti-cgt-armllvm_4.0.4.LTS\lib\armv6m-ti-none-eabi\c\</path>
         <kind>archive</kind>
         <file>libc.a</file>
         <name>assert.c.obj</name>
      </input_file>
      <input_file id="fl-7c">
         <path>D:\TI\ccs2041\ccs\tools\compiler\ti-cgt-armllvm_4.0.4.LTS\lib\armv6m-ti-none-eabi\c\</path>
         <kind>archive</kind>
         <file>libc.a</file>
         <name>atoi.c.obj</name>
      </input_file>
      <input_file id="fl-7d">
         <path>D:\TI\ccs2041\ccs\tools\compiler\ti-cgt-armllvm_4.0.4.LTS\lib\armv6m-ti-none-eabi\c\</path>
         <kind>archive</kind>
         <file>libc.a</file>
         <name>defs.c.obj</name>
      </input_file>
      <input_file id="fl-7e">
         <path>D:\TI\ccs2041\ccs\tools\compiler\ti-cgt-armllvm_4.0.4.LTS\lib\armv6m-ti-none-eabi\c\</path>
         <kind>archive</kind>
         <file>libc.a</file>
         <name>memccpy.c.obj</name>
      </input_file>
      <input_file id="fl-7f">
         <path>D:\TI\ccs2041\ccs\tools\compiler\ti-cgt-armllvm_4.0.4.LTS\lib\armv6m-ti-none-eabi\c\</path>
         <kind>archive</kind>
         <file>libc.a</file>
         <name>memory.c.obj</name>
      </input_file>
      <input_file id="fl-80">
         <path>D:\TI\ccs2041\ccs\tools\compiler\ti-cgt-armllvm_4.0.4.LTS\lib\armv6m-ti-none-eabi\c\</path>
         <kind>archive</kind>
         <file>libc.a</file>
         <name>strncpy.c.obj</name>
      </input_file>
      <input_file id="fl-81">
         <path>D:\TI\ccs2041\ccs\tools\compiler\ti-cgt-armllvm_4.0.4.LTS\lib\armv6m-ti-none-eabi\c\</path>
         <kind>archive</kind>
         <file>libc.a</file>
         <name>boot_cortex_m.c.obj</name>
      </input_file>
      <input_file id="fl-82">
         <path>D:\TI\ccs2041\ccs\tools\compiler\ti-cgt-armllvm_4.0.4.LTS\lib\armv6m-ti-none-eabi\c\</path>
         <kind>archive</kind>
         <file>libc.a</file>
         <name>mathacl_init.c.obj</name>
      </input_file>
      <input_file id="fl-83">
         <path>D:\TI\ccs2041\ccs\tools\compiler\ti-cgt-armllvm_4.0.4.LTS\lib\armv6m-ti-none-eabi\c\</path>
         <kind>archive</kind>
         <file>libc.a</file>
         <name>autoinit.c.obj</name>
      </input_file>
      <input_file id="fl-84">
         <path>D:\TI\ccs2041\ccs\tools\compiler\ti-cgt-armllvm_4.0.4.LTS\lib\armv6m-ti-none-eabi\c\</path>
         <kind>archive</kind>
         <file>libc.a</file>
         <name>pre_init.c.obj</name>
      </input_file>
      <input_file id="fl-85">
         <path>D:\TI\ccs2041\ccs\tools\compiler\ti-cgt-armllvm_4.0.4.LTS\lib\armv6m-ti-none-eabi\c\</path>
         <kind>archive</kind>
         <file>libc.a</file>
         <name>cpy_tbl.c.obj</name>
      </input_file>
      <input_file id="fl-86">
         <path>D:\TI\ccs2041\ccs\tools\compiler\ti-cgt-armllvm_4.0.4.LTS\lib\armv6m-ti-none-eabi\c\</path>
         <kind>archive</kind>
         <file>libc.a</file>
         <name>copy_zero_init.c.obj</name>
      </input_file>
      <input_file id="fl-87">
         <path>D:\TI\ccs2041\ccs\tools\compiler\ti-cgt-armllvm_4.0.4.LTS\lib\armv6m-ti-none-eabi\c\</path>
         <kind>archive</kind>
         <file>libc.a</file>
         <name>copy_decompress_none.c.obj</name>
      </input_file>
      <input_file id="fl-88">
         <path>D:\TI\ccs2041\ccs\tools\compiler\ti-cgt-armllvm_4.0.4.LTS\lib\armv6m-ti-none-eabi\c\</path>
         <kind>archive</kind>
         <file>libc.a</file>
         <name>copy_decompress_lzss.c.obj</name>
      </input_file>
      <input_file id="fl-89">
         <path>D:\TI\ccs2041\ccs\tools\compiler\ti-cgt-armllvm_4.0.4.LTS\lib\armv6m-ti-none-eabi\c\</path>
         <kind>archive</kind>
         <file>libc.a</file>
         <name>e_sqrt.c.obj</name>
      </input_file>
      <input_file id="fl-8a">
         <path>D:\TI\ccs2041\ccs\tools\compiler\ti-cgt-armllvm_4.0.4.LTS\lib\armv6m-ti-none-eabi\c\</path>
         <kind>archive</kind>
         <file>libc.a</file>
         <name>s_floor.c.obj</name>
      </input_file>
      <input_file id="fl-8b">
         <path>D:\TI\ccs2041\ccs\tools\compiler\ti-cgt-armllvm_4.0.4.LTS\lib\armv6m-ti-none-eabi\c\</path>
         <kind>archive</kind>
         <file>libc.a</file>
         <name>s_frexp.c.obj</name>
      </input_file>
      <input_file id="fl-8c">
         <path>D:\TI\ccs2041\ccs\tools\compiler\ti-cgt-armllvm_4.0.4.LTS\lib\armv6m-ti-none-eabi\c\</path>
         <kind>archive</kind>
         <file>libc.a</file>
         <name>s_scalbn.c.obj</name>
      </input_file>
      <input_file id="fl-8d">
         <path>D:\TI\ccs2041\ccs\tools\compiler\ti-cgt-armllvm_4.0.4.LTS\lib\armv6m-ti-none-eabi\c\</path>
         <kind>archive</kind>
         <file>libc.a</file>
         <name>wcslen.c.obj</name>
      </input_file>
      <input_file id="fl-8e">
         <path>D:\TI\ccs2041\ccs\tools\compiler\ti-cgt-armllvm_4.0.4.LTS\lib\armv6m-ti-none-eabi\c\</path>
         <kind>archive</kind>
         <file>libc.a</file>
         <name>fflush.c.obj</name>
      </input_file>
      <input_file id="fl-8f">
         <path>D:\TI\ccs2041\ccs\tools\compiler\ti-cgt-armllvm_4.0.4.LTS\lib\armv6m-ti-none-eabi\c\</path>
         <kind>archive</kind>
         <file>libc.a</file>
         <name>fopen.c.obj</name>
      </input_file>
      <input_file id="fl-90">
         <path>D:\TI\ccs2041\ccs\tools\compiler\ti-cgt-armllvm_4.0.4.LTS\lib\armv6m-ti-none-eabi\c\</path>
         <kind>archive</kind>
         <file>libc.a</file>
         <name>fseek.c.obj</name>
      </input_file>
      <input_file id="fl-91">
         <path>D:\TI\ccs2041\ccs\tools\compiler\ti-cgt-armllvm_4.0.4.LTS\lib\armv6m-ti-none-eabi\c\</path>
         <kind>archive</kind>
         <file>libc.a</file>
         <name>aeabi_ctype.S.obj</name>
      </input_file>
      <input_file id="fl-92">
         <path>D:\TI\ccs2041\ccs\tools\compiler\ti-cgt-armllvm_4.0.4.LTS\lib\armv6m-ti-none-eabi\c\</path>
         <kind>archive</kind>
         <file>libc.a</file>
         <name>args_main.c.obj</name>
      </input_file>
      <input_file id="fl-93">
         <path>D:\TI\ccs2041\ccs\tools\compiler\ti-cgt-armllvm_4.0.4.LTS\lib\armv6m-ti-none-eabi\c\</path>
         <kind>archive</kind>
         <file>libc.a</file>
         <name>fclose.c.obj</name>
      </input_file>
      <input_file id="fl-133">
         <path>D:\TI\ccs2041\ccs\tools\compiler\ti-cgt-armllvm_4.0.4.LTS\lib\armv6m-ti-none-eabi\c\</path>
         <kind>archive</kind>
         <file>libsysbm.a</file>
         <name>hostexit.c.obj</name>
      </input_file>
      <input_file id="fl-134">
         <path>D:\TI\ccs2041\ccs\tools\compiler\ti-cgt-armllvm_4.0.4.LTS\lib\armv6m-ti-none-eabi\c\</path>
         <kind>archive</kind>
         <file>libsysbm.a</file>
         <name>write.c.obj</name>
      </input_file>
      <input_file id="fl-135">
         <path>D:\TI\ccs2041\ccs\tools\compiler\ti-cgt-armllvm_4.0.4.LTS\lib\armv6m-ti-none-eabi\c\</path>
         <kind>archive</kind>
         <file>libsysbm.a</file>
         <name>host_device.c.obj</name>
      </input_file>
      <input_file id="fl-136">
         <path>D:\TI\ccs2041\ccs\tools\compiler\ti-cgt-armllvm_4.0.4.LTS\lib\armv6m-ti-none-eabi\c\</path>
         <kind>archive</kind>
         <file>libsysbm.a</file>
         <name>remove.c.obj</name>
      </input_file>
      <input_file id="fl-137">
         <path>D:\TI\ccs2041\ccs\tools\compiler\ti-cgt-armllvm_4.0.4.LTS\lib\armv6m-ti-none-eabi\c\</path>
         <kind>archive</kind>
         <file>libsysbm.a</file>
         <name>open.c.obj</name>
      </input_file>
      <input_file id="fl-138">
         <path>D:\TI\ccs2041\ccs\tools\compiler\ti-cgt-armllvm_4.0.4.LTS\lib\armv6m-ti-none-eabi\c\</path>
         <kind>archive</kind>
         <file>libsysbm.a</file>
         <name>lseek.c.obj</name>
      </input_file>
      <input_file id="fl-139">
         <path>D:\TI\ccs2041\ccs\tools\compiler\ti-cgt-armllvm_4.0.4.LTS\lib\armv6m-ti-none-eabi\c\</path>
         <kind>archive</kind>
         <file>libsysbm.a</file>
         <name>close.c.obj</name>
      </input_file>
      <input_file id="fl-13a">
         <path>D:\TI\ccs2041\ccs\tools\compiler\ti-cgt-armllvm_4.0.4.LTS\lib\armv6m-ti-none-eabi\c\</path>
         <kind>archive</kind>
         <file>libsysbm.a</file>
         <name>unlink.c.obj</name>
      </input_file>
      <input_file id="fl-13b">
         <path>D:\TI\ccs2041\ccs\tools\compiler\ti-cgt-armllvm_4.0.4.LTS\lib\armv6m-ti-none-eabi\c\</path>
         <kind>archive</kind>
         <file>libsysbm.a</file>
         <name>hostclose.c.obj</name>
      </input_file>
      <input_file id="fl-13c">
         <path>D:\TI\ccs2041\ccs\tools\compiler\ti-cgt-armllvm_4.0.4.LTS\lib\armv6m-ti-none-eabi\c\</path>
         <kind>archive</kind>
         <file>libsysbm.a</file>
         <name>hostlseek.c.obj</name>
      </input_file>
      <input_file id="fl-13d">
         <path>D:\TI\ccs2041\ccs\tools\compiler\ti-cgt-armllvm_4.0.4.LTS\lib\armv6m-ti-none-eabi\c\</path>
         <kind>archive</kind>
         <file>libsysbm.a</file>
         <name>hostopen.c.obj</name>
      </input_file>
      <input_file id="fl-13e">
         <path>D:\TI\ccs2041\ccs\tools\compiler\ti-cgt-armllvm_4.0.4.LTS\lib\armv6m-ti-none-eabi\c\</path>
         <kind>archive</kind>
         <file>libsysbm.a</file>
         <name>hostread.c.obj</name>
      </input_file>
      <input_file id="fl-13f">
         <path>D:\TI\ccs2041\ccs\tools\compiler\ti-cgt-armllvm_4.0.4.LTS\lib\armv6m-ti-none-eabi\c\</path>
         <kind>archive</kind>
         <file>libsysbm.a</file>
         <name>hostrename.c.obj</name>
      </input_file>
      <input_file id="fl-140">
         <path>D:\TI\ccs2041\ccs\tools\compiler\ti-cgt-armllvm_4.0.4.LTS\lib\armv6m-ti-none-eabi\c\</path>
         <kind>archive</kind>
         <file>libsysbm.a</file>
         <name>hostunlink.c.obj</name>
      </input_file>
      <input_file id="fl-141">
         <path>D:\TI\ccs2041\ccs\tools\compiler\ti-cgt-armllvm_4.0.4.LTS\lib\armv6m-ti-none-eabi\c\</path>
         <kind>archive</kind>
         <file>libsysbm.a</file>
         <name>hostwrite.c.obj</name>
      </input_file>
      <input_file id="fl-142">
         <path>D:\TI\ccs2041\ccs\tools\compiler\ti-cgt-armllvm_4.0.4.LTS\lib\armv6m-ti-none-eabi\c\</path>
         <kind>archive</kind>
         <file>libsysbm.a</file>
         <name>trgmsg.c.obj</name>
      </input_file>
      <input_file id="fl-143">
         <path>D:\TI\ccs2041\ccs\tools\compiler\ti-cgt-armllvm_4.0.4.LTS\lib\armv6m-ti-none-eabi\</path>
         <kind>archive</kind>
         <file>libclang_rt.builtins.a</file>
         <name>addsf3.S.obj</name>
      </input_file>
      <input_file id="fl-144">
         <path>D:\TI\ccs2041\ccs\tools\compiler\ti-cgt-armllvm_4.0.4.LTS\lib\armv6m-ti-none-eabi\</path>
         <kind>archive</kind>
         <file>libclang_rt.builtins.a</file>
         <name>adddf3.S.obj</name>
      </input_file>
      <input_file id="fl-145">
         <path>D:\TI\ccs2041\ccs\tools\compiler\ti-cgt-armllvm_4.0.4.LTS\lib\armv6m-ti-none-eabi\</path>
         <kind>archive</kind>
         <file>libclang_rt.builtins.a</file>
         <name>muldf3.S.obj</name>
      </input_file>
      <input_file id="fl-146">
         <path>D:\TI\ccs2041\ccs\tools\compiler\ti-cgt-armllvm_4.0.4.LTS\lib\armv6m-ti-none-eabi\</path>
         <kind>archive</kind>
         <file>libclang_rt.builtins.a</file>
         <name>muldsi3.S.obj</name>
      </input_file>
      <input_file id="fl-147">
         <path>D:\TI\ccs2041\ccs\tools\compiler\ti-cgt-armllvm_4.0.4.LTS\lib\armv6m-ti-none-eabi\</path>
         <kind>archive</kind>
         <file>libclang_rt.builtins.a</file>
         <name>mulsf3.S.obj</name>
      </input_file>
      <input_file id="fl-148">
         <path>D:\TI\ccs2041\ccs\tools\compiler\ti-cgt-armllvm_4.0.4.LTS\lib\armv6m-ti-none-eabi\</path>
         <kind>archive</kind>
         <file>libclang_rt.builtins.a</file>
         <name>divsf3.S.obj</name>
      </input_file>
      <input_file id="fl-149">
         <path>D:\TI\ccs2041\ccs\tools\compiler\ti-cgt-armllvm_4.0.4.LTS\lib\armv6m-ti-none-eabi\</path>
         <kind>archive</kind>
         <file>libclang_rt.builtins.a</file>
         <name>divdf3.S.obj</name>
      </input_file>
      <input_file id="fl-14a">
         <path>D:\TI\ccs2041\ccs\tools\compiler\ti-cgt-armllvm_4.0.4.LTS\lib\armv6m-ti-none-eabi\</path>
         <kind>archive</kind>
         <file>libclang_rt.builtins.a</file>
         <name>extendsfdf2.S.obj</name>
      </input_file>
      <input_file id="fl-14b">
         <path>D:\TI\ccs2041\ccs\tools\compiler\ti-cgt-armllvm_4.0.4.LTS\lib\armv6m-ti-none-eabi\</path>
         <kind>archive</kind>
         <file>libclang_rt.builtins.a</file>
         <name>fixdfsi.S.obj</name>
      </input_file>
      <input_file id="fl-14c">
         <path>D:\TI\ccs2041\ccs\tools\compiler\ti-cgt-armllvm_4.0.4.LTS\lib\armv6m-ti-none-eabi\</path>
         <kind>archive</kind>
         <file>libclang_rt.builtins.a</file>
         <name>fixsfsi.S.obj</name>
      </input_file>
      <input_file id="fl-14d">
         <path>D:\TI\ccs2041\ccs\tools\compiler\ti-cgt-armllvm_4.0.4.LTS\lib\armv6m-ti-none-eabi\</path>
         <kind>archive</kind>
         <file>libclang_rt.builtins.a</file>
         <name>fixunssfsi.S.obj</name>
      </input_file>
      <input_file id="fl-14e">
         <path>D:\TI\ccs2041\ccs\tools\compiler\ti-cgt-armllvm_4.0.4.LTS\lib\armv6m-ti-none-eabi\</path>
         <kind>archive</kind>
         <file>libclang_rt.builtins.a</file>
         <name>floatsidf.S.obj</name>
      </input_file>
      <input_file id="fl-14f">
         <path>D:\TI\ccs2041\ccs\tools\compiler\ti-cgt-armllvm_4.0.4.LTS\lib\armv6m-ti-none-eabi\</path>
         <kind>archive</kind>
         <file>libclang_rt.builtins.a</file>
         <name>floatsisf.S.obj</name>
      </input_file>
      <input_file id="fl-150">
         <path>D:\TI\ccs2041\ccs\tools\compiler\ti-cgt-armllvm_4.0.4.LTS\lib\armv6m-ti-none-eabi\</path>
         <kind>archive</kind>
         <file>libclang_rt.builtins.a</file>
         <name>floatundisf.S.obj</name>
      </input_file>
      <input_file id="fl-151">
         <path>D:\TI\ccs2041\ccs\tools\compiler\ti-cgt-armllvm_4.0.4.LTS\lib\armv6m-ti-none-eabi\</path>
         <kind>archive</kind>
         <file>libclang_rt.builtins.a</file>
         <name>floatunsidf.S.obj</name>
      </input_file>
      <input_file id="fl-152">
         <path>D:\TI\ccs2041\ccs\tools\compiler\ti-cgt-armllvm_4.0.4.LTS\lib\armv6m-ti-none-eabi\</path>
         <kind>archive</kind>
         <file>libclang_rt.builtins.a</file>
         <name>floatunsisf.S.obj</name>
      </input_file>
      <input_file id="fl-153">
         <path>D:\TI\ccs2041\ccs\tools\compiler\ti-cgt-armllvm_4.0.4.LTS\lib\armv6m-ti-none-eabi\</path>
         <kind>archive</kind>
         <file>libclang_rt.builtins.a</file>
         <name>muldi3.S.obj</name>
      </input_file>
      <input_file id="fl-154">
         <path>D:\TI\ccs2041\ccs\tools\compiler\ti-cgt-armllvm_4.0.4.LTS\lib\armv6m-ti-none-eabi\</path>
         <kind>archive</kind>
         <file>libclang_rt.builtins.a</file>
         <name>truncdfsf2.S.obj</name>
      </input_file>
      <input_file id="fl-155">
         <path>D:\TI\ccs2041\ccs\tools\compiler\ti-cgt-armllvm_4.0.4.LTS\lib\armv6m-ti-none-eabi\</path>
         <kind>archive</kind>
         <file>libclang_rt.builtins.a</file>
         <name>aeabi_dcmp.S.obj</name>
      </input_file>
      <input_file id="fl-156">
         <path>D:\TI\ccs2041\ccs\tools\compiler\ti-cgt-armllvm_4.0.4.LTS\lib\armv6m-ti-none-eabi\</path>
         <kind>archive</kind>
         <file>libclang_rt.builtins.a</file>
         <name>aeabi_fcmp.S.obj</name>
      </input_file>
      <input_file id="fl-157">
         <path>D:\TI\ccs2041\ccs\tools\compiler\ti-cgt-armllvm_4.0.4.LTS\lib\armv6m-ti-none-eabi\</path>
         <kind>archive</kind>
         <file>libclang_rt.builtins.a</file>
         <name>aeabi_idivmod.S.obj</name>
      </input_file>
      <input_file id="fl-158">
         <path>D:\TI\ccs2041\ccs\tools\compiler\ti-cgt-armllvm_4.0.4.LTS\lib\armv6m-ti-none-eabi\</path>
         <kind>archive</kind>
         <file>libclang_rt.builtins.a</file>
         <name>aeabi_memcpy.S.obj</name>
      </input_file>
      <input_file id="fl-159">
         <path>D:\TI\ccs2041\ccs\tools\compiler\ti-cgt-armllvm_4.0.4.LTS\lib\armv6m-ti-none-eabi\</path>
         <kind>archive</kind>
         <file>libclang_rt.builtins.a</file>
         <name>aeabi_memset.S.obj</name>
      </input_file>
      <input_file id="fl-15a">
         <path>D:\TI\ccs2041\ccs\tools\compiler\ti-cgt-armllvm_4.0.4.LTS\lib\armv6m-ti-none-eabi\</path>
         <kind>archive</kind>
         <file>libclang_rt.builtins.a</file>
         <name>aeabi_uidivmod.S.obj</name>
      </input_file>
      <input_file id="fl-15b">
         <path>D:\TI\ccs2041\ccs\tools\compiler\ti-cgt-armllvm_4.0.4.LTS\lib\armv6m-ti-none-eabi\</path>
         <kind>archive</kind>
         <file>libclang_rt.builtins.a</file>
         <name>aeabi_uldivmod.S.obj</name>
      </input_file>
      <input_file id="fl-15c">
         <path>D:\TI\ccs2041\ccs\tools\compiler\ti-cgt-armllvm_4.0.4.LTS\lib\armv6m-ti-none-eabi\</path>
         <kind>archive</kind>
         <file>libclang_rt.builtins.a</file>
         <name>comparesf2.S.obj</name>
      </input_file>
      <input_file id="fl-15d">
         <path>D:\TI\ccs2041\ccs\tools\compiler\ti-cgt-armllvm_4.0.4.LTS\lib\armv6m-ti-none-eabi\</path>
         <kind>archive</kind>
         <file>libclang_rt.builtins.a</file>
         <name>udivmoddi4.S.obj</name>
      </input_file>
      <input_file id="fl-15e">
         <path>D:\TI\ccs2041\ccs\tools\compiler\ti-cgt-armllvm_4.0.4.LTS\lib\armv6m-ti-none-eabi\</path>
         <kind>archive</kind>
         <file>libclang_rt.builtins.a</file>
         <name>ashldi3.S.obj</name>
      </input_file>
      <input_file id="fl-15f">
         <path>D:\TI\ccs2041\ccs\tools\compiler\ti-cgt-armllvm_4.0.4.LTS\lib\armv6m-ti-none-eabi\</path>
         <kind>archive</kind>
         <file>libclang_rt.builtins.a</file>
         <name>comparedf2.c.obj</name>
      </input_file>
      <input_file id="fl-160">
         <path>D:\TI\ccs2041\ccs\tools\compiler\ti-cgt-armllvm_4.0.4.LTS\lib\armv6m-ti-none-eabi\</path>
         <kind>archive</kind>
         <file>libclang_rt.builtins.a</file>
         <name>aeabi_div0.c.obj</name>
      </input_file>
      <input_file id="fl-161">
         <path>D:\TI\ccs2041\ccs\tools\compiler\ti-cgt-armllvm_4.0.4.LTS\lib\armv6m-ti-none-eabi\c\</path>
         <kind>archive</kind>
         <file>libc.a</file>
         <name>getdevice.c.obj</name>
      </input_file>
      <input_file id="fl-162">
         <path>D:\TI\ccs2041\ccs\tools\compiler\ti-cgt-armllvm_4.0.4.LTS\lib\armv6m-ti-none-eabi\c\</path>
         <kind>archive</kind>
         <file>libc.a</file>
         <name>memcpy16.S.obj</name>
      </input_file>
      <input_file id="fl-163">
         <path>D:\TI\ccs2041\ccs\tools\compiler\ti-cgt-armllvm_4.0.4.LTS\lib\armv6m-ti-none-eabi\c\</path>
         <kind>archive</kind>
         <file>libc.a</file>
         <name>memset16.S.obj</name>
      </input_file>
      <input_file id="fl-164">
         <path>D:\TI\ccs2041\ccs\tools\compiler\ti-cgt-armllvm_4.0.4.LTS\lib\armv6m-ti-none-eabi\c\</path>
         <kind>archive</kind>
         <file>libc.a</file>
         <name>strcmp-armv6m.S.obj</name>
      </input_file>
   </input_file_list>
   <object_component_list>
      <object_component id="oc-18">
         <name>.intvecs</name>
         <load_address>0x0</load_address>
         <readonly>true</readonly>
         <run_address>0x0</run_address>
         <size>0xc0</size>
         <alignment>0x4</alignment>
         <input_file_ref idref="fl-2"/>
      </object_component>
      <object_component id="oc-347">
         <name>.text.__kernel_rem_pio2</name>
         <load_address>0xc0</load_address>
         <readonly>true</readonly>
         <executable>true</executable>
         <run_address>0xc0</run_address>
         <size>0x644</size>
         <alignment>0x4</alignment>
         <input_file_ref idref="fl-77"/>
      </object_component>
      <object_component id="oc-72">
         <name>.text.Encoder_Callback</name>
         <load_address>0x704</load_address>
         <readonly>true</readonly>
         <executable>true</executable>
         <run_address>0x704</run_address>
         <size>0x4ec</size>
         <alignment>0x4</alignment>
         <input_file_ref idref="fl-a"/>
      </object_component>
      <object_component id="oc-1e4">
         <name>.text.FusionAhrsUpdate</name>
         <load_address>0xbf0</load_address>
         <readonly>true</readonly>
         <executable>true</executable>
         <run_address>0xbf0</run_address>
         <size>0x414</size>
         <alignment>0x2</alignment>
         <input_file_ref idref="fl-2a"/>
      </object_component>
      <object_component id="oc-135">
         <name>.text.button_handler</name>
         <load_address>0x1004</load_address>
         <readonly>true</readonly>
         <executable>true</executable>
         <run_address>0x1004</run_address>
         <size>0x3f4</size>
         <alignment>0x4</alignment>
         <input_file_ref idref="fl-11"/>
      </object_component>
      <object_component id="oc-195">
         <name>.text.VL53L1_init_and_start_range</name>
         <load_address>0x13f8</load_address>
         <readonly>true</readonly>
         <executable>true</executable>
         <run_address>0x13f8</run_address>
         <size>0x3d8</size>
         <alignment>0x4</alignment>
         <input_file_ref idref="fl-16"/>
      </object_component>
      <object_component id="oc-1f1">
         <name>.text.SYSCFG_DL_GPIO_init</name>
         <load_address>0x17d0</load_address>
         <readonly>true</readonly>
         <executable>true</executable>
         <run_address>0x17d0</run_address>
         <size>0x318</size>
         <alignment>0x4</alignment>
         <input_file_ref idref="fl-1"/>
      </object_component>
      <object_component id="oc-8a">
         <name>.text.Encoder_10ms_Callback</name>
         <load_address>0x1ae8</load_address>
         <readonly>true</readonly>
         <executable>true</executable>
         <run_address>0x1ae8</run_address>
         <size>0x228</size>
         <alignment>0x4</alignment>
         <input_file_ref idref="fl-a"/>
      </object_component>
      <object_component id="oc-9f">
         <name>.text.IMU_Callback</name>
         <load_address>0x1d10</load_address>
         <readonly>true</readonly>
         <executable>true</executable>
         <run_address>0x1d10</run_address>
         <size>0x1f0</size>
         <alignment>0x4</alignment>
         <input_file_ref idref="fl-24"/>
      </object_component>
      <object_component id="oc-26c">
         <name>.text.cosf</name>
         <load_address>0x1f00</load_address>
         <readonly>true</readonly>
         <executable>true</executable>
         <run_address>0x1f00</run_address>
         <size>0x1d4</size>
         <alignment>0x4</alignment>
         <input_file_ref idref="fl-6a"/>
      </object_component>
      <object_component id="oc-219">
         <name>.text.IICreadBytes</name>
         <load_address>0x20d4</load_address>
         <readonly>true</readonly>
         <executable>true</executable>
         <run_address>0x20d4</run_address>
         <size>0x1cc</size>
         <alignment>0x4</alignment>
         <input_file_ref idref="fl-20"/>
      </object_component>
      <object_component id="oc-31d">
         <name>.text.atanf</name>
         <load_address>0x22a0</load_address>
         <readonly>true</readonly>
         <executable>true</executable>
         <run_address>0x22a0</run_address>
         <size>0x1c8</size>
         <alignment>0x4</alignment>
         <input_file_ref idref="fl-69"/>
      </object_component>
      <object_component id="oc-272">
         <name>.text.sinf</name>
         <load_address>0x2468</load_address>
         <readonly>true</readonly>
         <executable>true</executable>
         <run_address>0x2468</run_address>
         <size>0x1c8</size>
         <alignment>0x4</alignment>
         <input_file_ref idref="fl-6c"/>
      </object_component>
      <object_component id="oc-264">
         <name>.text.HalfMagnetic</name>
         <load_address>0x2630</load_address>
         <readonly>true</readonly>
         <executable>true</executable>
         <run_address>0x2630</run_address>
         <size>0x1c4</size>
         <alignment>0x2</alignment>
         <input_file_ref idref="fl-2a"/>
      </object_component>
      <object_component id="oc-33e">
         <name>.text.adddf3_subdf3</name>
         <load_address>0x27f4</load_address>
         <readonly>true</readonly>
         <executable>true</executable>
         <run_address>0x27f4</run_address>
         <size>0x192</size>
         <alignment>0x4</alignment>
         <input_file_ref idref="fl-144"/>
      </object_component>
      <object_component id="oc-234">
         <name>.text.__aeabi_idiv0</name>
         <load_address>0x2986</load_address>
         <readonly>true</readonly>
         <executable>true</executable>
         <run_address>0x2986</run_address>
         <size>0x2</size>
         <alignment>0x2</alignment>
         <input_file_ref idref="fl-160"/>
      </object_component>
      <object_component id="oc-37e">
         <name>.text.sqrt</name>
         <load_address>0x2988</load_address>
         <readonly>true</readonly>
         <executable>true</executable>
         <run_address>0x2988</run_address>
         <size>0x170</size>
         <alignment>0x4</alignment>
         <input_file_ref idref="fl-89"/>
      </object_component>
      <object_component id="oc-229">
         <name>.text.VL53L1_i2c_encode_static_config</name>
         <load_address>0x2af8</load_address>
         <readonly>true</readonly>
         <executable>true</executable>
         <run_address>0x2af8</run_address>
         <size>0x162</size>
         <alignment>0x2</alignment>
         <input_file_ref idref="fl-1d"/>
      </object_component>
      <object_component id="oc-326">
         <name>.text.asinf</name>
         <load_address>0x2c5c</load_address>
         <readonly>true</readonly>
         <executable>true</executable>
         <run_address>0x2c5c</run_address>
         <size>0x160</size>
         <alignment>0x4</alignment>
         <input_file_ref idref="fl-65"/>
      </object_component>
      <object_component id="oc-278">
         <name>.text.FusionQuaternionProduct</name>
         <load_address>0x2dbc</load_address>
         <readonly>true</readonly>
         <executable>true</executable>
         <run_address>0x2dbc</run_address>
         <size>0x14e</size>
         <alignment>0x2</alignment>
         <input_file_ref idref="fl-2a"/>
      </object_component>
      <object_component id="oc-113">
         <name>.text.PID_Compute</name>
         <load_address>0x2f0c</load_address>
         <readonly>true</readonly>
         <executable>true</executable>
         <run_address>0x2f0c</run_address>
         <size>0x144</size>
         <alignment>0x4</alignment>
         <input_file_ref idref="fl-e"/>
      </object_component>
      <object_component id="oc-398">
         <name>.text.floor</name>
         <load_address>0x3050</load_address>
         <readonly>true</readonly>
         <executable>true</executable>
         <run_address>0x3050</run_address>
         <size>0x144</size>
         <alignment>0x4</alignment>
         <input_file_ref idref="fl-8a"/>
      </object_component>
      <object_component id="oc-25e">
         <name>.text.HalfGravity</name>
         <load_address>0x3194</load_address>
         <readonly>true</readonly>
         <executable>true</executable>
         <run_address>0x3194</run_address>
         <size>0x132</size>
         <alignment>0x2</alignment>
         <input_file_ref idref="fl-2a"/>
      </object_component>
      <object_component id="oc-319">
         <name>.text.IICwriteBytes</name>
         <load_address>0x32c8</load_address>
         <readonly>true</readonly>
         <executable>true</executable>
         <run_address>0x32c8</run_address>
         <size>0x130</size>
         <alignment>0x4</alignment>
         <input_file_ref idref="fl-20"/>
      </object_component>
      <object_component id="oc-2b9">
         <name>.text.DL_Timer_initCaptureMode</name>
         <load_address>0x33f8</load_address>
         <readonly>true</readonly>
         <executable>true</executable>
         <run_address>0x33f8</run_address>
         <size>0x11c</size>
         <alignment>0x4</alignment>
         <input_file_ref idref="fl-4c"/>
      </object_component>
      <object_component id="oc-1f0">
         <name>.text.SYSCFG_DL_initPower</name>
         <load_address>0x3514</load_address>
         <readonly>true</readonly>
         <executable>true</executable>
         <run_address>0x3514</run_address>
         <size>0x11c</size>
         <alignment>0x4</alignment>
         <input_file_ref idref="fl-1"/>
      </object_component>
      <object_component id="oc-23d">
         <name>.text.atan2f</name>
         <load_address>0x3630</load_address>
         <readonly>true</readonly>
         <executable>true</executable>
         <run_address>0x3630</run_address>
         <size>0x118</size>
         <alignment>0x4</alignment>
         <input_file_ref idref="fl-66"/>
      </object_component>
      <object_component id="oc-148">
         <name>.text.ICM42688_FIFO_Get_RealData</name>
         <load_address>0x3748</load_address>
         <readonly>true</readonly>
         <executable>true</executable>
         <run_address>0x3748</run_address>
         <size>0x114</size>
         <alignment>0x4</alignment>
         <input_file_ref idref="fl-10"/>
      </object_component>
      <object_component id="oc-22f">
         <name>.text.VL53L1_update_ll_driver_rd_state</name>
         <load_address>0x385c</load_address>
         <readonly>true</readonly>
         <executable>true</executable>
         <run_address>0x385c</run_address>
         <size>0x10e</size>
         <alignment>0x4</alignment>
         <input_file_ref idref="fl-1a"/>
      </object_component>
      <object_component id="oc-269">
         <name>.text.FusionQuaternionVectorProduct</name>
         <load_address>0x396a</load_address>
         <readonly>true</readonly>
         <executable>true</executable>
         <run_address>0x396a</run_address>
         <size>0x10a</size>
         <alignment>0x2</alignment>
         <input_file_ref idref="fl-2a"/>
      </object_component>
      <object_component id="oc-1c2">
         <name>.text.__SetMotor</name>
         <load_address>0x3a74</load_address>
         <readonly>true</readonly>
         <executable>true</executable>
         <run_address>0x3a74</run_address>
         <size>0x108</size>
         <alignment>0x4</alignment>
         <input_file_ref idref="fl-13"/>
      </object_component>
      <object_component id="oc-2ad">
         <name>.text.DL_Timer_initFourCCPWMMode</name>
         <load_address>0x3b7c</load_address>
         <readonly>true</readonly>
         <executable>true</executable>
         <run_address>0x3b7c</run_address>
         <size>0x104</size>
         <alignment>0x4</alignment>
         <input_file_ref idref="fl-4c"/>
      </object_component>
      <object_component id="oc-14a">
         <name>.text.FusionBiasUpdate</name>
         <load_address>0x3c80</load_address>
         <readonly>true</readonly>
         <executable>true</executable>
         <run_address>0x3c80</run_address>
         <size>0x102</size>
         <alignment>0x2</alignment>
         <input_file_ref idref="fl-2b"/>
      </object_component>
      <object_component id="oc-2bc">
         <name>.text.DL_Timer_initTimerMode</name>
         <load_address>0x3d84</load_address>
         <readonly>true</readonly>
         <executable>true</executable>
         <run_address>0x3d84</run_address>
         <size>0xfc</size>
         <alignment>0x4</alignment>
         <input_file_ref idref="fl-4c"/>
      </object_component>
      <object_component id="oc-39">
         <name>.text.GROUP1_IRQHandler</name>
         <load_address>0x3e80</load_address>
         <readonly>true</readonly>
         <executable>true</executable>
         <run_address>0x3e80</run_address>
         <size>0xfc</size>
         <alignment>0x4</alignment>
         <input_file_ref idref="fl-c"/>
      </object_component>
      <object_component id="oc-228">
         <name>.text.VL53L1_i2c_encode_customer_nvm_managed</name>
         <load_address>0x3f7c</load_address>
         <readonly>true</readonly>
         <executable>true</executable>
         <run_address>0x3f7c</run_address>
         <size>0xfc</size>
         <alignment>0x4</alignment>
         <input_file_ref idref="fl-1d"/>
      </object_component>
      <object_component id="oc-1ba">
         <name>.text.FusionQuaternionToEuler</name>
         <load_address>0x4078</load_address>
         <readonly>true</readonly>
         <executable>true</executable>
         <run_address>0x4078</run_address>
         <size>0xf6</size>
         <alignment>0x2</alignment>
         <input_file_ref idref="fl-24"/>
      </object_component>
      <object_component id="oc-8b">
         <name>.text.Drive_Callback</name>
         <load_address>0x4170</load_address>
         <readonly>true</readonly>
         <executable>true</executable>
         <run_address>0x4170</run_address>
         <size>0xf4</size>
         <alignment>0x4</alignment>
         <input_file_ref idref="fl-4"/>
      </object_component>
      <object_component id="oc-1dd">
         <name>.text.FusionMatrixMultiply</name>
         <load_address>0x4264</load_address>
         <readonly>true</readonly>
         <executable>true</executable>
         <run_address>0x4264</run_address>
         <size>0xf0</size>
         <alignment>0x2</alignment>
         <input_file_ref idref="fl-24"/>
      </object_component>
      <object_component id="oc-22a">
         <name>.text.VL53L1_i2c_encode_general_config</name>
         <load_address>0x4354</load_address>
         <readonly>true</readonly>
         <executable>true</executable>
         <run_address>0x4354</run_address>
         <size>0xf0</size>
         <alignment>0x4</alignment>
         <input_file_ref idref="fl-1d"/>
      </object_component>
      <object_component id="oc-2a5">
         <name>.text.SYSCFG_DL_SYSCTL_SYSPLL_init</name>
         <load_address>0x4444</load_address>
         <readonly>true</readonly>
         <executable>true</executable>
         <run_address>0x4444</run_address>
         <size>0xec</size>
         <alignment>0x4</alignment>
         <input_file_ref idref="fl-1"/>
      </object_component>
      <object_component id="oc-149">
         <name>.text.FusionModelInertial</name>
         <load_address>0x4530</load_address>
         <readonly>true</readonly>
         <executable>true</executable>
         <run_address>0x4530</run_address>
         <size>0xea</size>
         <alignment>0x2</alignment>
         <input_file_ref idref="fl-24"/>
      </object_component>
      <object_component id="oc-f7">
         <name>.text.__muldf3</name>
         <load_address>0x461c</load_address>
         <readonly>true</readonly>
         <executable>true</executable>
         <run_address>0x461c</run_address>
         <size>0xe4</size>
         <alignment>0x4</alignment>
         <input_file_ref idref="fl-145"/>
      </object_component>
      <object_component id="oc-22c">
         <name>.text.VL53L1_i2c_encode_dynamic_config</name>
         <load_address>0x4700</load_address>
         <readonly>true</readonly>
         <executable>true</executable>
         <run_address>0x4700</run_address>
         <size>0xe2</size>
         <alignment>0x2</alignment>
         <input_file_ref idref="fl-1d"/>
      </object_component>
      <object_component id="oc-29f">
         <name>.text.DL_SYSCTL_configSYSPLL</name>
         <load_address>0x47e4</load_address>
         <readonly>true</readonly>
         <executable>true</executable>
         <run_address>0x47e4</run_address>
         <size>0xdc</size>
         <alignment>0x4</alignment>
         <input_file_ref idref="fl-4e"/>
      </object_component>
      <object_component id="oc-22b">
         <name>.text.VL53L1_i2c_encode_timing_config</name>
         <load_address>0x48c0</load_address>
         <readonly>true</readonly>
         <executable>true</executable>
         <run_address>0x48c0</run_address>
         <size>0xdc</size>
         <alignment>0x2</alignment>
         <input_file_ref idref="fl-1d"/>
      </object_component>
      <object_component id="oc-394">
         <name>.text.scalbn</name>
         <load_address>0x499c</load_address>
         <readonly>true</readonly>
         <executable>true</executable>
         <run_address>0x499c</run_address>
         <size>0xd8</size>
         <alignment>0x4</alignment>
         <input_file_ref idref="fl-8c"/>
      </object_component>
      <object_component id="oc-cc">
         <name>.text</name>
         <load_address>0x4a74</load_address>
         <readonly>true</readonly>
         <executable>true</executable>
         <run_address>0x4a74</run_address>
         <size>0xd8</size>
         <alignment>0x4</alignment>
         <input_file_ref idref="fl-143"/>
      </object_component>
      <object_component id="oc-1e5">
         <name>.text.FusionAhrsSetHeading</name>
         <load_address>0x4b4c</load_address>
         <readonly>true</readonly>
         <executable>true</executable>
         <run_address>0x4b4c</run_address>
         <size>0xd0</size>
         <alignment>0x2</alignment>
         <input_file_ref idref="fl-2a"/>
      </object_component>
      <object_component id="oc-9a">
         <name>.text.Grayscale_Callback</name>
         <load_address>0x4c1c</load_address>
         <readonly>true</readonly>
         <executable>true</executable>
         <run_address>0x4c1c</run_address>
         <size>0xcc</size>
         <alignment>0x4</alignment>
         <input_file_ref idref="fl-5"/>
      </object_component>
      <object_component id="oc-230">
         <name>.text.VL53L1_update_ll_driver_cfg_state</name>
         <load_address>0x4ce8</load_address>
         <readonly>true</readonly>
         <executable>true</executable>
         <run_address>0x4ce8</run_address>
         <size>0xbe</size>
         <alignment>0x2</alignment>
         <input_file_ref idref="fl-1a"/>
      </object_component>
      <object_component id="oc-25d">
         <name>.text.FusionAhrsRestart</name>
         <load_address>0x4da8</load_address>
         <readonly>true</readonly>
         <executable>true</executable>
         <run_address>0x4da8</run_address>
         <size>0xb0</size>
         <alignment>0x4</alignment>
         <input_file_ref idref="fl-2a"/>
      </object_component>
      <object_component id="oc-143">
         <name>.text.ICM42688_UnBlocking_CallBack</name>
         <load_address>0x4e58</load_address>
         <readonly>true</readonly>
         <executable>true</executable>
         <run_address>0x4e58</run_address>
         <size>0xb0</size>
         <alignment>0x4</alignment>
         <input_file_ref idref="fl-10"/>
      </object_component>
      <object_component id="oc-1f4">
         <name>.text.SYSCFG_DL_PWM_SERVO_init</name>
         <load_address>0x4f08</load_address>
         <readonly>true</readonly>
         <executable>true</executable>
         <run_address>0x4f08</run_address>
         <size>0xb0</size>
         <alignment>0x4</alignment>
         <input_file_ref idref="fl-1"/>
      </object_component>
      <object_component id="oc-81">
         <name>.text.Write</name>
         <load_address>0x4fb8</load_address>
         <readonly>true</readonly>
         <executable>true</executable>
         <run_address>0x4fb8</run_address>
         <size>0xb0</size>
         <alignment>0x4</alignment>
         <input_file_ref idref="fl-f"/>
      </object_component>
      <object_component id="oc-90">
         <name>.text.Motor_Callback</name>
         <load_address>0x5068</load_address>
         <readonly>true</readonly>
         <executable>true</executable>
         <run_address>0x5068</run_address>
         <size>0xac</size>
         <alignment>0x4</alignment>
         <input_file_ref idref="fl-26"/>
      </object_component>
      <object_component id="oc-34d">
         <name>.text.__kernel_sindf</name>
         <load_address>0x5114</load_address>
         <readonly>true</readonly>
         <executable>true</executable>
         <run_address>0x5114</run_address>
         <size>0xac</size>
         <alignment>0x4</alignment>
         <input_file_ref idref="fl-6a"/>
      </object_component>
      <object_component id="oc-353">
         <name>.text.__kernel_sindf</name>
         <load_address>0x51c0</load_address>
         <readonly>true</readonly>
         <executable>true</executable>
         <run_address>0x51c0</run_address>
         <size>0xac</size>
         <alignment>0x4</alignment>
         <input_file_ref idref="fl-6c"/>
      </object_component>
      <object_component id="oc-223">
         <name>.text.VL53L1_i2c_encode_static_nvm_managed</name>
         <load_address>0x526c</load_address>
         <readonly>true</readonly>
         <executable>true</executable>
         <run_address>0x526c</run_address>
         <size>0x9e</size>
         <alignment>0x2</alignment>
         <input_file_ref idref="fl-1d"/>
      </object_component>
      <object_component id="oc-33d">
         <name>.text.__kernel_cosdf</name>
         <load_address>0x530c</load_address>
         <readonly>true</readonly>
         <executable>true</executable>
         <run_address>0x530c</run_address>
         <size>0x9c</size>
         <alignment>0x4</alignment>
         <input_file_ref idref="fl-6a"/>
      </object_component>
      <object_component id="oc-352">
         <name>.text.__kernel_cosdf</name>
         <load_address>0x53a8</load_address>
         <readonly>true</readonly>
         <executable>true</executable>
         <run_address>0x53a8</run_address>
         <size>0x9c</size>
         <alignment>0x4</alignment>
         <input_file_ref idref="fl-6c"/>
      </object_component>
      <object_component id="oc-265">
         <name>.text.FusionVectorCross</name>
         <load_address>0x5444</load_address>
         <readonly>true</readonly>
         <executable>true</executable>
         <run_address>0x5444</run_address>
         <size>0x94</size>
         <alignment>0x2</alignment>
         <input_file_ref idref="fl-2a"/>
      </object_component>
      <object_component id="oc-259">
         <name>.text.SPI_CS</name>
         <load_address>0x54d8</load_address>
         <readonly>true</readonly>
         <executable>true</executable>
         <run_address>0x54d8</run_address>
         <size>0x8c</size>
         <alignment>0x4</alignment>
         <input_file_ref idref="fl-12"/>
      </object_component>
      <object_component id="oc-1f3">
         <name>.text.SYSCFG_DL_PWM_Motor_init</name>
         <load_address>0x5564</load_address>
         <readonly>true</readonly>
         <executable>true</executable>
         <run_address>0x5564</run_address>
         <size>0x8c</size>
         <alignment>0x4</alignment>
         <input_file_ref idref="fl-1"/>
      </object_component>
      <object_component id="oc-c8">
         <name>.text.__mulsf3</name>
         <load_address>0x55f0</load_address>
         <readonly>true</readonly>
         <executable>true</executable>
         <run_address>0x55f0</run_address>
         <size>0x8c</size>
         <alignment>0x4</alignment>
         <input_file_ref idref="fl-147"/>
      </object_component>
      <object_component id="oc-16b">
         <name>.text.SYSCFG_DL_init</name>
         <load_address>0x567c</load_address>
         <readonly>true</readonly>
         <executable>true</executable>
         <run_address>0x567c</run_address>
         <size>0x84</size>
         <alignment>0x4</alignment>
         <input_file_ref idref="fl-1"/>
      </object_component>
      <object_component id="oc-2aa">
         <name>.text.__NVIC_SetPriority</name>
         <load_address>0x5700</load_address>
         <readonly>true</readonly>
         <executable>true</executable>
         <run_address>0x5700</run_address>
         <size>0x84</size>
         <alignment>0x4</alignment>
         <input_file_ref idref="fl-1"/>
      </object_component>
      <object_component id="oc-261">
         <name>.text.Feedback</name>
         <load_address>0x5784</load_address>
         <readonly>true</readonly>
         <executable>true</executable>
         <run_address>0x5784</run_address>
         <size>0x82</size>
         <alignment>0x2</alignment>
         <input_file_ref idref="fl-2a"/>
      </object_component>
      <object_component id="oc-db">
         <name>.text.__divsf3</name>
         <load_address>0x5808</load_address>
         <readonly>true</readonly>
         <executable>true</executable>
         <run_address>0x5808</run_address>
         <size>0x82</size>
         <alignment>0x4</alignment>
         <input_file_ref idref="fl-148"/>
      </object_component>
      <object_component id="oc-1c6">
         <name>.text.select_channel</name>
         <load_address>0x588c</load_address>
         <readonly>true</readonly>
         <executable>true</executable>
         <run_address>0x588c</run_address>
         <size>0x80</size>
         <alignment>0x4</alignment>
         <input_file_ref idref="fl-b"/>
      </object_component>
      <object_component id="oc-bf">
         <name>.text.getDistance_Simply</name>
         <load_address>0x590c</load_address>
         <readonly>true</readonly>
         <executable>true</executable>
         <run_address>0x590c</run_address>
         <size>0x7e</size>
         <alignment>0x2</alignment>
         <input_file_ref idref="fl-22"/>
      </object_component>
      <object_component id="oc-85">
         <name>.text.Bat_Callback</name>
         <load_address>0x598c</load_address>
         <readonly>true</readonly>
         <executable>true</executable>
         <run_address>0x598c</run_address>
         <size>0x7c</size>
         <alignment>0x4</alignment>
         <input_file_ref idref="fl-23"/>
      </object_component>
      <object_component id="oc-14f">
         <name>.text.FusionAhrsUpdateNoMagnetometer</name>
         <load_address>0x5a08</load_address>
         <readonly>true</readonly>
         <executable>true</executable>
         <run_address>0x5a08</run_address>
         <size>0x7c</size>
         <alignment>0x2</alignment>
         <input_file_ref idref="fl-2a"/>
      </object_component>
      <object_component id="oc-1c">
         <name>.text:decompress:lzss</name>
         <load_address>0x5a84</load_address>
         <readonly>true</readonly>
         <executable>true</executable>
         <run_address>0x5a84</run_address>
         <size>0x7c</size>
         <alignment>0x4</alignment>
         <input_file_ref idref="fl-88"/>
      </object_component>
      <object_component id="oc-3ac">
         <name>.text.__gedf2</name>
         <load_address>0x5b00</load_address>
         <readonly>true</readonly>
         <executable>true</executable>
         <run_address>0x5b00</run_address>
         <size>0x74</size>
         <alignment>0x4</alignment>
         <input_file_ref idref="fl-15f"/>
      </object_component>
      <object_component id="oc-125">
         <name>.text.Bat_Read</name>
         <load_address>0x5b74</load_address>
         <readonly>true</readonly>
         <executable>true</executable>
         <run_address>0x5b74</run_address>
         <size>0xc</size>
         <alignment>0x4</alignment>
         <input_file_ref idref="fl-23"/>
      </object_component>
      <object_component id="oc-fb">
         <name>.text.__truncdfsf2</name>
         <load_address>0x5b80</load_address>
         <readonly>true</readonly>
         <executable>true</executable>
         <run_address>0x5b80</run_address>
         <size>0x74</size>
         <alignment>0x10</alignment>
         <input_file_ref idref="fl-154"/>
      </object_component>
      <object_component id="oc-6c">
         <name>.text.my_vl53l1x_callback</name>
         <load_address>0x5bf4</load_address>
         <readonly>true</readonly>
         <executable>true</executable>
         <run_address>0x5bf4</run_address>
         <size>0x74</size>
         <alignment>0x4</alignment>
         <input_file_ref idref="fl-29"/>
      </object_component>
      <object_component id="oc-1ff">
         <name>.text.SYSCFG_DL_BAT_ADC_init</name>
         <load_address>0x5c68</load_address>
         <readonly>true</readonly>
         <executable>true</executable>
         <run_address>0x5c68</run_address>
         <size>0x70</size>
         <alignment>0x4</alignment>
         <input_file_ref idref="fl-1"/>
      </object_component>
      <object_component id="oc-1f2">
         <name>.text.SYSCFG_DL_SYSCTL_init</name>
         <load_address>0x5cd8</load_address>
         <readonly>true</readonly>
         <executable>true</executable>
         <run_address>0x5cd8</run_address>
         <size>0x70</size>
         <alignment>0x4</alignment>
         <input_file_ref idref="fl-1"/>
      </object_component>
      <object_component id="oc-d5">
         <name>.text.Get_us</name>
         <load_address>0x5d48</load_address>
         <readonly>true</readonly>
         <executable>true</executable>
         <run_address>0x5d48</run_address>
         <size>0x6c</size>
         <alignment>0x4</alignment>
         <input_file_ref idref="fl-9"/>
      </object_component>
      <object_component id="oc-1cc">
         <name>.text.SPI_TryLock</name>
         <load_address>0x5db4</load_address>
         <readonly>true</readonly>
         <executable>true</executable>
         <run_address>0x5db4</run_address>
         <size>0x6c</size>
         <alignment>0x4</alignment>
         <input_file_ref idref="fl-12"/>
      </object_component>
      <object_component id="oc-118">
         <name>.text.Motor_SetSpeed</name>
         <load_address>0x5e20</load_address>
         <readonly>true</readonly>
         <executable>true</executable>
         <run_address>0x5e20</run_address>
         <size>0x68</size>
         <alignment>0x4</alignment>
         <input_file_ref idref="fl-26"/>
      </object_component>
      <object_component id="oc-1f5">
         <name>.text.SYSCFG_DL_PWM_BUZZER_init</name>
         <load_address>0x5e88</load_address>
         <readonly>true</readonly>
         <executable>true</executable>
         <run_address>0x5e88</run_address>
         <size>0x68</size>
         <alignment>0x4</alignment>
         <input_file_ref idref="fl-1"/>
      </object_component>
      <object_component id="oc-3a6">
         <name>.text.__ledf2</name>
         <load_address>0x5ef0</load_address>
         <readonly>true</readonly>
         <executable>true</executable>
         <run_address>0x5ef0</run_address>
         <size>0x68</size>
         <alignment>0x4</alignment>
         <input_file_ref idref="fl-15f"/>
      </object_component>
      <object_component id="oc-22d">
         <name>.text.VL53L1_i2c_encode_system_control</name>
         <load_address>0x5f58</load_address>
         <readonly>true</readonly>
         <executable>true</executable>
         <run_address>0x5f58</run_address>
         <size>0x66</size>
         <alignment>0x2</alignment>
         <input_file_ref idref="fl-1d"/>
      </object_component>
      <object_component id="oc-365">
         <name>.text.__aeabi_dcmp</name>
         <load_address>0x5fc0</load_address>
         <readonly>true</readonly>
         <executable>true</executable>
         <run_address>0x5fc0</run_address>
         <size>0x62</size>
         <alignment>0x4</alignment>
         <input_file_ref idref="fl-155"/>
      </object_component>
      <object_component id="oc-105">
         <name>.text.__aeabi_fcmp</name>
         <load_address>0x6024</load_address>
         <readonly>true</readonly>
         <executable>true</executable>
         <run_address>0x6024</run_address>
         <size>0x62</size>
         <alignment>0x4</alignment>
         <input_file_ref idref="fl-156"/>
      </object_component>
      <object_component id="oc-112">
         <name>.text.CalculateAngleError</name>
         <load_address>0x6088</load_address>
         <readonly>true</readonly>
         <executable>true</executable>
         <run_address>0x6088</run_address>
         <size>0x60</size>
         <alignment>0x4</alignment>
         <input_file_ref idref="fl-4"/>
      </object_component>
      <object_component id="oc-30e">
         <name>.text.DL_I2C_fillControllerTXFIFO</name>
         <load_address>0x60e8</load_address>
         <readonly>true</readonly>
         <executable>true</executable>
         <run_address>0x60e8</run_address>
         <size>0x5e</size>
         <alignment>0x2</alignment>
         <input_file_ref idref="fl-4a"/>
      </object_component>
      <object_component id="oc-26a">
         <name>.text.FusionQuaternionAdd</name>
         <load_address>0x6146</load_address>
         <readonly>true</readonly>
         <executable>true</executable>
         <run_address>0x6146</run_address>
         <size>0x5e</size>
         <alignment>0x2</alignment>
         <input_file_ref idref="fl-2a"/>
      </object_component>
      <object_component id="oc-385">
         <name>.text.FusionQuaternionHadamard</name>
         <load_address>0x61a4</load_address>
         <readonly>true</readonly>
         <executable>true</executable>
         <run_address>0x61a4</run_address>
         <size>0x5e</size>
         <alignment>0x2</alignment>
         <input_file_ref idref="fl-2a"/>
      </object_component>
      <object_component id="oc-317">
         <name>.text.VL53L1_i2c_encode_int16_t</name>
         <load_address>0x6202</load_address>
         <readonly>true</readonly>
         <executable>true</executable>
         <run_address>0x6202</run_address>
         <size>0x5a</size>
         <alignment>0x2</alignment>
         <input_file_ref idref="fl-1a"/>
      </object_component>
      <object_component id="oc-1f9">
         <name>.text.SYSCFG_DL_I2C_0_init</name>
         <load_address>0x625c</load_address>
         <readonly>true</readonly>
         <executable>true</executable>
         <run_address>0x625c</run_address>
         <size>0x58</size>
         <alignment>0x4</alignment>
         <input_file_ref idref="fl-1"/>
      </object_component>
      <object_component id="oc-314">
         <name>.text.VL53L1_i2c_encode_uint16_t</name>
         <load_address>0x62b4</load_address>
         <readonly>true</readonly>
         <executable>true</executable>
         <run_address>0x62b4</run_address>
         <size>0x56</size>
         <alignment>0x2</alignment>
         <input_file_ref idref="fl-1a"/>
      </object_component>
      <object_component id="oc-38b">
         <name>.text.__aeabi_idivmod</name>
         <load_address>0x630c</load_address>
         <readonly>true</readonly>
         <executable>true</executable>
         <run_address>0x630c</run_address>
         <size>0x56</size>
         <alignment>0x4</alignment>
         <input_file_ref idref="fl-157"/>
      </object_component>
      <object_component id="oc-318">
         <name>.text.VL53L1_i2c_encode_uint32_t</name>
         <load_address>0x6362</load_address>
         <readonly>true</readonly>
         <executable>true</executable>
         <run_address>0x6362</run_address>
         <size>0x52</size>
         <alignment>0x2</alignment>
         <input_file_ref idref="fl-1a"/>
      </object_component>
      <object_component id="oc-28d">
         <name>.text.DL_GPIO_initPeripheralInputFunctionFeatures</name>
         <load_address>0x63b4</load_address>
         <readonly>true</readonly>
         <executable>true</executable>
         <run_address>0x63b4</run_address>
         <size>0x50</size>
         <alignment>0x4</alignment>
         <input_file_ref idref="fl-1"/>
      </object_component>
      <object_component id="oc-30d">
         <name>.text.DL_I2C_startControllerTransfer</name>
         <load_address>0x6404</load_address>
         <readonly>true</readonly>
         <executable>true</executable>
         <run_address>0x6404</run_address>
         <size>0x50</size>
         <alignment>0x4</alignment>
         <input_file_ref idref="fl-20"/>
      </object_component>
[...]
         <value>0x0</value>
      </symbol>
      <symbol id="sm-4df">
         <name>__TI_ATRegion0_trg_addr</name>
         <value>0x0</value>
      </symbol>
      <symbol id="sm-4e0">
         <name>__TI_ATRegion0_region_sz</name>
         <value>0x0</value>
      </symbol>
      <symbol id="sm-4e1">
         <name>__TI_ATRegion1_src_addr</name>
         <value>0x0</value>
      </symbol>
      <symbol id="sm-4e2">
         <name>__TI_ATRegion1_trg_addr</name>
         <value>0x0</value>
      </symbol>
      <symbol id="sm-4e3">
         <name>__TI_ATRegion1_region_sz</name>
         <value>0x0</value>
      </symbol>
      <symbol id="sm-4e4">
         <name>__TI_ATRegion2_src_addr</name>
         <value>0x0</value>
      </symbol>
      <symbol id="sm-4e5">
         <name>__TI_ATRegion2_trg_addr</name>
         <value>0x0</value>
      </symbol>
      <symbol id="sm-4e6">
         <name>__TI_ATRegion2_region_sz</name>
         <value>0x0</value>
      </symbol>
      <symbol id="sm-4f1">
         <name>DL_ADC12_setClockConfig</name>
         <value>0x6a99</value>
         <object_component_ref idref="oc-2f0"/>
      </symbol>
      <symbol id="sm-4fa">
         <name>DL_Common_delayCycles</name>
         <value>0x7f39</value>
         <object_component_ref idref="oc-286"/>
      </symbol>
      <symbol id="sm-506">
         <name>DL_I2C_setClockConfig</name>
         <value>0x742f</value>
         <object_component_ref idref="oc-2c2"/>
      </symbol>
      <symbol id="sm-507">
         <name>DL_I2C_fillControllerTXFIFO</name>
         <value>0x60e9</value>
         <object_component_ref idref="oc-30e"/>
      </symbol>
      <symbol id="sm-514">
         <name>DL_SPI_init</name>
         <value>0x69cd</value>
         <object_component_ref idref="oc-2ea"/>
      </symbol>
      <symbol id="sm-515">
         <name>DL_SPI_setClockConfig</name>
         <value>0x7db7</value>
         <object_component_ref idref="oc-2e4"/>
      </symbol>
      <symbol id="sm-535">
         <name>DL_Timer_setClockConfig</name>
         <value>0x779d</value>
         <object_component_ref idref="oc-2ac"/>
      </symbol>
      <symbol id="sm-536">
         <name>DL_Timer_initTimerMode</name>
         <value>0x3d85</value>
         <object_component_ref idref="oc-2bc"/>
      </symbol>
      <symbol id="sm-537">
         <name>DL_Timer_setCaptureCompareValue</name>
         <value>0x7e55</value>
         <object_component_ref idref="oc-24b"/>
      </symbol>
      <symbol id="sm-538">
         <name>DL_Timer_initCaptureMode</name>
         <value>0x33f9</value>
         <object_component_ref idref="oc-2b9"/>
      </symbol>
      <symbol id="sm-539">
         <name>DL_Timer_setCaptCompUpdateMethod</name>
         <value>0x7781</value>
         <object_component_ref idref="oc-2b0"/>
      </symbol>
      <symbol id="sm-53a">
         <name>DL_Timer_setCaptureCompareOutCtl</name>
         <value>0x7afd</value>
         <object_component_ref idref="oc-2af"/>
      </symbol>
      <symbol id="sm-53b">
         <name>DL_Timer_initFourCCPWMMode</name>
         <value>0x3b7d</value>
         <object_component_ref idref="oc-2ad"/>
      </symbol>
      <symbol id="sm-548">
         <name>DL_UART_init</name>
         <value>0x6751</value>
         <object_component_ref idref="oc-2d7"/>
      </symbol>
      <symbol id="sm-549">
         <name>DL_UART_setClockConfig</name>
         <value>0x7ddb</value>
         <object_component_ref idref="oc-2d1"/>
      </symbol>
      <symbol id="sm-55a">
         <name>DL_SYSCTL_configSYSPLL</name>
         <value>0x47e5</value>
         <object_component_ref idref="oc-29f"/>
      </symbol>
      <symbol id="sm-55b">
         <name>DL_SYSCTL_switchMCLKfromSYSOSCtoHSCLK</name>
         <value>0x6a11</value>
         <object_component_ref idref="oc-2a9"/>
      </symbol>
      <symbol id="sm-55c">
         <name>DL_SYSCTL_configFCC</name>
         <value>0x76f5</value>
         <object_component_ref idref="oc-35d"/>
      </symbol>
      <symbol id="sm-56a">
         <name>asinf</name>
         <value>0x2c5d</value>
         <object_component_ref idref="oc-326"/>
      </symbol>
      <symbol id="sm-578">
         <name>atan2f</name>
         <value>0x3631</value>
         <object_component_ref idref="oc-23d"/>
      </symbol>
      <symbol id="sm-58e">
         <name>atanf</name>
         <value>0x22a1</value>
         <object_component_ref idref="oc-31d"/>
      </symbol>
      <symbol id="sm-5ad">
         <name>cosf</name>
         <value>0x1f01</value>
         <object_component_ref idref="oc-26c"/>
      </symbol>
      <symbol id="sm-5cd">
         <name>sinf</name>
         <value>0x2469</value>
         <object_component_ref idref="oc-272"/>
      </symbol>
      <symbol id="sm-5e1">
         <name>__aeabi_errno_addr</name>
         <value>0x7f69</value>
         <object_component_ref idref="oc-378"/>
      </symbol>
      <symbol id="sm-5e2">
         <name>__aeabi_errno</name>
         <value>0x202012c4</value>
         <object_component_ref idref="oc-3ae"/>
      </symbol>
      <symbol id="sm-5fe">
         <name>__kernel_rem_pio2</name>
         <value>0xc1</value>
         <object_component_ref idref="oc-347"/>
      </symbol>
      <symbol id="sm-608">
         <name>abort</name>
         <value>0x7fd3</value>
         <object_component_ref idref="oc-172"/>
      </symbol>
      <symbol id="sm-61b">
         <name>_c_int00_noargs</name>
         <value>0x73e1</value>
         <object_component_ref idref="oc-61"/>
      </symbol>
      <symbol id="sm-61c">
         <name>__stack</name>
         <value>0x20207e00</value>
         <object_component_ref idref="oc-1a"/>
      </symbol>
      <symbol id="sm-62b">
         <name>__TI_auto_init_nobinit_nopinit</name>
         <value>0x6d8d</value>
         <object_component_ref idref="oc-179"/>
      </symbol>
      <symbol id="sm-633">
         <name>_system_pre_init</name>
         <value>0x8021</value>
         <object_component_ref idref="oc-ad"/>
      </symbol>
      <symbol id="sm-63e">
         <name>__TI_zero_init</name>
         <value>0x7ec5</value>
         <object_component_ref idref="oc-5e"/>
      </symbol>
      <symbol id="sm-647">
         <name>__TI_decompress_none</name>
         <value>0x7e11</value>
         <object_component_ref idref="oc-20"/>
      </symbol>
      <symbol id="sm-652">
         <name>__TI_decompress_lzss</name>
         <value>0x5a85</value>
         <object_component_ref idref="oc-1c"/>
      </symbol>
      <symbol id="sm-65c">
         <name>sqrt</name>
         <value>0x2989</value>
         <object_component_ref idref="oc-37e"/>
      </symbol>
      <symbol id="sm-65d">
         <name>sqrtl</name>
         <value>0x2989</value>
         <object_component_ref idref="oc-37e"/>
      </symbol>
      <symbol id="sm-667">
         <name>floor</name>
         <value>0x3051</value>
         <object_component_ref idref="oc-398"/>
      </symbol>
      <symbol id="sm-668">
         <name>floorl</name>
         <value>0x3051</value>
         <object_component_ref idref="oc-398"/>
      </symbol>
      <symbol id="sm-673">
         <name>scalbn</name>
         <value>0x499d</value>
         <object_component_ref idref="oc-394"/>
      </symbol>
      <symbol id="sm-674">
         <name>ldexp</name>
         <value>0x499d</value>
         <object_component_ref idref="oc-394"/>
      </symbol>
      <symbol id="sm-675">
         <name>scalbnl</name>
         <value>0x499d</value>
         <object_component_ref idref="oc-394"/>
      </symbol>
      <symbol id="sm-676">
         <name>ldexpl</name>
         <value>0x499d</value>
         <object_component_ref idref="oc-394"/>
      </symbol>
      <symbol id="sm-684">
         <name>HOSTexit</name>
         <value>0x7fdd</value>
         <object_component_ref idref="oc-209"/>
      </symbol>
      <symbol id="sm-685">
         <name>C$$EXIT</name>
         <value>0x7fdc</value>
         <object_component_ref idref="oc-209"/>
      </symbol>
      <symbol id="sm-69a">
         <name>__aeabi_fadd</name>
         <value>0x4a7f</value>
         <object_component_ref idref="oc-cc"/>
      </symbol>
      <symbol id="sm-69b">
         <name>__addsf3</name>
         <value>0x4a7f</value>
         <object_component_ref idref="oc-cc"/>
      </symbol>
      <symbol id="sm-69c">
         <name>__aeabi_fsub</name>
         <value>0x4a75</value>
         <object_component_ref idref="oc-cc"/>
      </symbol>
      <symbol id="sm-69d">
         <name>__subsf3</name>
         <value>0x4a75</value>
         <object_component_ref idref="oc-cc"/>
      </symbol>
      <symbol id="sm-6a6">
         <name>__aeabi_dadd</name>
         <value>0x27ff</value>
         <object_component_ref idref="oc-33e"/>
      </symbol>
      <symbol id="sm-6a7">
         <name>__adddf3</name>
         <value>0x27ff</value>
         <object_component_ref idref="oc-33e"/>
      </symbol>
      <symbol id="sm-6a8">
         <name>__aeabi_dsub</name>
         <value>0x27f5</value>
         <object_component_ref idref="oc-33e"/>
      </symbol>
      <symbol id="sm-6a9">
         <name>__subdf3</name>
         <value>0x27f5</value>
         <object_component_ref idref="oc-33e"/>
      </symbol>
      <symbol id="sm-6b2">
         <name>__aeabi_dmul</name>
         <value>0x461d</value>
         <object_component_ref idref="oc-f7"/>
      </symbol>
      <symbol id="sm-6b3">
         <name>__muldf3</name>
         <value>0x461d</value>
         <object_component_ref idref="oc-f7"/>
      </symbol>
      <symbol id="sm-6bc">
         <name>__muldsi3</name>
         <value>0x6e79</value>
         <object_component_ref idref="oc-19d"/>
      </symbol>
      <symbol id="sm-6c2">
         <name>__aeabi_fmul</name>
         <value>0x55f1</value>
         <object_component_ref idref="oc-c8"/>
      </symbol>
      <symbol id="sm-6c3">
         <name>__mulsf3</name>
         <value>0x55f1</value>
         <object_component_ref idref="oc-c8"/>
      </symbol>
      <symbol id="sm-6cc">
         <name>__aeabi_fdiv</name>
         <value>0x5809</value>
         <object_component_ref idref="oc-db"/>
      </symbol>
      <symbol id="sm-6cd">
         <name>__divsf3</name>
         <value>0x5809</value>
         <object_component_ref idref="oc-db"/>
      </symbol>
      <symbol id="sm-6d6">
         <name>__aeabi_f2d</name>
         <value>0x6c99</value>
         <object_component_ref idref="oc-f3"/>
      </symbol>
      <symbol id="sm-6d7">
         <name>__extendsfdf2</name>
         <value>0x6c99</value>
         <object_component_ref idref="oc-f3"/>
      </symbol>
      <symbol id="sm-6e0">
         <name>__aeabi_d2iz</name>
         <value>0x6705</value>
         <object_component_ref idref="oc-342"/>
      </symbol>
      <symbol id="sm-6e1">
         <name>__fixdfsi</name>
         <value>0x6705</value>
         <object_component_ref idref="oc-342"/>
      </symbol>
      <symbol id="sm-6e7">
         <name>__aeabi_f2iz</name>
         <value>0x6eed</value>
         <object_component_ref idref="oc-32c"/>
      </symbol>
      <symbol id="sm-6e8">
         <name>__fixsfsi</name>
         <value>0x6eed</value>
         <object_component_ref idref="oc-32c"/>
      </symbol>
      <symbol id="sm-6ee">
         <name>__aeabi_f2uiz</name>
         <value>0x7099</value>
         <object_component_ref idref="oc-244"/>
      </symbol>
      <symbol id="sm-6ef">
         <name>__fixunssfsi</name>
         <value>0x7099</value>
         <object_component_ref idref="oc-244"/>
      </symbol>
      <symbol id="sm-6f5">
         <name>__aeabi_i2d</name>
         <value>0x7249</value>
         <object_component_ref idref="oc-38f"/>
      </symbol>
      <symbol id="sm-6f6">
         <name>__floatsidf</name>
         <value>0x7249</value>
         <object_component_ref idref="oc-38f"/>
      </symbol>
      <symbol id="sm-6fc">
         <name>__aeabi_i2f</name>
         <value>0x6d15</value>
         <object_component_ref idref="oc-c4"/>
      </symbol>
      <symbol id="sm-6fd">
         <name>__floatsisf</name>
         <value>0x6d15</value>
         <object_component_ref idref="oc-c4"/>
      </symbol>
      <symbol id="sm-703">
         <name>__aeabi_ul2f</name>
         <value>0x6f91</value>
         <object_component_ref idref="oc-1bb"/>
      </symbol>
      <symbol id="sm-704">
         <name>__floatundisf</name>
         <value>0x6f91</value>
         <object_component_ref idref="oc-1bb"/>
      </symbol>
      <symbol id="sm-70a">
         <name>__aeabi_ui2d</name>
         <value>0x74c1</value>
         <object_component_ref idref="oc-361"/>
      </symbol>
      <symbol id="sm-70b">
         <name>__floatunsidf</name>
         <value>0x74c1</value>
         <object_component_ref idref="oc-361"/>
      </symbol>
      <symbol id="sm-711">
         <name>__aeabi_ui2f</name>
         <value>0x73b9</value>
         <object_component_ref idref="oc-d7"/>
      </symbol>
      <symbol id="sm-712">
         <name>__floatunsisf</name>
         <value>0x73b9</value>
         <object_component_ref idref="oc-d7"/>
      </symbol>
      <symbol id="sm-718">
         <name>__aeabi_lmul</name>
         <value>0x74e5</value>
         <object_component_ref idref="oc-1a7"/>
      </symbol>
      <symbol id="sm-719">
         <name>__muldi3</name>
         <value>0x74e5</value>
         <object_component_ref idref="oc-1a7"/>
      </symbol>
      <symbol id="sm-720">
         <name>__aeabi_d2f</name>
         <value>0x5b81</value>
         <object_component_ref idref="oc-fb"/>
      </symbol>
      <symbol id="sm-721">
         <name>__truncdfsf2</name>
         <value>0x5b81</value>
         <object_component_ref idref="oc-fb"/>
      </symbol>
      <symbol id="sm-727">
         <name>__aeabi_dcmpeq</name>
         <value>0x5fc1</value>
         <object_component_ref idref="oc-365"/>
      </symbol>
      <symbol id="sm-728">
         <name>__aeabi_dcmplt</name>
         <value>0x5fd5</value>
         <object_component_ref idref="oc-365"/>
      </symbol>
      <symbol id="sm-729">
         <name>__aeabi_dcmple</name>
         <value>0x5fe9</value>
         <object_component_ref idref="oc-365"/>
      </symbol>
      <symbol id="sm-72a">
         <name>__aeabi_dcmpge</name>
         <value>0x5ffd</value>
         <object_component_ref idref="oc-365"/>
      </symbol>
      <symbol id="sm-72b">
         <name>__aeabi_dcmpgt</name>
         <value>0x6011</value>
         <object_component_ref idref="oc-365"/>
      </symbol>
      <symbol id="sm-731">
         <name>__aeabi_fcmpeq</name>
         <value>0x6025</value>
         <object_component_ref idref="oc-105"/>
      </symbol>
      <symbol id="sm-732">
         <name>__aeabi_fcmplt</name>
         <value>0x6039</value>
         <object_component_ref idref="oc-105"/>
      </symbol>
      <symbol id="sm-733">
         <name>__aeabi_fcmple</name>
         <value>0x604d</value>
         <object_component_ref idref="oc-105"/>
      </symbol>
      <symbol id="sm-734">
         <name>__aeabi_fcmpge</name>
         <value>0x6061</value>
         <object_component_ref idref="oc-105"/>
      </symbol>
      <symbol id="sm-735">
         <name>__aeabi_fcmpgt</name>
         <value>0x6075</value>
         <object_component_ref idref="oc-105"/>
      </symbol>
      <symbol id="sm-73b">
         <name>__aeabi_idiv</name>
         <value>0x630d</value>
         <object_component_ref idref="oc-38b"/>
      </symbol>
      <symbol id="sm-73c">
         <name>__aeabi_idivmod</name>
         <value>0x630d</value>
         <object_component_ref idref="oc-38b"/>
      </symbol>
      <symbol id="sm-742">
         <name>__aeabi_memcpy</name>
         <value>0x7f71</value>
         <object_component_ref idref="oc-51"/>
      </symbol>
      <symbol id="sm-743">
         <name>__aeabi_memcpy4</name>
         <value>0x7f71</value>
         <object_component_ref idref="oc-51"/>
      </symbol>
      <symbol id="sm-744">
         <name>__aeabi_memcpy8</name>
         <value>0x7f71</value>
         <object_component_ref idref="oc-51"/>
      </symbol>
      <symbol id="sm-74b">
         <name>__aeabi_memclr</name>
         <value>0x7f15</value>
         <object_component_ref idref="oc-a8"/>
      </symbol>
      <symbol id="sm-74c">
         <name>__aeabi_memclr4</name>
         <value>0x7f15</value>
         <object_component_ref idref="oc-a8"/>
      </symbol>
      <symbol id="sm-74d">
         <name>__aeabi_memclr8</name>
         <value>0x7f15</value>
         <object_component_ref idref="oc-a8"/>
      </symbol>
      <symbol id="sm-753">
         <name>__aeabi_uidiv</name>
         <value>0x6c59</value>
         <object_component_ref idref="oc-1a3"/>
      </symbol>
      <symbol id="sm-754">
         <name>__aeabi_uidivmod</name>
         <value>0x6c59</value>
         <object_component_ref idref="oc-1a3"/>
      </symbol>
      <symbol id="sm-75d">
         <name>__eqsf2</name>
         <value>0x6e3d</value>
         <object_component_ref idref="oc-1b2"/>
      </symbol>
      <symbol id="sm-75e">
         <name>__lesf2</name>
         <value>0x6e3d</value>
         <object_component_ref idref="oc-1b2"/>
      </symbol>
      <symbol id="sm-75f">
         <name>__ltsf2</name>
         <value>0x6e3d</value>
         <object_component_ref idref="oc-1b2"/>
      </symbol>
      <symbol id="sm-760">
         <name>__nesf2</name>
         <value>0x6e3d</value>
         <object_component_ref idref="oc-1b2"/>
      </symbol>
      <symbol id="sm-761">
         <name>__cmpsf2</name>
         <value>0x6e3d</value>
         <object_component_ref idref="oc-1b2"/>
      </symbol>
      <symbol id="sm-762">
         <name>__gtsf2</name>
         <value>0x6d51</value>
         <object_component_ref idref="oc-1b7"/>
      </symbol>
      <symbol id="sm-763">
         <name>__gesf2</name>
         <value>0x6d51</value>
         <object_component_ref idref="oc-1b7"/>
      </symbol>
      <symbol id="sm-771">
         <name>__ledf2</name>
         <value>0x5ef1</value>
         <object_component_ref idref="oc-3a6"/>
      </symbol>
      <symbol id="sm-772">
         <name>__gedf2</name>
         <value>0x5b01</value>
         <object_component_ref idref="oc-3ac"/>
      </symbol>
      <symbol id="sm-773">
         <name>__cmpdf2</name>
         <value>0x5ef1</value>
         <object_component_ref idref="oc-3a6"/>
      </symbol>
      <symbol id="sm-774">
         <name>__eqdf2</name>
         <value>0x5ef1</value>
         <object_component_ref idref="oc-3a6"/>
      </symbol>
      <symbol id="sm-775">
         <name>__ltdf2</name>
         <value>0x5ef1</value>
         <object_component_ref idref="oc-3a6"/>
      </symbol>
      <symbol id="sm-776">
         <name>__nedf2</name>
         <value>0x5ef1</value>
         <object_component_ref idref="oc-3a6"/>
      </symbol>
      <symbol id="sm-777">
         <name>__gtdf2</name>
         <value>0x5b01</value>
         <object_component_ref idref="oc-3ac"/>
      </symbol>
      <symbol id="sm-781">
         <name>__aeabi_idiv0</name>
         <value>0x2987</value>
         <object_component_ref idref="oc-234"/>
      </symbol>
      <symbol id="sm-78b">
         <name>TI_memcpy_small</name>
         <value>0x7dff</value>
         <object_component_ref idref="oc-161"/>
      </symbol>
      <symbol id="sm-794">
         <name>TI_memset_small</name>
         <value>0x7ed5</value>
         <object_component_ref idref="oc-1ea"/>
      </symbol>
      <symbol id="sm-795">
         <name>__TI_static_base__</name>
         <value>0x0</value>
      </symbol>
      <symbol id="sm-799">
         <name>__mpu_init</name>
         <value>0x0</value>
      </symbol>
      <symbol id="sm-79a">
         <name>_system_post_cinit</name>
         <value>0x0</value>
      </symbol>
   </symbol_table>
   <title>Link successful</title>
</link_info>
